Archive member included to satisfy reference by file (symbol)

/opt/Atollic_TrueSTUDIO_for_STM32_x86_64_9.3.0/ARMTools/bin/../lib/gcc/arm-atollic-eabi/6.3.1/../../../../arm-atollic-eabi/lib/armv7e-m/fpu/libc_nano.a(lib_a-errno.o)
                              Src/syscalls.o (__errno)
/opt/Atollic_TrueSTUDIO_for_STM32_x86_64_9.3.0/ARMTools/bin/../lib/gcc/arm-atollic-eabi/6.3.1/../../../../arm-atollic-eabi/lib/armv7e-m/fpu/libc_nano.a(lib_a-impure.o)
                              /opt/Atollic_TrueSTUDIO_for_STM32_x86_64_9.3.0/ARMTools/bin/../lib/gcc/arm-atollic-eabi/6.3.1/../../../../arm-atollic-eabi/lib/armv7e-m/fpu/libc_nano.a(lib_a-errno.o) (_impure_ptr)
/opt/Atollic_TrueSTUDIO_for_STM32_x86_64_9.3.0/ARMTools/bin/../lib/gcc/arm-atollic-eabi/6.3.1/../../../../arm-atollic-eabi/lib/armv7e-m/fpu/libc_nano.a(lib_a-init.o)
                              startup/startup_stm32f429xx.o (__libc_init_array)
/opt/Atollic_TrueSTUDIO_for_STM32_x86_64_9.3.0/ARMTools/bin/../lib/gcc/arm-atollic-eabi/6.3.1/../../../../arm-atollic-eabi/lib/armv7e-m/fpu/libc_nano.a(lib_a-malloc.o)
                              Middlewares/ST/STM32_USB_Host_Library/Class/CDC/Src/usbh_cdc.o (malloc)
/opt/Atollic_TrueSTUDIO_for_STM32_x86_64_9.3.0/ARMTools/bin/../lib/gcc/arm-atollic-eabi/6.3.1/../../../../arm-atollic-eabi/lib/armv7e-m/fpu/libc_nano.a(lib_a-memset.o)
                              Src/ltdc.o (memset)
/opt/Atollic_TrueSTUDIO_for_STM32_x86_64_9.3.0/ARMTools/bin/../lib/gcc/arm-atollic-eabi/6.3.1/../../../../arm-atollic-eabi/lib/armv7e-m/fpu/libc_nano.a(lib_a-nano-freer.o)
                              /opt/Atollic_TrueSTUDIO_for_STM32_x86_64_9.3.0/ARMTools/bin/../lib/gcc/arm-atollic-eabi/6.3.1/../../../../arm-atollic-eabi/lib/armv7e-m/fpu/libc_nano.a(lib_a-malloc.o) (_free_r)
/opt/Atollic_TrueSTUDIO_for_STM32_x86_64_9.3.0/ARMTools/bin/../lib/gcc/arm-atollic-eabi/6.3.1/../../../../arm-atollic-eabi/lib/armv7e-m/fpu/libc_nano.a(lib_a-nano-mallocr.o)
                              /opt/Atollic_TrueSTUDIO_for_STM32_x86_64_9.3.0/ARMTools/bin/../lib/gcc/arm-atollic-eabi/6.3.1/../../../../arm-atollic-eabi/lib/armv7e-m/fpu/libc_nano.a(lib_a-malloc.o) (_malloc_r)
/opt/Atollic_TrueSTUDIO_for_STM32_x86_64_9.3.0/ARMTools/bin/../lib/gcc/arm-atollic-eabi/6.3.1/../../../../arm-atollic-eabi/lib/armv7e-m/fpu/libc_nano.a(lib_a-sbrkr.o)
                              /opt/Atollic_TrueSTUDIO_for_STM32_x86_64_9.3.0/ARMTools/bin/../lib/gcc/arm-atollic-eabi/6.3.1/../../../../arm-atollic-eabi/lib/armv7e-m/fpu/libc_nano.a(lib_a-nano-mallocr.o) (_sbrk_r)
/opt/Atollic_TrueSTUDIO_for_STM32_x86_64_9.3.0/ARMTools/bin/../lib/gcc/arm-atollic-eabi/6.3.1/../../../../arm-atollic-eabi/lib/armv7e-m/fpu/libc_nano.a(lib_a-mlock.o)
                              /opt/Atollic_TrueSTUDIO_for_STM32_x86_64_9.3.0/ARMTools/bin/../lib/gcc/arm-atollic-eabi/6.3.1/../../../../arm-atollic-eabi/lib/armv7e-m/fpu/libc_nano.a(lib_a-nano-freer.o) (__malloc_lock)
/opt/Atollic_TrueSTUDIO_for_STM32_x86_64_9.3.0/ARMTools/bin/../lib/gcc/arm-atollic-eabi/6.3.1/../../../../arm-atollic-eabi/lib/armv7e-m/fpu/libc_nano.a(lib_a-reent.o)
                              /opt/Atollic_TrueSTUDIO_for_STM32_x86_64_9.3.0/ARMTools/bin/../lib/gcc/arm-atollic-eabi/6.3.1/../../../../arm-atollic-eabi/lib/armv7e-m/fpu/libc_nano.a(lib_a-sbrkr.o) (errno)
/opt/Atollic_TrueSTUDIO_for_STM32_x86_64_9.3.0/ARMTools/bin/../lib/gcc/arm-atollic-eabi/6.3.1/armv7e-m/fpu/libgcc.a(_aeabi_uldivmod.o)
                              Drivers/STM32F4xx_HAL_Driver/Src/stm32f4xx_hal_rcc.o (__aeabi_uldivmod)
/opt/Atollic_TrueSTUDIO_for_STM32_x86_64_9.3.0/ARMTools/bin/../lib/gcc/arm-atollic-eabi/6.3.1/armv7e-m/fpu/libgcc.a(_udivmoddi4.o)
                              /opt/Atollic_TrueSTUDIO_for_STM32_x86_64_9.3.0/ARMTools/bin/../lib/gcc/arm-atollic-eabi/6.3.1/armv7e-m/fpu/libgcc.a(_aeabi_uldivmod.o) (__udivmoddi4)
/opt/Atollic_TrueSTUDIO_for_STM32_x86_64_9.3.0/ARMTools/bin/../lib/gcc/arm-atollic-eabi/6.3.1/armv7e-m/fpu/libgcc.a(_dvmd_tls.o)
                              /opt/Atollic_TrueSTUDIO_for_STM32_x86_64_9.3.0/ARMTools/bin/../lib/gcc/arm-atollic-eabi/6.3.1/armv7e-m/fpu/libgcc.a(_aeabi_uldivmod.o) (__aeabi_ldiv0)

Allocating common symbols
Common symbol       size              file

hi2c3               0x54              Src/i2c.o
_100_msec           0x1               Src/main.o
hspi5               0x58              Src/spi.o
errno               0x4               /opt/Atollic_TrueSTUDIO_for_STM32_x86_64_9.3.0/ARMTools/bin/../lib/gcc/arm-atollic-eabi/6.3.1/../../../../arm-atollic-eabi/lib/armv7e-m/fpu/libc_nano.a(lib_a-reent.o)
hcrc                0x8               Src/crc.o
LtdcHandler         0xa8              Drivers/BSP/STM32F429I-Discovery/stm32f429i_discovery_lcd.o
_1_sec              0x1               Src/main.o
uwTick              0x4               Drivers/STM32F4xx_HAL_Driver/Src/stm32f4xx_hal.o
pFlash              0x20              Drivers/STM32F4xx_HAL_Driver/Src/stm32f4xx_hal_flash.o
[...]
Memory Configuration

Name             Origin             Length             Attributes
RAM              0x0000000020000000 0x0000000000030000 xrw
CCMRAM           0x0000000010000000 0x0000000000010000 rw
FLASH            0x0000000008000000 0x0000000000200000 xr
*default*        0x0000000000000000 0xffffffffffffffff

Linker script and memory map

LOAD /opt/Atollic_TrueSTUDIO_for_STM32_x86_64_9.3.0/ARMTools/bin/../lib/gcc/arm-atollic-eabi/6.3.1/armv7e-m/fpu/crti.o
LOAD /opt/Atollic_TrueSTUDIO_for_STM32_x86_64_9.3.0/ARMTools/bin/../lib/gcc/arm-atollic-eabi/6.3.1/armv7e-m/fpu/crtbegin.o
LOAD Drivers/BSP/Components/cs43l22/cs43l22.o
LOAD Drivers/BSP/Components/exc7200/exc7200.o
LOAD Drivers/BSP/Components/ft6x06/ft6x06.o
LOAD Drivers/BSP/Components/ili9325/ili9325.o
LOAD Drivers/BSP/Components/ili9341/ili9341.o
LOAD Drivers/BSP/Components/l3gd20/l3gd20.o
LOAD Drivers/BSP/Components/lis302dl/lis302dl.o
LOAD Drivers/BSP/Components/lis3dsh/lis3dsh.o
LOAD Drivers/BSP/Components/ls016b8uy/ls016b8uy.o
LOAD Drivers/BSP/Components/lsm303dlhc/lsm303dlhc.o
LOAD Drivers/BSP/Components/mfxstm32l152/mfxstm32l152.o
LOAD Drivers/BSP/Components/otm8009a/otm8009a.o
LOAD Drivers/BSP/Components/ov2640/ov2640.o
LOAD Drivers/BSP/Components/s5k5cag/s5k5cag.o
LOAD Drivers/BSP/Components/st7735/st7735.o
LOAD Drivers/BSP/Components/st7789h2/st7789h2.o
LOAD Drivers/BSP/Components/stmpe1600/stmpe1600.o
LOAD Drivers/BSP/Components/stmpe811/stmpe811.o
LOAD Drivers/BSP/Components/ts3510/ts3510.o
LOAD Drivers/BSP/Components/wm8994/wm8994.o
LOAD Drivers/BSP/STM32F429I-Discovery/stm32f429i_discovery.o
LOAD Drivers/BSP/STM32F429I-Discovery/stm32f429i_discovery_eeprom.o
LOAD Drivers/BSP/STM32F429I-Discovery/stm32f429i_discovery_gyroscope.o
LOAD Drivers/BSP/STM32F429I-Discovery/stm32f429i_discovery_io.o
LOAD Drivers/BSP/STM32F429I-Discovery/stm32f429i_discovery_lcd.o
LOAD Drivers/BSP/STM32F429I-Discovery/stm32f429i_discovery_sdram.o
LOAD Drivers/BSP/STM32F429I-Discovery/stm32f429i_discovery_ts.o
LOAD Drivers/STM32F4xx_HAL_Driver/Src/stm32f4xx_hal.o
LOAD Drivers/STM32F4xx_HAL_Driver/Src/stm32f4xx_hal_cortex.o
LOAD Drivers/STM32F4xx_HAL_Driver/Src/stm32f4xx_hal_crc.o
LOAD Drivers/STM32F4xx_HAL_Driver/Src/stm32f4xx_hal_dma.o
LOAD Drivers/STM32F4xx_HAL_Driver/Src/stm32f4xx_hal_dma2d.o
LOAD Drivers/STM32F4xx_HAL_Driver/Src/stm32f4xx_hal_dma_ex.o
LOAD Drivers/STM32F4xx_HAL_Driver/Src/stm32f4xx_hal_dsi.o
LOAD Drivers/STM32F4xx_HAL_Driver/Src/stm32f4xx_hal_exti.o
LOAD Drivers/STM32F4xx_HAL_Driver/Src/stm32f4xx_hal_flash.o
LOAD Drivers/STM32F4xx_HAL_Driver/Src/stm32f4xx_hal_flash_ex.o
LOAD Drivers/STM32F4xx_HAL_Driver/Src/stm32f4xx_hal_flash_ramfunc.o
LOAD Drivers/STM32F4xx_HAL_Driver/Src/stm32f4xx_hal_gpio.o
LOAD Drivers/STM32F4xx_HAL_Driver/Src/stm32f4xx_hal_hcd.o
LOAD Drivers/STM32F4xx_HAL_Driver/Src/stm32f4xx_hal_i2c.o
LOAD Drivers/STM32F4xx_HAL_Driver/Src/stm32f4xx_hal_i2c_ex.o
LOAD Drivers/STM32F4xx_HAL_Driver/Src/stm32f4xx_hal_ltdc.o
LOAD Drivers/STM32F4xx_HAL_Driver/Src/stm32f4xx_hal_ltdc_ex.o
LOAD Drivers/STM32F4xx_HAL_Driver/Src/stm32f4xx_hal_pwr.o
LOAD Drivers/STM32F4xx_HAL_Driver/Src/stm32f4xx_hal_pwr_ex.o
LOAD Drivers/STM32F4xx_HAL_Driver/Src/stm32f4xx_hal_rcc.o
LOAD Drivers/STM32F4xx_HAL_Driver/Src/stm32f4xx_hal_rcc_ex.o
LOAD Drivers/STM32F4xx_HAL_Driver/Src/stm32f4xx_hal_sdram.o
LOAD Drivers/STM32F4xx_HAL_Driver/Src/stm32f4xx_hal_spi.o
LOAD Drivers/STM32F4xx_HAL_Driver/Src/stm32f4xx_hal_tim.o
LOAD Drivers/STM32F4xx_HAL_Driver/Src/stm32f4xx_hal_tim_ex.o
LOAD Drivers/STM32F4xx_HAL_Driver/Src/stm32f4xx_hal_uart.o
LOAD Drivers/STM32F4xx_HAL_Driver/Src/stm32f4xx_ll_fmc.o
LOAD Drivers/STM32F4xx_HAL_Driver/Src/stm32f4xx_ll_usb.o
LOAD Middlewares/ST/STM32_USB_Host_Library/Class/CDC/Src/usbh_cdc.o
LOAD Middlewares/ST/STM32_USB_Host_Library/Core/Src/usbh_core.o
LOAD Middlewares/ST/STM32_USB_Host_Library/Core/Src/usbh_ctlreq.o
LOAD Middlewares/ST/STM32_USB_Host_Library/Core/Src/usbh_ioreq.o
LOAD Middlewares/ST/STM32_USB_Host_Library/Core/Src/usbh_pipes.o
LOAD Src/crc.o
LOAD Src/dma2d.o
LOAD Src/fmc.o
LOAD Src/gpio.o
LOAD Src/i2c.o
LOAD Src/ltdc.o
LOAD Src/main.o
LOAD Src/spi.o
LOAD Src/stm32f4xx_hal_msp.o
LOAD Src/stm32f4xx_hal_timebase_tim.o
LOAD Src/stm32f4xx_it.o
LOAD Src/syscalls.o
LOAD Src/system_stm32f4xx.o
LOAD Src/tim.o
LOAD Src/usart.o
LOAD Src/usb_host.o
LOAD Src/usbh_conf.o
LOAD Src/usbh_platform.o
LOAD startup/startup_stm32f429xx.o
                0x0000000000000080                malloc_getpagesize_P = 0x80
START GROUP
LOAD /opt/Atollic_TrueSTUDIO_for_STM32_x86_64_9.3.0/ARMTools/bin/../lib/gcc/arm-atollic-eabi/6.3.1/../../../../arm-atollic-eabi/lib/armv7e-m/fpu/libc_nano.a
LOAD /opt/Atollic_TrueSTUDIO_for_STM32_x86_64_9.3.0/ARMTools/bin/../lib/gcc/arm-atollic-eabi/6.3.1/../../../../arm-atollic-eabi/lib/armv7e-m/fpu/libm.a
END GROUP
START GROUP
LOAD /opt/Atollic_TrueSTUDIO_for_STM32_x86_64_9.3.0/ARMTools/bin/../lib/gcc/arm-atollic-eabi/6.3.1/armv7e-m/fpu/libgcc.a
LOAD /opt/Atollic_TrueSTUDIO_for_STM32_x86_64_9.3.0/ARMTools/bin/../lib/gcc/arm-atollic-eabi/6.3.1/../../../../arm-atollic-eabi/lib/armv7e-m/fpu/libc_nano.a
END GROUP
START GROUP
LOAD /opt/Atollic_TrueSTUDIO_for_STM32_x86_64_9.3.0/ARMTools/bin/../lib/gcc/arm-atollic-eabi/6.3.1/armv7e-m/fpu/libgcc.a
LOAD /opt/Atollic_TrueSTUDIO_for_STM32_x86_64_9.3.0/ARMTools/bin/../lib/gcc/arm-atollic-eabi/6.3.1/../../../../arm-atollic-eabi/lib/armv7e-m/fpu/libc_nano.a
LOAD /opt/Atollic_TrueSTUDIO_for_STM32_x86_64_9.3.0/ARMTools/bin/../lib/gcc/arm-atollic-eabi/6.3.1/../../../../arm-atollic-eabi/lib/armv7e-m/fpu/libnosys.a
END GROUP
START GROUP
LOAD /opt/Atollic_TrueSTUDIO_for_STM32_x86_64_9.3.0/ARMTools/bin/../lib/gcc/arm-atollic-eabi/6.3.1/armv7e-m/fpu/libgcc.a
LOAD /opt/Atollic_TrueSTUDIO_for_STM32_x86_64_9.3.0/ARMTools/bin/../lib/gcc/arm-atollic-eabi/6.3.1/../../../../arm-atollic-eabi/lib/armv7e-m/fpu/libc_nano.a
LOAD /opt/Atollic_TrueSTUDIO_for_STM32_x86_64_9.3.0/ARMTools/bin/../lib/gcc/arm-atollic-eabi/6.3.1/../../../../arm-atollic-eabi/lib/armv7e-m/fpu/libnosys.a
END GROUP
LOAD /opt/Atollic_TrueSTUDIO_for_STM32_x86_64_9.3.0/ARMTools/bin/../lib/gcc/arm-atollic-eabi/6.3.1/armv7e-m/fpu/crtend.o
LOAD /opt/Atollic_TrueSTUDIO_for_STM32_x86_64_9.3.0/ARMTools/bin/../lib/gcc/arm-atollic-eabi/6.3.1/armv7e-m/fpu/crtn.o
                0x0000000020030000                _estack = 0x20030000
                0x0000000000000200                _Min_Heap_Size = 0x200
                0x0000000000000400                _Min_Stack_Size = 0x400

.isr_vector     0x0000000008000000      0x1ac
                0x0000000008000000                . = ALIGN (0x4)
 *(.isr_vector)
 .isr_vector    0x0000000008000000      0x1ac startup/startup_stm32f429xx.o
                0x0000000008000000                g_pfnVectors
                0x00000000080001ac                . = ALIGN (0x4)

.text           0x00000000080001ac     0x9d48
                0x00000000080001ac                . = ALIGN (0x4)
 *(.text)
 .text          0x00000000080001ac       0x40 /opt/Atollic_TrueSTUDIO_for_STM32_x86_64_9.3.0/ARMTools/bin/../lib/gcc/arm-atollic-eabi/6.3.1/armv7e-m/fpu/crtbegin.o
 .text          0x00000000080001ec       0x30 /opt/Atollic_TrueSTUDIO_for_STM32_x86_64_9.3.0/ARMTools/bin/../lib/gcc/arm-atollic-eabi/6.3.1/armv7e-m/fpu/libgcc.a(_aeabi_uldivmod.o)
                0x00000000080001ec                __aeabi_uldivmod
 .text          0x000000000800021c      0x2dc /opt/Atollic_TrueSTUDIO_for_STM32_x86_64_9.3.0/ARMTools/bin/../lib/gcc/arm-atollic-eabi/6.3.1/armv7e-m/fpu/libgcc.a(_udivmoddi4.o)
                0x000000000800021c                __udivmoddi4
 .text          0x00000000080004f8        0x4 /opt/Atollic_TrueSTUDIO_for_STM32_x86_64_9.3.0/ARMTools/bin/../lib/gcc/arm-atollic-eabi/6.3.1/armv7e-m/fpu/libgcc.a(_dvmd_tls.o)
                0x00000000080004f8                __aeabi_ldiv0
                0x00000000080004f8                __aeabi_idiv0
 *(.text*)
 .text.ili9341_Init
                0x00000000080004fc      0x294 Drivers/BSP/Components/ili9341/ili9341.o
                0x00000000080004fc                ili9341_Init
 .text.ili9341_ReadID
                0x0000000008000790       0x18 Drivers/BSP/Components/ili9341/ili9341.o
                0x0000000008000790                ili9341_ReadID
 .text.ili9341_DisplayOn
                0x00000000080007a8        0xe Drivers/BSP/Components/ili9341/ili9341.o
                0x00000000080007a8                ili9341_DisplayOn
 .text.ili9341_DisplayOff
                0x00000000080007b6        0xe Drivers/BSP/Components/ili9341/ili9341.o
                0x00000000080007b6                ili9341_DisplayOff
 .text.ili9341_WriteReg
                0x00000000080007c4       0x1a Drivers/BSP/Components/ili9341/ili9341.o
                0x00000000080007c4                ili9341_WriteReg
 .text.ili9341_WriteData
                0x00000000080007de       0x1a Drivers/BSP/Components/ili9341/ili9341.o
                0x00000000080007de                ili9341_WriteData
 .text.ili9341_ReadData
                0x00000000080007f8       0x26 Drivers/BSP/Components/ili9341/ili9341.o
                0x00000000080007f8                ili9341_ReadData
 .text.ili9341_GetLcdPixelWidth
                0x000000000800081e       0x10 Drivers/BSP/Components/ili9341/ili9341.o
                0x000000000800081e                ili9341_GetLcdPixelWidth
 .text.ili9341_GetLcdPixelHeight
                0x000000000800082e       0x12 Drivers/BSP/Components/ili9341/ili9341.o
                0x000000000800082e                ili9341_GetLcdPixelHeight
 .text.stmpe811_Init
                0x0000000008000840       0x50 Drivers/BSP/Components/stmpe811/stmpe811.o
                0x0000000008000840                stmpe811_Init
 .text.stmpe811_Reset
                0x0000000008000890       0x3a Drivers/BSP/Components/stmpe811/stmpe811.o
                0x0000000008000890                stmpe811_Reset
 .text.stmpe811_ReadID
                0x00000000080008ca       0x3e Drivers/BSP/Components/stmpe811/stmpe811.o
                0x00000000080008ca                stmpe811_ReadID
 .text.stmpe811_EnableGlobalIT
                0x0000000008000908       0x3c Drivers/BSP/Components/stmpe811/stmpe811.o
                0x0000000008000908                stmpe811_EnableGlobalIT
 .text.stmpe811_DisableGlobalIT
                0x0000000008000944       0x3c Drivers/BSP/Components/stmpe811/stmpe811.o
                0x0000000008000944                stmpe811_DisableGlobalIT
 .text.stmpe811_EnableITSource
                0x0000000008000980       0x42 Drivers/BSP/Components/stmpe811/stmpe811.o
                0x0000000008000980                stmpe811_EnableITSource
 .text.stmpe811_DisableITSource
                0x00000000080009c2       0x4c Drivers/BSP/Components/stmpe811/stmpe811.o
                0x00000000080009c2                stmpe811_DisableITSource
 .text.stmpe811_ReadGITStatus
                0x0000000008000a0e       0x2e Drivers/BSP/Components/stmpe811/stmpe811.o
                0x0000000008000a0e                stmpe811_ReadGITStatus
 .text.stmpe811_ClearGlobalIT
                0x0000000008000a3c       0x26 Drivers/BSP/Components/stmpe811/stmpe811.o
                0x0000000008000a3c                stmpe811_ClearGlobalIT
 .text.stmpe811_IO_EnableAF
                0x0000000008000a62       0x48 Drivers/BSP/Components/stmpe811/stmpe811.o
                0x0000000008000a62                stmpe811_IO_EnableAF
 .text.stmpe811_TS_Start
                0x0000000008000aaa       0xf0 Drivers/BSP/Components/stmpe811/stmpe811.o
                0x0000000008000aaa                stmpe811_TS_Start
 .text.stmpe811_TS_DetectTouch
                0x0000000008000b9a       0x70 Drivers/BSP/Components/stmpe811/stmpe811.o
                0x0000000008000b9a                stmpe811_TS_DetectTouch
 .text.stmpe811_TS_GetXY
                0x0000000008000c0a       0x72 Drivers/BSP/Components/stmpe811/stmpe811.o
                0x0000000008000c0a                stmpe811_TS_GetXY
 .text.stmpe811_TS_EnableIT
                0x0000000008000c7c       0x28 Drivers/BSP/Components/stmpe811/stmpe811.o
                0x0000000008000c7c                stmpe811_TS_EnableIT
 .text.stmpe811_TS_DisableIT
                0x0000000008000ca4       0x24 Drivers/BSP/Components/stmpe811/stmpe811.o
                0x0000000008000ca4                stmpe811_TS_DisableIT
 .text.stmpe811_TS_ITStatus
                0x0000000008000cc8       0x1e Drivers/BSP/Components/stmpe811/stmpe811.o
                0x0000000008000cc8                stmpe811_TS_ITStatus
 .text.stmpe811_TS_ClearIT
                0x0000000008000ce6       0x1c Drivers/BSP/Components/stmpe811/stmpe811.o
                0x0000000008000ce6                stmpe811_TS_ClearIT
 *fill*         0x0000000008000d02        0x2 
 .text.stmpe811_GetInstance
                0x0000000008000d04       0x44 Drivers/BSP/Components/stmpe811/stmpe811.o
 .text.I2Cx_MspInit
                0x0000000008000d48       0xec Drivers/BSP/STM32F429I-Discovery/stm32f429i_discovery.o
 .text.I2Cx_Init
                0x0000000008000e34       0x64 Drivers/BSP/STM32F429I-Discovery/stm32f429i_discovery.o
 .text.I2Cx_ITConfig
                0x0000000008000e98       0x64 Drivers/BSP/STM32F429I-Discovery/stm32f429i_discovery.o
 .text.I2Cx_WriteData
                0x0000000008000efc       0x54 Drivers/BSP/STM32F429I-Discovery/stm32f429i_discovery.o
 .text.I2Cx_ReadData
                0x0000000008000f50       0x58 Drivers/BSP/STM32F429I-Discovery/stm32f429i_discovery.o
 .text.I2Cx_ReadBuffer
                0x0000000008000fa8       0x5c Drivers/BSP/STM32F429I-Discovery/stm32f429i_discovery.o
 .text.I2Cx_Error
                0x0000000008001004       0x18 Drivers/BSP/STM32F429I-Discovery/stm32f429i_discovery.o
 .text.SPIx_Init
                0x000000000800101c       0x74 Drivers/BSP/STM32F429I-Discovery/stm32f429i_discovery.o
 .text.SPIx_Read
                0x0000000008001090       0x40 Drivers/BSP/STM32F429I-Discovery/stm32f429i_discovery.o
 .text.SPIx_Write
                0x00000000080010d0       0x3c Drivers/BSP/STM32F429I-Discovery/stm32f429i_discovery.o
 .text.SPIx_Error
                0x000000000800110c       0x18 Drivers/BSP/STM32F429I-Discovery/stm32f429i_discovery.o
 .text.SPIx_MspInit
                0x0000000008001124       0x74 Drivers/BSP/STM32F429I-Discovery/stm32f429i_discovery.o
 .text.LCD_IO_Init
                0x0000000008001198       0xf0 Drivers/BSP/STM32F429I-Discovery/stm32f429i_discovery.o
                0x0000000008001198                LCD_IO_Init
 .text.LCD_IO_WriteData
                0x0000000008001288       0x44 Drivers/BSP/STM32F429I-Discovery/stm32f429i_discovery.o
                0x0000000008001288                LCD_IO_WriteData
 .text.LCD_IO_WriteReg
                0x00000000080012cc       0x44 Drivers/BSP/STM32F429I-Discovery/stm32f429i_discovery.o
                0x00000000080012cc                LCD_IO_WriteReg
 .text.LCD_IO_ReadData
                0x0000000008001310       0x64 Drivers/BSP/STM32F429I-Discovery/stm32f429i_discovery.o
                0x0000000008001310                LCD_IO_ReadData
 .text.LCD_Delay
                0x0000000008001374       0x16 Drivers/BSP/STM32F429I-Discovery/stm32f429i_discovery.o
                0x0000000008001374                LCD_Delay
 .text.IOE_Init
                0x000000000800138a        0xc Drivers/BSP/STM32F429I-Discovery/stm32f429i_discovery.o
                0x000000000800138a                IOE_Init
 .text.IOE_ITConfig
                0x0000000008001396        0xc Drivers/BSP/STM32F429I-Discovery/stm32f429i_discovery.o
                0x0000000008001396                IOE_ITConfig
 .text.IOE_Write
                0x00000000080013a2       0x26 Drivers/BSP/STM32F429I-Discovery/stm32f429i_discovery.o
                0x00000000080013a2                IOE_Write
 .text.IOE_Read
                0x00000000080013c8       0x26 Drivers/BSP/STM32F429I-Discovery/stm32f429i_discovery.o
                0x00000000080013c8                IOE_Read
 .text.IOE_ReadMultiple
                0x00000000080013ee       0x2e Drivers/BSP/STM32F429I-Discovery/stm32f429i_discovery.o
                0x00000000080013ee                IOE_ReadMultiple
 .text.IOE_Delay
                0x000000000800141c       0x16 Drivers/BSP/STM32F429I-Discovery/stm32f429i_discovery.o
                0x000000000800141c                IOE_Delay
 *fill*         0x0000000008001432        0x2 
 .text.BSP_LCD_Init
                0x0000000008001434       0xd4 Drivers/BSP/STM32F429I-Discovery/stm32f429i_discovery_lcd.o
                0x0000000008001434                BSP_LCD_Init
 .text.BSP_LCD_GetXSize
                0x0000000008001508       0x18 Drivers/BSP/STM32F429I-Discovery/stm32f429i_discovery_lcd.o
                0x0000000008001508                BSP_LCD_GetXSize
 .text.BSP_LCD_GetYSize
                0x0000000008001520       0x18 Drivers/BSP/STM32F429I-Discovery/stm32f429i_discovery_lcd.o
                0x0000000008001520                BSP_LCD_GetYSize
 .text.BSP_LCD_LayerDefaultInit
                0x0000000008001538       0xc8 Drivers/BSP/STM32F429I-Discovery/stm32f429i_discovery_lcd.o
                0x0000000008001538                BSP_LCD_LayerDefaultInit
 .text.BSP_LCD_SelectLayer
                0x0000000008001600       0x20 Drivers/BSP/STM32F429I-Discovery/stm32f429i_discovery_lcd.o
                0x0000000008001600                BSP_LCD_SelectLayer
 .text.BSP_LCD_SetTextColor
                0x0000000008001620       0x30 Drivers/BSP/STM32F429I-Discovery/stm32f429i_discovery_lcd.o
                0x0000000008001620                BSP_LCD_SetTextColor
 .text.BSP_LCD_SetBackColor
                0x0000000008001650       0x34 Drivers/BSP/STM32F429I-Discovery/stm32f429i_discovery_lcd.o
                0x0000000008001650                BSP_LCD_SetBackColor
 .text.BSP_LCD_SetFont
                0x0000000008001684       0x34 Drivers/BSP/STM32F429I-Discovery/stm32f429i_discovery_lcd.o
                0x0000000008001684                BSP_LCD_SetFont
 .text.BSP_LCD_Clear
                0x00000000080016b8       0x50 Drivers/BSP/STM32F429I-Discovery/stm32f429i_discovery_lcd.o
                0x00000000080016b8                BSP_LCD_Clear
 .text.BSP_LCD_DisplayChar
                0x0000000008001708       0x88 Drivers/BSP/STM32F429I-Discovery/stm32f429i_discovery_lcd.o
                0x0000000008001708                BSP_LCD_DisplayChar
 .text.BSP_LCD_DisplayStringAt
                0x0000000008001790      0x174 Drivers/BSP/STM32F429I-Discovery/stm32f429i_discovery_lcd.o
                0x0000000008001790                BSP_LCD_DisplayStringAt
 .text.BSP_LCD_DrawHLine
                0x0000000008001904       0x7c Drivers/BSP/STM32F429I-Discovery/stm32f429i_discovery_lcd.o
                0x0000000008001904                BSP_LCD_DrawHLine
 .text.BSP_LCD_DrawVLine
                0x0000000008001980       0x84 Drivers/BSP/STM32F429I-Discovery/stm32f429i_discovery_lcd.o
                0x0000000008001980                BSP_LCD_DrawVLine
 .text.BSP_LCD_DrawRect
                0x0000000008001a04       0x62 Drivers/BSP/STM32F429I-Discovery/stm32f429i_discovery_lcd.o
                0x0000000008001a04                BSP_LCD_DrawRect
 *fill*         0x0000000008001a66        0x2 
 .text.BSP_LCD_FillRect
                0x0000000008001a68       0xb4 Drivers/BSP/STM32F429I-Discovery/stm32f429i_discovery_lcd.o
                0x0000000008001a68                BSP_LCD_FillRect
 .text.BSP_LCD_DisplayOn
                0x0000000008001b1c       0x20 Drivers/BSP/STM32F429I-Discovery/stm32f429i_discovery_lcd.o
                0x0000000008001b1c                BSP_LCD_DisplayOn
 .text.BSP_LCD_MspInit
                0x0000000008001b3c      0x1ac Drivers/BSP/STM32F429I-Discovery/stm32f429i_discovery_lcd.o
                0x0000000008001b3c                BSP_LCD_MspInit
 .text.BSP_LCD_DrawPixel
                0x0000000008001ce8       0x4c Drivers/BSP/STM32F429I-Discovery/stm32f429i_discovery_lcd.o
                0x0000000008001ce8                BSP_LCD_DrawPixel
 .text.DrawChar
                0x0000000008001d34      0x174 Drivers/BSP/STM32F429I-Discovery/stm32f429i_discovery_lcd.o
 .text.FillBuffer
                0x0000000008001ea8       0x70 Drivers/BSP/STM32F429I-Discovery/stm32f429i_discovery_lcd.o
 .text.BSP_SDRAM_Init
                0x0000000008001f18       0xbc Drivers/BSP/STM32F429I-Discovery/stm32f429i_discovery_sdram.o
                0x0000000008001f18                BSP_SDRAM_Init
 .text.BSP_SDRAM_Initialization_sequence
                0x0000000008001fd4       0xc0 Drivers/BSP/STM32F429I-Discovery/stm32f429i_discovery_sdram.o
                0x0000000008001fd4                BSP_SDRAM_Initialization_sequence
 .text.BSP_SDRAM_MspInit
                0x0000000008002094      0x218 Drivers/BSP/STM32F429I-Discovery/stm32f429i_discovery_sdram.o
                0x0000000008002094                BSP_SDRAM_MspInit
 .text.BSP_TS_Init
                0x00000000080022ac       0x74 Drivers/BSP/STM32F429I-Discovery/stm32f429i_discovery_ts.o
                0x00000000080022ac                BSP_TS_Init
 .text.BSP_TS_GetState
                0x0000000008002320      0x164 Drivers/BSP/STM32F429I-Discovery/stm32f429i_discovery_ts.o
                0x0000000008002320                BSP_TS_GetState
 .text.HAL_Init
                0x0000000008002484       0x44 Drivers/STM32F4xx_HAL_Driver/Src/stm32f4xx_hal.o
                0x0000000008002484                HAL_Init
 .text.HAL_IncTick
                0x00000000080024c8       0x28 Drivers/STM32F4xx_HAL_Driver/Src/stm32f4xx_hal.o
                0x00000000080024c8                HAL_IncTick
 .text.HAL_GetTick
                0x00000000080024f0       0x18 Drivers/STM32F4xx_HAL_Driver/Src/stm32f4xx_hal.o
                0x00000000080024f0                HAL_GetTick
 .text.HAL_Delay
                0x0000000008002508       0x44 Drivers/STM32F4xx_HAL_Driver/Src/stm32f4xx_hal.o
                0x0000000008002508                HAL_Delay
 .text.__NVIC_SetPriorityGrouping
                0x000000000800254c       0x48 Drivers/STM32F4xx_HAL_Driver/Src/stm32f4xx_hal_cortex.o
 .text.__NVIC_GetPriorityGrouping
                0x0000000008002594       0x1c Drivers/STM32F4xx_HAL_Driver/Src/stm32f4xx_hal_cortex.o
 .text.__NVIC_EnableIRQ
                0x00000000080025b0       0x3c Drivers/STM32F4xx_HAL_Driver/Src/stm32f4xx_hal_cortex.o
 .text.__NVIC_SetPriority
                0x00000000080025ec       0x54 Drivers/STM32F4xx_HAL_Driver/Src/stm32f4xx_hal_cortex.o
 .text.NVIC_EncodePriority
                0x0000000008002640       0x62 Drivers/STM32F4xx_HAL_Driver/Src/stm32f4xx_hal_cortex.o
 .text.HAL_NVIC_SetPriorityGrouping
                0x00000000080026a2       0x16 Drivers/STM32F4xx_HAL_Driver/Src/stm32f4xx_hal_cortex.o
                0x00000000080026a2                HAL_NVIC_SetPriorityGrouping
 .text.HAL_NVIC_SetPriority
                0x00000000080026b8       0x38 Drivers/STM32F4xx_HAL_Driver/Src/stm32f4xx_hal_cortex.o
                0x00000000080026b8                HAL_NVIC_SetPriority
 .text.HAL_NVIC_EnableIRQ
                0x00000000080026f0       0x1c Drivers/STM32F4xx_HAL_Driver/Src/stm32f4xx_hal_cortex.o
                0x00000000080026f0                HAL_NVIC_EnableIRQ
 .text.HAL_CRC_Init
                0x000000000800270c       0x3e Drivers/STM32F4xx_HAL_Driver/Src/stm32f4xx_hal_crc.o
                0x000000000800270c                HAL_CRC_Init
 *fill*         0x000000000800274a        0x2 
 .text.HAL_DMA_Init
                0x000000000800274c      0x15c Drivers/STM32F4xx_HAL_Driver/Src/stm32f4xx_hal_dma.o
                0x000000000800274c                HAL_DMA_Init
 .text.HAL_DMA_DeInit
                0x00000000080028a8       0xbc Drivers/STM32F4xx_HAL_Driver/Src/stm32f4xx_hal_dma.o
                0x00000000080028a8                HAL_DMA_DeInit
 .text.DMA_CalcBaseAndBitshift
                0x0000000008002964       0x6c Drivers/STM32F4xx_HAL_Driver/Src/stm32f4xx_hal_dma.o
 .text.DMA_CheckFifoParam
                0x00000000080029d0       0xf4 Drivers/STM32F4xx_HAL_Driver/Src/stm32f4xx_hal_dma.o
 .text.HAL_DMA2D_Init
                0x0000000008002ac4       0x92 Drivers/STM32F4xx_HAL_Driver/Src/stm32f4xx_hal_dma2d.o
                0x0000000008002ac4                HAL_DMA2D_Init
 .text.HAL_DMA2D_Start
                0x0000000008002b56       0x56 Drivers/STM32F4xx_HAL_Driver/Src/stm32f4xx_hal_dma2d.o
                0x0000000008002b56                HAL_DMA2D_Start
 .text.HAL_DMA2D_PollForTransfer
                0x0000000008002bac      0x1d2 Drivers/STM32F4xx_HAL_Driver/Src/stm32f4xx_hal_dma2d.o
                0x0000000008002bac                HAL_DMA2D_PollForTransfer
 .text.HAL_DMA2D_IRQHandler
                0x0000000008002d7e      0x1f8 Drivers/STM32F4xx_HAL_Driver/Src/stm32f4xx_hal_dma2d.o
                0x0000000008002d7e                HAL_DMA2D_IRQHandler
 .text.HAL_DMA2D_LineEventCallback
                0x0000000008002f76       0x14 Drivers/STM32F4xx_HAL_Driver/Src/stm32f4xx_hal_dma2d.o
                0x0000000008002f76                HAL_DMA2D_LineEventCallback
 .text.HAL_DMA2D_CLUTLoadingCpltCallback
                0x0000000008002f8a       0x14 Drivers/STM32F4xx_HAL_Driver/Src/stm32f4xx_hal_dma2d.o
                0x0000000008002f8a                HAL_DMA2D_CLUTLoadingCpltCallback
 *fill*         0x0000000008002f9e        0x2 
 .text.HAL_DMA2D_ConfigLayer
                0x0000000008002fa0      0x120 Drivers/STM32F4xx_HAL_Driver/Src/stm32f4xx_hal_dma2d.o
                0x0000000008002fa0                HAL_DMA2D_ConfigLayer
 .text.DMA2D_SetConfig
                0x00000000080030c0      0x138 Drivers/STM32F4xx_HAL_Driver/Src/stm32f4xx_hal_dma2d.o
 .text.HAL_GPIO_Init
                0x00000000080031f8      0x354 Drivers/STM32F4xx_HAL_Driver/Src/stm32f4xx_hal_gpio.o
                0x00000000080031f8                HAL_GPIO_Init
 .text.HAL_GPIO_DeInit
                0x000000000800354c      0x218 Drivers/STM32F4xx_HAL_Driver/Src/stm32f4xx_hal_gpio.o
                0x000000000800354c                HAL_GPIO_DeInit
 .text.HAL_GPIO_WritePin
                0x0000000008003764       0x32 Drivers/STM32F4xx_HAL_Driver/Src/stm32f4xx_hal_gpio.o
                0x0000000008003764                HAL_GPIO_WritePin
 .text.HAL_HCD_IRQHandler
                0x0000000008003796      0x20e Drivers/STM32F4xx_HAL_Driver/Src/stm32f4xx_hal_hcd.o
                0x0000000008003796                HAL_HCD_IRQHandler
 .text.HAL_HCD_Start
                0x00000000080039a4       0x46 Drivers/STM32F4xx_HAL_Driver/Src/stm32f4xx_hal_hcd.o
                0x00000000080039a4                HAL_HCD_Start
 .text.HAL_HCD_Stop
                0x00000000080039ea       0x3a Drivers/STM32F4xx_HAL_Driver/Src/stm32f4xx_hal_hcd.o
                0x00000000080039ea                HAL_HCD_Stop
 .text.HCD_HC_IN_IRQHandler
                0x0000000008003a24      0x742 Drivers/STM32F4xx_HAL_Driver/Src/stm32f4xx_hal_hcd.o
 .text.HCD_HC_OUT_IRQHandler
                0x0000000008004166      0x6fe Drivers/STM32F4xx_HAL_Driver/Src/stm32f4xx_hal_hcd.o
 .text.HCD_RXQLVL_IRQHandler
                0x0000000008004864      0x158 Drivers/STM32F4xx_HAL_Driver/Src/stm32f4xx_hal_hcd.o
 .text.HCD_Port_IRQHandler
                0x00000000080049bc      0x122 Drivers/STM32F4xx_HAL_Driver/Src/stm32f4xx_hal_hcd.o
 *fill*         0x0000000008004ade        0x2 
 .text.HAL_I2C_Init
                0x0000000008004ae0      0x250 Drivers/STM32F4xx_HAL_Driver/Src/stm32f4xx_hal_i2c.o
                0x0000000008004ae0                HAL_I2C_Init
 .text.HAL_I2C_DeInit
                0x0000000008004d30       0x5e Drivers/STM32F4xx_HAL_Driver/Src/stm32f4xx_hal_i2c.o
                0x0000000008004d30                HAL_I2C_DeInit
 *fill*         0x0000000008004d8e        0x2 
 .text.HAL_I2C_Mem_Write
                0x0000000008004d90      0x1f4 Drivers/STM32F4xx_HAL_Driver/Src/stm32f4xx_hal_i2c.o
                0x0000000008004d90                HAL_I2C_Mem_Write
 .text.HAL_I2C_Mem_Read
                0x0000000008004f84      0x44c Drivers/STM32F4xx_HAL_Driver/Src/stm32f4xx_hal_i2c.o
                0x0000000008004f84                HAL_I2C_Mem_Read
 .text.HAL_I2C_GetState
                0x00000000080053d0       0x1c Drivers/STM32F4xx_HAL_Driver/Src/stm32f4xx_hal_i2c.o
                0x00000000080053d0                HAL_I2C_GetState
 .text.I2C_RequestMemoryWrite
                0x00000000080053ec      0x110 Drivers/STM32F4xx_HAL_Driver/Src/stm32f4xx_hal_i2c.o
 .text.I2C_RequestMemoryRead
                0x00000000080054fc      0x1a0 Drivers/STM32F4xx_HAL_Driver/Src/stm32f4xx_hal_i2c.o
 .text.I2C_WaitOnFlagUntilTimeout
                0x000000000800569c       0xae Drivers/STM32F4xx_HAL_Driver/Src/stm32f4xx_hal_i2c.o
 .text.I2C_WaitOnMasterAddressFlagUntilTimeout
                0x000000000800574a       0xfe Drivers/STM32F4xx_HAL_Driver/Src/stm32f4xx_hal_i2c.o
 .text.I2C_WaitOnTXEFlagUntilTimeout
                0x0000000008005848       0x82 Drivers/STM32F4xx_HAL_Driver/Src/stm32f4xx_hal_i2c.o
 .text.I2C_WaitOnBTFFlagUntilTimeout
                0x00000000080058ca       0x82 Drivers/STM32F4xx_HAL_Driver/Src/stm32f4xx_hal_i2c.o
 .text.I2C_WaitOnRXNEFlagUntilTimeout
                0x000000000800594c       0xac Drivers/STM32F4xx_HAL_Driver/Src/stm32f4xx_hal_i2c.o
 .text.I2C_IsAcknowledgeFailed
                0x00000000080059f8       0x5e Drivers/STM32F4xx_HAL_Driver/Src/stm32f4xx_hal_i2c.o
 .text.HAL_I2CEx_ConfigAnalogFilter
                0x0000000008005a56       0x78 Drivers/STM32F4xx_HAL_Driver/Src/stm32f4xx_hal_i2c_ex.o
                0x0000000008005a56                HAL_I2CEx_ConfigAnalogFilter
 .text.HAL_I2CEx_ConfigDigitalFilter
                0x0000000008005ace       0x7e Drivers/STM32F4xx_HAL_Driver/Src/stm32f4xx_hal_i2c_ex.o
                0x0000000008005ace                HAL_I2CEx_ConfigDigitalFilter
 .text.HAL_LTDC_Init
                0x0000000008005b4c      0x1a0 Drivers/STM32F4xx_HAL_Driver/Src/stm32f4xx_hal_ltdc.o
                0x0000000008005b4c                HAL_LTDC_Init
 .text.HAL_LTDC_IRQHandler
                0x0000000008005cec      0x148 Drivers/STM32F4xx_HAL_Driver/Src/stm32f4xx_hal_ltdc.o
                0x0000000008005cec                HAL_LTDC_IRQHandler
 .text.HAL_LTDC_ErrorCallback
                0x0000000008005e34       0x14 Drivers/STM32F4xx_HAL_Driver/Src/stm32f4xx_hal_ltdc.o
                0x0000000008005e34                HAL_LTDC_ErrorCallback
 .text.HAL_LTDC_LineEventCallback
                0x0000000008005e48       0x14 Drivers/STM32F4xx_HAL_Driver/Src/stm32f4xx_hal_ltdc.o
                0x0000000008005e48                HAL_LTDC_LineEventCallback
 .text.HAL_LTDC_ReloadEventCallback
                0x0000000008005e5c       0x14 Drivers/STM32F4xx_HAL_Driver/Src/stm32f4xx_hal_ltdc.o
                0x0000000008005e5c                HAL_LTDC_ReloadEventCallback
 .text.HAL_LTDC_ConfigLayer
                0x0000000008005e70       0x7c Drivers/STM32F4xx_HAL_Driver/Src/stm32f4xx_hal_ltdc.o
                0x0000000008005e70                HAL_LTDC_ConfigLayer
 .text.HAL_LTDC_EnableDither
                0x0000000008005eec       0x54 Drivers/STM32F4xx_HAL_Driver/Src/stm32f4xx_hal_ltdc.o
                0x0000000008005eec                HAL_LTDC_EnableDither
 .text.LTDC_SetConfig
                0x0000000008005f40      0x342 Drivers/STM32F4xx_HAL_Driver/Src/stm32f4xx_hal_ltdc.o
 *fill*         0x0000000008006282        0x2 
 .text.HAL_RCC_OscConfig
                0x0000000008006284      0x484 Drivers/STM32F4xx_HAL_Driver/Src/stm32f4xx_hal_rcc.o
                0x0000000008006284                HAL_RCC_OscConfig
 .text.HAL_RCC_ClockConfig
                0x0000000008006708      0x1c4 Drivers/STM32F4xx_HAL_Driver/Src/stm32f4xx_hal_rcc.o
                0x0000000008006708                HAL_RCC_ClockConfig
 .text.HAL_RCC_GetSysClockFreq
                0x00000000080068cc      0x1b0 Drivers/STM32F4xx_HAL_Driver/Src/stm32f4xx_hal_rcc.o
                0x00000000080068cc                HAL_RCC_GetSysClockFreq
 .text.HAL_RCC_GetHCLKFreq
                0x0000000008006a7c       0x18 Drivers/STM32F4xx_HAL_Driver/Src/stm32f4xx_hal_rcc.o
                0x0000000008006a7c                HAL_RCC_GetHCLKFreq
 .text.HAL_RCC_GetPCLK1Freq
                0x0000000008006a94       0x28 Drivers/STM32F4xx_HAL_Driver/Src/stm32f4xx_hal_rcc.o
                0x0000000008006a94                HAL_RCC_GetPCLK1Freq
 .text.HAL_RCC_GetClockConfig
                0x0000000008006abc       0x64 Drivers/STM32F4xx_HAL_Driver/Src/stm32f4xx_hal_rcc.o
                0x0000000008006abc                HAL_RCC_GetClockConfig
 .text.HAL_RCCEx_PeriphCLKConfig
                0x0000000008006b20      0x348 Drivers/STM32F4xx_HAL_Driver/Src/stm32f4xx_hal_rcc_ex.o
                0x0000000008006b20                HAL_RCCEx_PeriphCLKConfig
 .text.HAL_SDRAM_Init
                0x0000000008006e68       0x68 Drivers/STM32F4xx_HAL_Driver/Src/stm32f4xx_hal_sdram.o
                0x0000000008006e68                HAL_SDRAM_Init
 .text.HAL_SDRAM_SendCommand
                0x0000000008006ed0       0x56 Drivers/STM32F4xx_HAL_Driver/Src/stm32f4xx_hal_sdram.o
                0x0000000008006ed0                HAL_SDRAM_SendCommand
 .text.HAL_SDRAM_ProgramRefreshRate
                0x0000000008006f26       0x40 Drivers/STM32F4xx_HAL_Driver/Src/stm32f4xx_hal_sdram.o
                0x0000000008006f26                HAL_SDRAM_ProgramRefreshRate
 .text.HAL_SPI_Init
                0x0000000008006f66       0xc6 Drivers/STM32F4xx_HAL_Driver/Src/stm32f4xx_hal_spi.o
                0x0000000008006f66                HAL_SPI_Init
 .text.HAL_SPI_DeInit
                0x000000000800702c       0x50 Drivers/STM32F4xx_HAL_Driver/Src/stm32f4xx_hal_spi.o
                0x000000000800702c                HAL_SPI_DeInit
 .text.HAL_SPI_Transmit
                0x000000000800707c      0x264 Drivers/STM32F4xx_HAL_Driver/Src/stm32f4xx_hal_spi.o
                0x000000000800707c                HAL_SPI_Transmit
 .text.HAL_SPI_Receive
                0x00000000080072e0      0x20c Drivers/STM32F4xx_HAL_Driver/Src/stm32f4xx_hal_spi.o
                0x00000000080072e0                HAL_SPI_Receive
 .text.HAL_SPI_TransmitReceive
                0x00000000080074ec      0x340 Drivers/STM32F4xx_HAL_Driver/Src/stm32f4xx_hal_spi.o
                0x00000000080074ec                HAL_SPI_TransmitReceive
 .text.HAL_SPI_GetState
                0x000000000800782c       0x1c Drivers/STM32F4xx_HAL_Driver/Src/stm32f4xx_hal_spi.o
                0x000000000800782c                HAL_SPI_GetState
 .text.SPI_WaitFlagStateUntilTimeout
                0x0000000008007848       0xd4 Drivers/STM32F4xx_HAL_Driver/Src/stm32f4xx_hal_spi.o
 .text.SPI_EndRxTransaction
                0x000000000800791c       0xca Drivers/STM32F4xx_HAL_Driver/Src/stm32f4xx_hal_spi.o
 *fill*         0x00000000080079e6        0x2 
 .text.SPI_EndRxTxTransaction
                0x00000000080079e8       0x84 Drivers/STM32F4xx_HAL_Driver/Src/stm32f4xx_hal_spi.o
 .text.HAL_TIM_Base_Init
                0x0000000008007a6c       0x56 Drivers/STM32F4xx_HAL_Driver/Src/stm32f4xx_hal_tim.o
                0x0000000008007a6c                HAL_TIM_Base_Init
 .text.HAL_TIM_Base_Start_IT
                0x0000000008007ac2       0x48 Drivers/STM32F4xx_HAL_Driver/Src/stm32f4xx_hal_tim.o
                0x0000000008007ac2                HAL_TIM_Base_Start_IT
 .text.HAL_TIM_IRQHandler
                0x0000000008007b0a      0x210 Drivers/STM32F4xx_HAL_Driver/Src/stm32f4xx_hal_tim.o
                0x0000000008007b0a                HAL_TIM_IRQHandler
 .text.HAL_TIM_ConfigClockSource
                0x0000000008007d1a      0x16e Drivers/STM32F4xx_HAL_Driver/Src/stm32f4xx_hal_tim.o
                0x0000000008007d1a                HAL_TIM_ConfigClockSource
 .text.HAL_TIM_OC_DelayElapsedCallback
                0x0000000008007e88       0x14 Drivers/STM32F4xx_HAL_Driver/Src/stm32f4xx_hal_tim.o
                0x0000000008007e88                HAL_TIM_OC_DelayElapsedCallback
 .text.HAL_TIM_IC_CaptureCallback
                0x0000000008007e9c       0x14 Drivers/STM32F4xx_HAL_Driver/Src/stm32f4xx_hal_tim.o
                0x0000000008007e9c                HAL_TIM_IC_CaptureCallback
 .text.HAL_TIM_PWM_PulseFinishedCallback
                0x0000000008007eb0       0x14 Drivers/STM32F4xx_HAL_Driver/Src/stm32f4xx_hal_tim.o
                0x0000000008007eb0                HAL_TIM_PWM_PulseFinishedCallback
 .text.HAL_TIM_TriggerCallback
                0x0000000008007ec4       0x14 Drivers/STM32F4xx_HAL_Driver/Src/stm32f4xx_hal_tim.o
                0x0000000008007ec4                HAL_TIM_TriggerCallback
 .text.TIM_Base_SetConfig
                0x0000000008007ed8      0x140 Drivers/STM32F4xx_HAL_Driver/Src/stm32f4xx_hal_tim.o
                0x0000000008007ed8                TIM_Base_SetConfig
 .text.TIM_TI1_ConfigInputStage
                0x0000000008008018       0x5e Drivers/STM32F4xx_HAL_Driver/Src/stm32f4xx_hal_tim.o
 .text.TIM_TI2_ConfigInputStage
                0x0000000008008076       0x60 Drivers/STM32F4xx_HAL_Driver/Src/stm32f4xx_hal_tim.o
 .text.TIM_ITRx_SetConfig
                0x00000000080080d6       0x36 Drivers/STM32F4xx_HAL_Driver/Src/stm32f4xx_hal_tim.o
 .text.TIM_ETR_SetConfig
                0x000000000800810c       0x40 Drivers/STM32F4xx_HAL_Driver/Src/stm32f4xx_hal_tim.o
                0x000000000800810c                TIM_ETR_SetConfig
 .text.HAL_TIMEx_MasterConfigSynchronization
                0x000000000800814c       0x8a Drivers/STM32F4xx_HAL_Driver/Src/stm32f4xx_hal_tim_ex.o
                0x000000000800814c                HAL_TIMEx_MasterConfigSynchronization
 .text.HAL_TIMEx_CommutCallback
                0x00000000080081d6       0x14 Drivers/STM32F4xx_HAL_Driver/Src/stm32f4xx_hal_tim_ex.o
                0x00000000080081d6                HAL_TIMEx_CommutCallback
 .text.HAL_TIMEx_BreakCallback
                0x00000000080081ea       0x14 Drivers/STM32F4xx_HAL_Driver/Src/stm32f4xx_hal_tim_ex.o
                0x00000000080081ea                HAL_TIMEx_BreakCallback
 .text.FMC_SDRAM_Init
                0x00000000080081fe       0xe6 Drivers/STM32F4xx_HAL_Driver/Src/stm32f4xx_ll_fmc.o
                0x00000000080081fe                FMC_SDRAM_Init
 .text.FMC_SDRAM_Timing_Init
                0x00000000080082e4       0xfe Drivers/STM32F4xx_HAL_Driver/Src/stm32f4xx_ll_fmc.o
                0x00000000080082e4                FMC_SDRAM_Timing_Init
 .text.FMC_SDRAM_SendCommand
                0x00000000080083e2       0x78 Drivers/STM32F4xx_HAL_Driver/Src/stm32f4xx_ll_fmc.o
                0x00000000080083e2                FMC_SDRAM_SendCommand
 .text.FMC_SDRAM_ProgramRefreshRate
                0x000000000800845a       0x26 Drivers/STM32F4xx_HAL_Driver/Src/stm32f4xx_ll_fmc.o
                0x000000000800845a                FMC_SDRAM_ProgramRefreshRate
 .text.USB_EnableGlobalInt
                0x0000000008008480       0x22 Drivers/STM32F4xx_HAL_Driver/Src/stm32f4xx_ll_usb.o
                0x0000000008008480                USB_EnableGlobalInt
 .text.USB_DisableGlobalInt
                0x00000000080084a2       0x22 Drivers/STM32F4xx_HAL_Driver/Src/stm32f4xx_ll_usb.o
                0x00000000080084a2                USB_DisableGlobalInt
 .text.USB_FlushTxFifo
                0x00000000080084c4       0x4c Drivers/STM32F4xx_HAL_Driver/Src/stm32f4xx_ll_usb.o
                0x00000000080084c4                USB_FlushTxFifo
 .text.USB_FlushRxFifo
                0x0000000008008510       0x44 Drivers/STM32F4xx_HAL_Driver/Src/stm32f4xx_ll_usb.o
                0x0000000008008510                USB_FlushRxFifo
 .text.USB_ReadPacket
                0x0000000008008554       0x52 Drivers/STM32F4xx_HAL_Driver/Src/stm32f4xx_ll_usb.o
                0x0000000008008554                USB_ReadPacket
 .text.USB_ReadInterrupts
                0x00000000080085a6       0x26 Drivers/STM32F4xx_HAL_Driver/Src/stm32f4xx_ll_usb.o
                0x00000000080085a6                USB_ReadInterrupts
 .text.USB_GetMode
                0x00000000080085cc       0x1c Drivers/STM32F4xx_HAL_Driver/Src/stm32f4xx_ll_usb.o
                0x00000000080085cc                USB_GetMode
 .text.USB_InitFSLSPClkSel
                0x00000000080085e8       0x78 Drivers/STM32F4xx_HAL_Driver/Src/stm32f4xx_ll_usb.o
                0x00000000080085e8                USB_InitFSLSPClkSel
 .text.USB_DriveVbus
                0x0000000008008660       0x76 Drivers/STM32F4xx_HAL_Driver/Src/stm32f4xx_ll_usb.o
                0x0000000008008660                USB_DriveVbus
 .text.USB_HC_ReadInterrupt
                0x00000000080086d6       0x22 Drivers/STM32F4xx_HAL_Driver/Src/stm32f4xx_ll_usb.o
                0x00000000080086d6                USB_HC_ReadInterrupt
 .text.USB_HC_Halt
                0x00000000080086f8      0x212 Drivers/STM32F4xx_HAL_Driver/Src/stm32f4xx_ll_usb.o
                0x00000000080086f8                USB_HC_Halt
 .text.USB_StopHost
                0x000000000800890a      0x10c Drivers/STM32F4xx_HAL_Driver/Src/stm32f4xx_ll_usb.o
                0x000000000800890a                USB_StopHost
 .text.USBH_LL_IncTimer
                0x0000000008008a16       0x24 Middlewares/ST/STM32_USB_Host_Library/Core/Src/usbh_core.o
                0x0000000008008a16                USBH_LL_IncTimer
 .text.USBH_HandleSof
                0x0000000008008a3a       0x30 Middlewares/ST/STM32_USB_Host_Library/Core/Src/usbh_core.o
 .text.USBH_LL_PortEnabled
                0x0000000008008a6a       0x1c Middlewares/ST/STM32_USB_Host_Library/Core/Src/usbh_core.o
                0x0000000008008a6a                USBH_LL_PortEnabled
 .text.USBH_LL_PortDisabled
                0x0000000008008a86       0x1c Middlewares/ST/STM32_USB_Host_Library/Core/Src/usbh_core.o
                0x0000000008008a86                USBH_LL_PortDisabled
 .text.USBH_LL_Connect
                0x0000000008008aa2       0x4c Middlewares/ST/STM32_USB_Host_Library/Core/Src/usbh_core.o
                0x0000000008008aa2                USBH_LL_Connect
 .text.USBH_LL_Disconnect
                0x0000000008008aee       0x5a Middlewares/ST/STM32_USB_Host_Library/Core/Src/usbh_core.o
                0x0000000008008aee                USBH_LL_Disconnect
 .text.USBH_FreePipe
                0x0000000008008b48       0x38 Middlewares/ST/STM32_USB_Host_Library/Core/Src/usbh_pipes.o
                0x0000000008008b48                USBH_FreePipe
 .text.MX_CRC_Init
                0x0000000008008b80       0x28 Src/crc.o
                0x0000000008008b80                MX_CRC_Init
 .text.HAL_CRC_MspInit
                0x0000000008008ba8       0x44 Src/crc.o
                0x0000000008008ba8                HAL_CRC_MspInit
 .text.MX_DMA2D_Init
                0x0000000008008bec       0x64 Src/dma2d.o
                0x0000000008008bec                MX_DMA2D_Init
 .text.HAL_DMA2D_MspInit
                0x0000000008008c50       0x50 Src/dma2d.o
                0x0000000008008c50                HAL_DMA2D_MspInit
 .text.MX_FMC_Init
                0x0000000008008ca0       0xa0 Src/fmc.o
                0x0000000008008ca0                MX_FMC_Init
 .text.HAL_FMC_MspInit
                0x0000000008008d40      0x124 Src/fmc.o
 .text.HAL_SDRAM_MspInit
                0x0000000008008e64       0x14 Src/fmc.o
                0x0000000008008e64                HAL_SDRAM_MspInit
 .text.MX_GPIO_Init
                0x0000000008008e78      0x220 Src/gpio.o
                0x0000000008008e78                MX_GPIO_Init
 .text.MX_I2C3_Init
                0x0000000008009098       0x80 Src/i2c.o
                0x0000000008009098                MX_I2C3_Init
 .text.HAL_I2C_MspInit
                0x0000000008009118       0xd4 Src/i2c.o
                0x0000000008009118                HAL_I2C_MspInit
 .text.HAL_I2C_MspDeInit
                0x00000000080091ec       0x4c Src/i2c.o
                0x00000000080091ec                HAL_I2C_MspDeInit
 .text.MX_LTDC_Init
                0x0000000008009238      0x100 Src/ltdc.o
                0x0000000008009238                MX_LTDC_Init
 .text.HAL_LTDC_MspInit
                0x0000000008009338      0x22c Src/ltdc.o
                0x0000000008009338                HAL_LTDC_MspInit
 .text.main     0x0000000008009564      0x184 Src/main.o
                0x0000000008009564                main
 .text.SystemClock_Config
                0x00000000080096e8      0x108 Src/main.o
                0x00000000080096e8                SystemClock_Config
 .text.HAL_TIM_PeriodElapsedCallback
                0x00000000080097f0       0x74 Src/main.o
                0x00000000080097f0                HAL_TIM_PeriodElapsedCallback
 .text.Error_Handler
                0x0000000008009864        0xe Src/main.o
                0x0000000008009864                Error_Handler
 *fill*         0x0000000008009872        0x2 
 .text.MX_SPI5_Init
                0x0000000008009874       0x6c Src/spi.o
                0x0000000008009874                MX_SPI5_Init
 .text.HAL_SPI_MspInit
                0x00000000080098e0       0x90 Src/spi.o
                0x00000000080098e0                HAL_SPI_MspInit
 .text.HAL_SPI_MspDeInit
                0x0000000008009970       0x3c Src/spi.o
                0x0000000008009970                HAL_SPI_MspDeInit
 .text.HAL_MspInit
                0x00000000080099ac       0x50 Src/stm32f4xx_hal_msp.o
                0x00000000080099ac                HAL_MspInit
 .text.HAL_InitTick
                0x00000000080099fc       0xb4 Src/stm32f4xx_hal_timebase_tim.o
                0x00000000080099fc                HAL_InitTick
 .text.NMI_Handler
                0x0000000008009ab0        0xe Src/stm32f4xx_it.o
                0x0000000008009ab0                NMI_Handler
 .text.HardFault_Handler
                0x0000000008009abe        0x6 Src/stm32f4xx_it.o
                0x0000000008009abe                HardFault_Handler
 .text.MemManage_Handler
                0x0000000008009ac4        0x6 Src/stm32f4xx_it.o
                0x0000000008009ac4                MemManage_Handler
 .text.BusFault_Handler
                0x0000000008009aca        0x6 Src/stm32f4xx_it.o
                0x0000000008009aca                BusFault_Handler
 .text.UsageFault_Handler
                0x0000000008009ad0        0x6 Src/stm32f4xx_it.o
                0x0000000008009ad0                UsageFault_Handler
 .text.SVC_Handler
                0x0000000008009ad6        0xe Src/stm32f4xx_it.o
                0x0000000008009ad6                SVC_Handler
 .text.DebugMon_Handler
                0x0000000008009ae4        0xe Src/stm32f4xx_it.o
                0x0000000008009ae4                DebugMon_Handler
 .text.PendSV_Handler
                0x0000000008009af2        0xe Src/stm32f4xx_it.o
                0x0000000008009af2                PendSV_Handler
 .text.TIM1_UP_TIM10_IRQHandler
                0x0000000008009b00       0x14 Src/stm32f4xx_it.o
                0x0000000008009b00                TIM1_UP_TIM10_IRQHandler
 .text.TIM6_DAC_IRQHandler
                0x0000000008009b14       0x14 Src/stm32f4xx_it.o
                0x0000000008009b14                TIM6_DAC_IRQHandler
 .text.OTG_HS_IRQHandler
                0x0000000008009b28       0x14 Src/stm32f4xx_it.o
                0x0000000008009b28                OTG_HS_IRQHandler
 .text.LTDC_IRQHandler
                0x0000000008009b3c       0x14 Src/stm32f4xx_it.o
                0x0000000008009b3c                LTDC_IRQHandler
 .text.DMA2D_IRQHandler
                0x0000000008009b50       0x14 Src/stm32f4xx_it.o
                0x0000000008009b50                DMA2D_IRQHandler
 .text.SystemInit
                0x0000000008009b64       0x6c Src/system_stm32f4xx.o
                0x0000000008009b64                SystemInit
 .text.MX_TIM1_Init
                0x0000000008009bd0       0xa4 Src/tim.o
                0x0000000008009bd0                MX_TIM1_Init
 .text.HAL_TIM_Base_MspInit
                0x0000000008009c74       0x50 Src/tim.o
                0x0000000008009c74                HAL_TIM_Base_MspInit
 .text.HAL_HCD_SOF_Callback
                0x0000000008009cc4       0x1c Src/usbh_conf.o
                0x0000000008009cc4                HAL_HCD_SOF_Callback
 .text.HAL_HCD_Connect_Callback
                0x0000000008009ce0       0x1c Src/usbh_conf.o
                0x0000000008009ce0                HAL_HCD_Connect_Callback
 .text.HAL_HCD_Disconnect_Callback
                0x0000000008009cfc       0x1c Src/usbh_conf.o
                0x0000000008009cfc                HAL_HCD_Disconnect_Callback
 .text.HAL_HCD_HC_NotifyURBChange_Callback
                0x0000000008009d18       0x1c Src/usbh_conf.o
                0x0000000008009d18                HAL_HCD_HC_NotifyURBChange_Callback
 .text.HAL_HCD_PortEnabled_Callback
                0x0000000008009d34       0x1c Src/usbh_conf.o
                0x0000000008009d34                HAL_HCD_PortEnabled_Callback
 .text.HAL_HCD_PortDisabled_Callback
                0x0000000008009d50       0x1c Src/usbh_conf.o
                0x0000000008009d50                HAL_HCD_PortDisabled_Callback
 .text.USBH_LL_Start
                0x0000000008009d6c       0x36 Src/usbh_conf.o
                0x0000000008009d6c                USBH_LL_Start
 .text.USBH_LL_Stop
                0x0000000008009da2       0x36 Src/usbh_conf.o
                0x0000000008009da2                USBH_LL_Stop
 .text.USBH_Get_USB_Status
                0x0000000008009dd8       0x58 Src/usbh_conf.o
                0x0000000008009dd8                USBH_Get_USB_Status
 .text.Reset_Handler
                0x0000000008009e30       0x50 startup/startup_stm32f429xx.o
                0x0000000008009e30                Reset_Handler
 .text.Default_Handler
                0x0000000008009e80        0x2 startup/startup_stm32f429xx.o
                0x0000000008009e80                RTC_Alarm_IRQHandler
                0x0000000008009e80                HASH_RNG_IRQHandler
                0x0000000008009e80                EXTI2_IRQHandler
                0x0000000008009e80                TIM8_CC_IRQHandler
                0x0000000008009e80                UART8_IRQHandler
                0x0000000008009e80                SPI4_IRQHandler
                0x0000000008009e80                TIM1_CC_IRQHandler
                0x0000000008009e80                DMA2_Stream5_IRQHandler
                0x0000000008009e80                DMA1_Stream5_IRQHandler
                0x0000000008009e80                SysTick_Handler
                0x0000000008009e80                PVD_IRQHandler
                0x0000000008009e80                SDIO_IRQHandler
                0x0000000008009e80                TAMP_STAMP_IRQHandler
                0x0000000008009e80                CAN2_RX1_IRQHandler
                0x0000000008009e80                EXTI3_IRQHandler
                0x0000000008009e80                TIM8_TRG_COM_TIM14_IRQHandler
                0x0000000008009e80                TIM8_UP_TIM13_IRQHandler
                0x0000000008009e80                I2C3_ER_IRQHandler
                0x0000000008009e80                EXTI0_IRQHandler
                0x0000000008009e80                I2C2_EV_IRQHandler
                0x0000000008009e80                DMA1_Stream2_IRQHandler
                0x0000000008009e80                CAN1_RX0_IRQHandler
                0x0000000008009e80                FPU_IRQHandler
                0x0000000008009e80                OTG_HS_WKUP_IRQHandler
                0x0000000008009e80                LTDC_ER_IRQHandler
                0x0000000008009e80                CAN2_SCE_IRQHandler
                0x0000000008009e80                DMA2_Stream2_IRQHandler
                0x0000000008009e80                SPI1_IRQHandler
                0x0000000008009e80                TIM1_BRK_TIM9_IRQHandler
                0x0000000008009e80                DCMI_IRQHandler
                0x0000000008009e80                CAN2_RX0_IRQHandler
                0x0000000008009e80                DMA2_Stream3_IRQHandler
                0x0000000008009e80                USART6_IRQHandler
                0x0000000008009e80                USART3_IRQHandler
                0x0000000008009e80                CAN1_RX1_IRQHandler
                0x0000000008009e80                UART5_IRQHandler
                0x0000000008009e80                DMA2_Stream0_IRQHandler
                0x0000000008009e80                TIM4_IRQHandler
                0x0000000008009e80                I2C1_EV_IRQHandler
                0x0000000008009e80                DMA1_Stream6_IRQHandler
                0x0000000008009e80                DMA1_Stream1_IRQHandler
                0x0000000008009e80                UART4_IRQHandler
                0x0000000008009e80                TIM3_IRQHandler
                0x0000000008009e80                RCC_IRQHandler
                0x0000000008009e80                TIM8_BRK_TIM12_IRQHandler
                0x0000000008009e80                Default_Handler
                0x0000000008009e80                EXTI15_10_IRQHandler
                0x0000000008009e80                ADC_IRQHandler
                0x0000000008009e80                DMA1_Stream7_IRQHandler
                0x0000000008009e80                SPI5_IRQHandler
                0x0000000008009e80                TIM7_IRQHandler
                0x0000000008009e80                CAN2_TX_IRQHandler
                0x0000000008009e80                TIM5_IRQHandler
                0x0000000008009e80                DMA2_Stream7_IRQHandler
                0x0000000008009e80                I2C3_EV_IRQHandler
                0x0000000008009e80                EXTI9_5_IRQHandler
                0x0000000008009e80                RTC_WKUP_IRQHandler
                0x0000000008009e80                ETH_WKUP_IRQHandler
                0x0000000008009e80                SPI2_IRQHandler
                0x0000000008009e80                OTG_HS_EP1_IN_IRQHandler
                0x0000000008009e80                DMA1_Stream0_IRQHandler
                0x0000000008009e80                CAN1_TX_IRQHandler
                0x0000000008009e80                EXTI4_IRQHandler
                0x0000000008009e80                ETH_IRQHandler
                0x0000000008009e80                OTG_HS_EP1_OUT_IRQHandler
                0x0000000008009e80                WWDG_IRQHandler
                0x0000000008009e80                SPI6_IRQHandler
                0x0000000008009e80                TIM2_IRQHandler
                0x0000000008009e80                OTG_FS_WKUP_IRQHandler
                0x0000000008009e80                TIM1_TRG_COM_TIM11_IRQHandler
                0x0000000008009e80                EXTI1_IRQHandler
                0x0000000008009e80                UART7_IRQHandler
                0x0000000008009e80                USART2_IRQHandler
                0x0000000008009e80                I2C2_ER_IRQHandler
                0x0000000008009e80                DMA2_Stream1_IRQHandler
                0x0000000008009e80                CAN1_SCE_IRQHandler
                0x0000000008009e80                FLASH_IRQHandler
                0x0000000008009e80                DMA2_Stream4_IRQHandler
                0x0000000008009e80                USART1_IRQHandler
                0x0000000008009e80                OTG_FS_IRQHandler
                0x0000000008009e80                SPI3_IRQHandler
                0x0000000008009e80                DMA1_Stream4_IRQHandler
                0x0000000008009e80                I2C1_ER_IRQHandler
                0x0000000008009e80                FMC_IRQHandler
                0x0000000008009e80                DMA2_Stream6_IRQHandler
                0x0000000008009e80                SAI1_IRQHandler
                0x0000000008009e80                DMA1_Stream3_IRQHandler
 *fill*         0x0000000008009e82        0x2 
 .text.__libc_init_array
                0x0000000008009e84       0x48 /opt/Atollic_TrueSTUDIO_for_STM32_x86_64_9.3.0/ARMTools/bin/../lib/gcc/arm-atollic-eabi/6.3.1/../../../../arm-atollic-eabi/lib/armv7e-m/fpu/libc_nano.a(lib_a-init.o)
                0x0000000008009e84                __libc_init_array
 .text.memset   0x0000000008009ecc       0x10 /opt/Atollic_TrueSTUDIO_for_STM32_x86_64_9.3.0/ARMTools/bin/../lib/gcc/arm-atollic-eabi/6.3.1/../../../../arm-atollic-eabi/lib/armv7e-m/fpu/libc_nano.a(lib_a-memset.o)
                0x0000000008009ecc                memset
 *(.glue_7)
 .glue_7        0x0000000008009edc        0x0 linker stubs
 *(.glue_7t)
 .glue_7t       0x0000000008009edc        0x0 linker stubs
 *(.eh_frame)
 .eh_frame      0x0000000008009edc        0x0 /opt/Atollic_TrueSTUDIO_for_STM32_x86_64_9.3.0/ARMTools/bin/../lib/gcc/arm-atollic-eabi/6.3.1/armv7e-m/fpu/crtbegin.o
 *(.init)
 .init          0x0000000008009edc        0x4 /opt/Atollic_TrueSTUDIO_for_STM32_x86_64_9.3.0/ARMTools/bin/../lib/gcc/arm-atollic-eabi/6.3.1/armv7e-m/fpu/crti.o
                0x0000000008009edc                _init
 .init          0x0000000008009ee0        0x8 /opt/Atollic_TrueSTUDIO_for_STM32_x86_64_9.3.0/ARMTools/bin/../lib/gcc/arm-atollic-eabi/6.3.1/armv7e-m/fpu/crtn.o
 *(.fini)
 .fini          0x0000000008009ee8        0x4 /opt/Atollic_TrueSTUDIO_for_STM32_x86_64_9.3.0/ARMTools/bin/../lib/gcc/arm-atollic-eabi/6.3.1/armv7e-m/fpu/crti.o
                0x0000000008009ee8                _fini
 .fini          0x0000000008009eec        0x8 /opt/Atollic_TrueSTUDIO_for_STM32_x86_64_9.3.0/ARMTools/bin/../lib/gcc/arm-atollic-eabi/6.3.1/armv7e-m/fpu/crtn.o
                0x0000000008009ef4                . = ALIGN (0x4)
                0x0000000008009ef4                _etext = .

.vfp11_veneer   0x0000000008009ef4        0x0
 .vfp11_veneer  0x0000000008009ef4        0x0 linker stubs

.v4_bx          0x0000000008009ef4        0x0
 .v4_bx         0x0000000008009ef4        0x0 linker stubs

.iplt           0x0000000008009ef4        0x0
 .iplt          0x0000000008009ef4        0x0 /opt/Atollic_TrueSTUDIO_for_STM32_x86_64_9.3.0/ARMTools/bin/../lib/gcc/arm-atollic-eabi/6.3.1/armv7e-m/fpu/crtbegin.o

.rodata         0x0000000008009ef4     0x26f0
                0x0000000008009ef4                . = ALIGN (0x4)
 *(.rodata)
 .rodata        0x0000000008009ef4       0x37 Src/main.o
 *(.rodata*)
 *fill*         0x0000000008009f2b        0x1 
 .rodata.Font24_Table
                0x0000000008009f2c     0x1ab8 Drivers/BSP/STM32F429I-Discovery/stm32f429i_discovery_lcd.o
                0x0000000008009f2c                Font24_Table
 .rodata.Font16_Table
                0x000000000800b9e4      0xbe0 Drivers/BSP/STM32F429I-Discovery/stm32f429i_discovery_lcd.o
                0x000000000800b9e4                Font16_Table
 .rodata.flagBitshiftOffset.9377
                0x000000000800c5c4        0x8 Drivers/STM32F4xx_HAL_Driver/Src/stm32f4xx_hal_dma.o
 .rodata.AHBPrescTable
                0x000000000800c5cc       0x10 Src/system_stm32f4xx.o
                0x000000000800c5cc                AHBPrescTable
 .rodata.APBPrescTable
                0x000000000800c5dc        0x8 Src/system_stm32f4xx.o
                0x000000000800c5dc                APBPrescTable
                0x000000000800c5e4                . = ALIGN (0x4)

.ARM.extab
 *(.ARM.extab* .gnu.linkonce.armextab.*)

.ARM            0x000000000800c5e4        0x8
                0x000000000800c5e4                __exidx_start = .
 *(.ARM.exidx*)
 .ARM.exidx     0x000000000800c5e4        0x8 /opt/Atollic_TrueSTUDIO_for_STM32_x86_64_9.3.0/ARMTools/bin/../lib/gcc/arm-atollic-eabi/6.3.1/armv7e-m/fpu/libgcc.a(_udivmoddi4.o)
                0x000000000800c5ec                __exidx_end = .

.rel.dyn        0x000000000800c5ec        0x0
 .rel.iplt      0x000000000800c5ec        0x0 /opt/Atollic_TrueSTUDIO_for_STM32_x86_64_9.3.0/ARMTools/bin/../lib/gcc/arm-atollic-eabi/6.3.1/armv7e-m/fpu/crtbegin.o

.preinit_array  0x000000000800c5ec        0x0
                0x000000000800c5ec                PROVIDE (__preinit_array_start, .)
 *(.preinit_array*)
                0x000000000800c5ec                PROVIDE (__preinit_array_end, .)

.init_array     0x000000000800c5ec        0x4
                0x000000000800c5ec                PROVIDE (__init_array_start, .)
 *(SORT(.init_array.*))
 *(.init_array*)
 .init_array    0x000000000800c5ec        0x4 /opt/Atollic_TrueSTUDIO_for_STM32_x86_64_9.3.0/ARMTools/bin/../lib/gcc/arm-atollic-eabi/6.3.1/armv7e-m/fpu/crtbegin.o
                0x000000000800c5f0                PROVIDE (__init_array_end, .)

.fini_array     0x000000000800c5f0        0x4
                [!provide]                        PROVIDE (__fini_array_start, .)
 *(SORT(.fini_array.*))
 *(.fini_array*)
 .fini_array    0x000000000800c5f0        0x4 /opt/Atollic_TrueSTUDIO_for_STM32_x86_64_9.3.0/ARMTools/bin/../lib/gcc/arm-atollic-eabi/6.3.1/armv7e-m/fpu/crtbegin.o
                [!provide]                        PROVIDE (__fini_array_end, .)
                0x000000000800c5f4                _sidata = LOADADDR (.data)

.data           0x0000000020000000       0x80 load address 0x000000000800c5f4
                0x0000000020000000                . = ALIGN (0x4)
                0x0000000020000000                _sdata = .
 *(.data)
 *(.data*)
 .data.ili9341_drv
                0x0000000020000000       0x38 Drivers/BSP/Components/ili9341/ili9341.o
                0x0000000020000000                ili9341_drv
 .data.stmpe811_ts_drv
                0x0000000020000038       0x28 Drivers/BSP/Components/stmpe811/stmpe811.o
                0x0000000020000038                stmpe811_ts_drv
 .data.I2cxTimeout
                0x0000000020000060        0x4 Drivers/BSP/STM32F429I-Discovery/stm32f429i_discovery.o
                0x0000000020000060                I2cxTimeout
 .data.SpixTimeout
                0x0000000020000064        0x4 Drivers/BSP/STM32F429I-Discovery/stm32f429i_discovery.o
                0x0000000020000064                SpixTimeout
 .data.Font24   0x0000000020000068        0x8 Drivers/BSP/STM32F429I-Discovery/stm32f429i_discovery_lcd.o
                0x0000000020000068                Font24
 .data.Font16   0x0000000020000070        0x8 Drivers/BSP/STM32F429I-Discovery/stm32f429i_discovery_lcd.o
                0x0000000020000070                Font16
 .data.sdramstatus.9319
                0x0000000020000078        0x1 Drivers/BSP/STM32F429I-Discovery/stm32f429i_discovery_sdram.o
 .data.uwTickFreq
                0x0000000020000079        0x1 Drivers/STM32F4xx_HAL_Driver/Src/stm32f4xx_hal.o
                0x0000000020000079                uwTickFreq
 *fill*         0x000000002000007a        0x2 
 .data.SystemCoreClock
                0x000000002000007c        0x4 Src/system_stm32f4xx.o
                0x000000002000007c                SystemCoreClock
                0x0000000020000080                . = ALIGN (0x4)
                0x0000000020000080                _edata = .
                0x000000000800c674                _siccmram = LOADADDR (.ccmram)

.igot.plt       0x0000000020000080        0x0 load address 0x000000000800c674
 .igot.plt      0x0000000020000080        0x0 /opt/Atollic_TrueSTUDIO_for_STM32_x86_64_9.3.0/ARMTools/bin/../lib/gcc/arm-atollic-eabi/6.3.1/armv7e-m/fpu/crtbegin.o

.ccmram         0x0000000010000000        0x0 load address 0x000000000800c674
                0x0000000010000000                . = ALIGN (0x4)
                0x0000000010000000                _sccmram = .
 *(.ccmram)
 *(.ccmram*)
                0x0000000010000000                . = ALIGN (0x4)
                0x0000000010000000                _eccmram = .
                0x0000000010000000                . = ALIGN (0x4)

.bss            0x0000000020000080      0x80c
                0x0000000020000080                _sbss = .
                0x0000000020000080                __bss_start__ = _sbss
 *(.bss)
 .bss           0x0000000020000080       0x1c /opt/Atollic_TrueSTUDIO_for_STM32_x86_64_9.3.0/ARMTools/bin/../lib/gcc/arm-atollic-eabi/6.3.1/armv7e-m/fpu/crtbegin.o
 *(.bss*)
 .bss.stmpe811  0x000000002000009c        0x2 Drivers/BSP/Components/stmpe811/stmpe811.o
                0x000000002000009c                stmpe811
 *fill*         0x000000002000009e        0x2 
 .bss.SpiHandle
                0x00000000200000a0       0x58 Drivers/BSP/STM32F429I-Discovery/stm32f429i_discovery.o
 .bss.Is_LCD_IO_Initialized
                0x00000000200000f8        0x1 Drivers/BSP/STM32F429I-Discovery/stm32f429i_discovery.o
 *fill*         0x00000000200000f9        0x3 
 .bss.Dma2dHandler
                0x00000000200000fc       0x40 Drivers/BSP/STM32F429I-Discovery/stm32f429i_discovery_lcd.o
 .bss.PeriphClkInitStruct
                0x000000002000013c       0x30 Drivers/BSP/STM32F429I-Discovery/stm32f429i_discovery_lcd.o
 .bss.ActiveLayer
                0x000000002000016c        0x4 Drivers/BSP/STM32F429I-Discovery/stm32f429i_discovery_lcd.o
 .bss.DrawProp  0x0000000020000170       0x18 Drivers/BSP/STM32F429I-Discovery/stm32f429i_discovery_lcd.o
 .bss.SdramHandle
                0x0000000020000188       0x34 Drivers/BSP/STM32F429I-Discovery/stm32f429i_discovery_sdram.o
 .bss.Timing    0x00000000200001bc       0x1c Drivers/BSP/STM32F429I-Discovery/stm32f429i_discovery_sdram.o
 .bss.Command   0x00000000200001d8       0x10 Drivers/BSP/STM32F429I-Discovery/stm32f429i_discovery_sdram.o
 .bss.dmaHandle.9354
                0x00000000200001e8       0x60 Drivers/BSP/STM32F429I-Discovery/stm32f429i_discovery_sdram.o
 .bss.TsDrv     0x0000000020000248        0x4 Drivers/BSP/STM32F429I-Discovery/stm32f429i_discovery_ts.o
 .bss.TsXBoundary
                0x000000002000024c        0x2 Drivers/BSP/STM32F429I-Discovery/stm32f429i_discovery_ts.o
 .bss.TsYBoundary
                0x000000002000024e        0x2 Drivers/BSP/STM32F429I-Discovery/stm32f429i_discovery_ts.o
 .bss._x.9540   0x0000000020000250        0x4 Drivers/BSP/STM32F429I-Discovery/stm32f429i_discovery_ts.o
 .bss._y.9541   0x0000000020000254        0x4 Drivers/BSP/STM32F429I-Discovery/stm32f429i_discovery_ts.o
 .bss.FMC_Initialized
                0x0000000020000258        0x4 Src/fmc.o
 .bss.temp.9857
                0x000000002000025c        0x1 Src/main.o
 *(COMMON)
 *fill*         0x000000002000025d        0x3 
 COMMON         0x0000000020000260       0x54 Drivers/BSP/STM32F429I-Discovery/stm32f429i_discovery.o
                0x0000000020000260                I2cHandle
 COMMON         0x00000000200002b4       0xac Drivers/BSP/STM32F429I-Discovery/stm32f429i_discovery_lcd.o
                0x00000000200002b4                LtdcHandler
                0x000000002000035c                LcdDrv
 COMMON         0x0000000020000360        0x4 Drivers/STM32F4xx_HAL_Driver/Src/stm32f4xx_hal.o
                0x0000000020000360                uwTick
 COMMON         0x0000000020000364        0x8 Src/crc.o
                0x0000000020000364                hcrc
 COMMON         0x000000002000036c       0x40 Src/dma2d.o
                0x000000002000036c                hdma2d
 COMMON         0x00000000200003ac       0x34 Src/fmc.o
                0x00000000200003ac                hsdram1
 COMMON         0x00000000200003e0       0x54 Src/i2c.o
                0x00000000200003e0                hi2c3
 COMMON         0x0000000020000434       0xa8 Src/ltdc.o
                0x0000000020000434                hltdc
 COMMON         0x00000000200004dc       0x11 Src/main.o
                0x00000000200004dc                _100_msec
                0x00000000200004dd                _1_sec
                0x00000000200004e0                i
                0x00000000200004e4                button1_press
                0x00000000200004e5                oldbtn
                0x00000000200004e8                count1
                0x00000000200004ec                btn
 *fill*         0x00000000200004ed        0x3 
 COMMON         0x00000000200004f0       0x58 Src/spi.o
                0x00000000200004f0                hspi5
 COMMON         0x0000000020000548       0x40 Src/stm32f4xx_hal_timebase_tim.o
                0x0000000020000548                htim6
 COMMON         0x0000000020000588       0x40 Src/tim.o
                0x0000000020000588                htim1
 COMMON         0x00000000200005c8      0x2c4 Src/usbh_conf.o
                0x00000000200005c8                hhcd_USB_OTG_HS
                0x000000002000088c                . = ALIGN (0x4)
                0x000000002000088c                _ebss = .
                0x000000002000088c                __bss_end__ = _ebss

._user_heap_stack
                0x000000002000088c      0x600
                0x000000002000088c                . = ALIGN (0x4)
                0x000000002000088c                PROVIDE (end, .)
                [!provide]                        PROVIDE (_end, .)
                0x0000000020000a8c                . = (. + _Min_Heap_Size)
 *fill*         0x000000002000088c      0x200 
                0x0000000020000e8c                . = (. + _Min_Stack_Size)
 *fill*         0x0000000020000a8c      0x400 
                0x0000000020000e8c                . = ALIGN (0x4)

/DISCARD/
 libc.a(*)
 libm.a(*)
 libgcc.a(*)

.ARM.attributes
                0x0000000000000000       0x30
 *(.ARM.attributes)
 .ARM.attributes
                0x0000000000000000       0x22 /opt/Atollic_TrueSTUDIO_for_STM32_x86_64_9.3.0/ARMTools/bin/../lib/gcc/arm-atollic-eabi/6.3.1/armv7e-m/fpu/crti.o
 .ARM.attributes
                0x0000000000000022       0x34 /opt/Atollic_TrueSTUDIO_for_STM32_x86_64_9.3.0/ARMTools/bin/../lib/gcc/arm-atollic-eabi/6.3.1/armv7e-m/fpu/crtbegin.o
 .ARM.attributes
                0x0000000000000056       0x39 Drivers/BSP/Components/ili9341/ili9341.o
 .ARM.attributes
                0x000000000000008f       0x39 Drivers/BSP/Components/stmpe811/stmpe811.o
 .ARM.attributes
                0x00000000000000c8       0x39 Drivers/BSP/STM32F429I-Discovery/stm32f429i_discovery.o
 .ARM.attributes
                0x0000000000000101       0x39 Drivers/BSP/STM32F429I-Discovery/stm32f429i_discovery_lcd.o
 .ARM.attributes
                0x000000000000013a       0x39 Drivers/BSP/STM32F429I-Discovery/stm32f429i_discovery_sdram.o
 .ARM.attributes
                0x0000000000000173       0x39 Drivers/BSP/STM32F429I-Discovery/stm32f429i_discovery_ts.o
 .ARM.attributes
                0x00000000000001ac       0x39 Drivers/STM32F4xx_HAL_Driver/Src/stm32f4xx_hal.o
 .ARM.attributes
                0x00000000000001e5       0x39 Drivers/STM32F4xx_HAL_Driver/Src/stm32f4xx_hal_cortex.o
 .ARM.attributes
                0x000000000000021e       0x39 Drivers/STM32F4xx_HAL_Driver/Src/stm32f4xx_hal_crc.o
 .ARM.attributes
                0x0000000000000257       0x39 Drivers/STM32F4xx_HAL_Driver/Src/stm32f4xx_hal_dma.o
 .ARM.attributes
                0x0000000000000290       0x39 Drivers/STM32F4xx_HAL_Driver/Src/stm32f4xx_hal_dma2d.o
 .ARM.attributes
                0x00000000000002c9       0x39 Drivers/STM32F4xx_HAL_Driver/Src/stm32f4xx_hal_gpio.o
 .ARM.attributes
                0x0000000000000302       0x39 Drivers/STM32F4xx_HAL_Driver/Src/stm32f4xx_hal_hcd.o
 .ARM.attributes
                0x000000000000033b       0x39 Drivers/STM32F4xx_HAL_Driver/Src/stm32f4xx_hal_i2c.o
 .ARM.attributes
                0x0000000000000374       0x39 Drivers/STM32F4xx_HAL_Driver/Src/stm32f4xx_hal_i2c_ex.o
 .ARM.attributes
                0x00000000000003ad       0x39 Drivers/STM32F4xx_HAL_Driver/Src/stm32f4xx_hal_ltdc.o
 .ARM.attributes
                0x00000000000003e6       0x39 Drivers/STM32F4xx_HAL_Driver/Src/stm32f4xx_hal_rcc.o
 .ARM.attributes
                0x000000000000041f       0x39 Drivers/STM32F4xx_HAL_Driver/Src/stm32f4xx_hal_rcc_ex.o
 .ARM.attributes
                0x0000000000000458       0x39 Drivers/STM32F4xx_HAL_Driver/Src/stm32f4xx_hal_sdram.o
 .ARM.attributes
                0x0000000000000491       0x39 Drivers/STM32F4xx_HAL_Driver/Src/stm32f4xx_hal_spi.o
 .ARM.attributes
                0x00000000000004ca       0x39 Drivers/STM32F4xx_HAL_Driver/Src/stm32f4xx_hal_tim.o
 .ARM.attributes
                0x0000000000000503       0x39 Drivers/STM32F4xx_HAL_Driver/Src/stm32f4xx_hal_tim_ex.o
 .ARM.attributes
                0x000000000000053c       0x39 Drivers/STM32F4xx_HAL_Driver/Src/stm32f4xx_ll_fmc.o
 .ARM.attributes
                0x0000000000000575       0x39 Drivers/STM32F4xx_HAL_Driver/Src/stm32f4xx_ll_usb.o
 .ARM.attributes
                0x00000000000005ae       0x39 Middlewares/ST/STM32_USB_Host_Library/Core/Src/usbh_core.o
 .ARM.attributes
                0x00000000000005e7       0x39 Middlewares/ST/STM32_USB_Host_Library/Core/Src/usbh_pipes.o
 .ARM.attributes
                0x0000000000000620       0x39 Src/crc.o
 .ARM.attributes
                0x0000000000000659       0x39 Src/dma2d.o
 .ARM.attributes
                0x0000000000000692       0x39 Src/fmc.o
 .ARM.attributes
                0x00000000000006cb       0x39 Src/gpio.o
 .ARM.attributes
                0x0000000000000704       0x39 Src/i2c.o
 .ARM.attributes
                0x000000000000073d       0x39 Src/ltdc.o
 .ARM.attributes
                0x0000000000000776       0x39 Src/main.o
 .ARM.attributes
                0x00000000000007af       0x39 Src/spi.o
 .ARM.attributes
                0x00000000000007e8       0x39 Src/stm32f4xx_hal_msp.o
 .ARM.attributes
                0x0000000000000821       0x39 Src/stm32f4xx_hal_timebase_tim.o
 .ARM.attributes
                0x000000000000085a       0x39 Src/stm32f4xx_it.o
 .ARM.attributes
                0x0000000000000893       0x39 Src/system_stm32f4xx.o
 .ARM.attributes
                0x00000000000008cc       0x39 Src/tim.o
 .ARM.attributes
                0x0000000000000905       0x39 Src/usbh_conf.o
 .ARM.attributes
                0x000000000000093e       0x21 startup/startup_stm32f429xx.o
 .ARM.attributes
                0x000000000000095f       0x34 /opt/Atollic_TrueSTUDIO_for_STM32_x86_64_9.3.0/ARMTools/bin/../lib/gcc/arm-atollic-eabi/6.3.1/../../../../arm-atollic-eabi/lib/armv7e-m/fpu/libc_nano.a(lib_a-init.o)
 .ARM.attributes
                0x0000000000000993       0x34 /opt/Atollic_TrueSTUDIO_for_STM32_x86_64_9.3.0/ARMTools/bin/../lib/gcc/arm-atollic-eabi/6.3.1/../../../../arm-atollic-eabi/lib/armv7e-m/fpu/libc_nano.a(lib_a-memset.o)
 .ARM.attributes
                0x00000000000009c7       0x22 /opt/Atollic_TrueSTUDIO_for_STM32_x86_64_9.3.0/ARMTools/bin/../lib/gcc/arm-atollic-eabi/6.3.1/armv7e-m/fpu/libgcc.a(_aeabi_uldivmod.o)
 .ARM.attributes
                0x00000000000009e9       0x34 /opt/Atollic_TrueSTUDIO_for_STM32_x86_64_9.3.0/ARMTools/bin/../lib/gcc/arm-atollic-eabi/6.3.1/armv7e-m/fpu/libgcc.a(_udivmoddi4.o)
 .ARM.attributes
                0x0000000000000a1d       0x22 /opt/Atollic_TrueSTUDIO_for_STM32_x86_64_9.3.0/ARMTools/bin/../lib/gcc/arm-atollic-eabi/6.3.1/armv7e-m/fpu/libgcc.a(_dvmd_tls.o)
 .ARM.attributes
                0x0000000000000a3f       0x22 /opt/Atollic_TrueSTUDIO_for_STM32_x86_64_9.3.0/ARMTools/bin/../lib/gcc/arm-atollic-eabi/6.3.1/armv7e-m/fpu/crtn.o
OUTPUT(LCD_BUTTON_TS.elf elf32-littlearm)

.debug_info     0x0000000000000000    0x242c6
 .debug_info    0x0000000000000000      0x340 Drivers/BSP/Components/ili9341/ili9341.o
 .debug_info    0x0000000000000340      0xb90 Drivers/BSP/Components/stmpe811/stmpe811.o
 .debug_info    0x0000000000000ed0     0x17f1 Drivers/BSP/STM32F429I-Discovery/stm32f429i_discovery.o
 .debug_info    0x00000000000026c1     0x2146 Drivers/BSP/STM32F429I-Discovery/stm32f429i_discovery_lcd.o
 .debug_info    0x0000000000004807      0xe67 Drivers/BSP/STM32F429I-Discovery/stm32f429i_discovery_sdram.o
 .debug_info    0x000000000000566e      0x586 Drivers/BSP/STM32F429I-Discovery/stm32f429i_discovery_ts.o
 .debug_info    0x0000000000005bf4      0x994 Drivers/STM32F4xx_HAL_Driver/Src/stm32f4xx_hal.o
 .debug_info    0x0000000000006588      0xe0d Drivers/STM32F4xx_HAL_Driver/Src/stm32f4xx_hal_cortex.o
 .debug_info    0x0000000000007395      0x3ef Drivers/STM32F4xx_HAL_Driver/Src/stm32f4xx_hal_crc.o
 .debug_info    0x0000000000007784      0x913 Drivers/STM32F4xx_HAL_Driver/Src/stm32f4xx_hal_dma.o
 .debug_info    0x0000000000008097      0xe89 Drivers/STM32F4xx_HAL_Driver/Src/stm32f4xx_hal_dma2d.o
 .debug_info    0x0000000000008f20      0x77d Drivers/STM32F4xx_HAL_Driver/Src/stm32f4xx_hal_gpio.o
 .debug_info    0x000000000000969d      0xde4 Drivers/STM32F4xx_HAL_Driver/Src/stm32f4xx_hal_hcd.o
 .debug_info    0x000000000000a481     0x2329 Drivers/STM32F4xx_HAL_Driver/Src/stm32f4xx_hal_i2c.o
 .debug_info    0x000000000000c7aa      0x6c9 Drivers/STM32F4xx_HAL_Driver/Src/stm32f4xx_hal_i2c_ex.o
 .debug_info    0x000000000000ce73     0x10b2 Drivers/STM32F4xx_HAL_Driver/Src/stm32f4xx_hal_ltdc.o
 .debug_info    0x000000000000df25      0x8be Drivers/STM32F4xx_HAL_Driver/Src/stm32f4xx_hal_rcc.o
 .debug_info    0x000000000000e7e3      0x66a Drivers/STM32F4xx_HAL_Driver/Src/stm32f4xx_hal_rcc_ex.o
 .debug_info    0x000000000000ee4d      0xc47 Drivers/STM32F4xx_HAL_Driver/Src/stm32f4xx_hal_sdram.o
 .debug_info    0x000000000000fa94     0x15e6 Drivers/STM32F4xx_HAL_Driver/Src/stm32f4xx_hal_spi.o
 .debug_info    0x000000000001107a     0x2452 Drivers/STM32F4xx_HAL_Driver/Src/stm32f4xx_hal_tim.o
 .debug_info    0x00000000000134cc     0x1102 Drivers/STM32F4xx_HAL_Driver/Src/stm32f4xx_hal_tim_ex.o
 .debug_info    0x00000000000145ce      0xeba Drivers/STM32F4xx_HAL_Driver/Src/stm32f4xx_ll_fmc.o
 .debug_info    0x0000000000015488     0x1888 Drivers/STM32F4xx_HAL_Driver/Src/stm32f4xx_ll_usb.o
 .debug_info    0x0000000000016d10     0x1606 Middlewares/ST/STM32_USB_Host_Library/Core/Src/usbh_core.o
 .debug_info    0x0000000000018316     0x1285 Middlewares/ST/STM32_USB_Host_Library/Core/Src/usbh_pipes.o
 .debug_info    0x000000000001959b      0x4a8 Src/crc.o
 .debug_info    0x0000000000019a43      0x8e2 Src/dma2d.o
 .debug_info    0x000000000001a325      0x94a Src/fmc.o
 .debug_info    0x000000000001ac6f      0x502 Src/gpio.o
 .debug_info    0x000000000001b171      0x9cc Src/i2c.o
 .debug_info    0x000000000001bb3d      0xb37 Src/ltdc.o
 .debug_info    0x000000000001c674     0x206d Src/main.o
 .debug_info    0x000000000001e6e1      0x97e Src/spi.o
 .debug_info    0x000000000001f05f      0x32d Src/stm32f4xx_hal_msp.o
 .debug_info    0x000000000001f38c      0xb28 Src/stm32f4xx_hal_timebase_tim.o
 .debug_info    0x000000000001feb4     0x1179 Src/stm32f4xx_it.o
 .debug_info    0x000000000002102d      0x51f Src/system_stm32f4xx.o
 .debug_info    0x000000000002154c      0xb42 Src/tim.o
 .debug_info    0x000000000002208e     0x21ab Src/usbh_conf.o
 .debug_info    0x0000000000024239       0x8d startup/startup_stm32f429xx.o

.debug_abbrev   0x0000000000000000     0x4d41
 .debug_abbrev  0x0000000000000000      0x14e Drivers/BSP/Components/ili9341/ili9341.o
 .debug_abbrev  0x000000000000014e      0x1d7 Drivers/BSP/Components/stmpe811/stmpe811.o
 .debug_abbrev  0x0000000000000325      0x275 Drivers/BSP/STM32F429I-Discovery/stm32f429i_discovery.o
 .debug_abbrev  0x000000000000059a      0x2bd Drivers/BSP/STM32F429I-Discovery/stm32f429i_discovery_lcd.o
 .debug_abbrev  0x0000000000000857      0x21a Drivers/BSP/STM32F429I-Discovery/stm32f429i_discovery_sdram.o
 .debug_abbrev  0x0000000000000a71      0x173 Drivers/BSP/STM32F429I-Discovery/stm32f429i_discovery_ts.o
 .debug_abbrev  0x0000000000000be4      0x1c6 Drivers/STM32F4xx_HAL_Driver/Src/stm32f4xx_hal.o
 .debug_abbrev  0x0000000000000daa      0x2f5 Drivers/STM32F4xx_HAL_Driver/Src/stm32f4xx_hal_cortex.o
 .debug_abbrev  0x000000000000109f      0x1b2 Drivers/STM32F4xx_HAL_Driver/Src/stm32f4xx_hal_crc.o
 .debug_abbrev  0x0000000000001251      0x224 Drivers/STM32F4xx_HAL_Driver/Src/stm32f4xx_hal_dma.o
 .debug_abbrev  0x0000000000001475      0x20c Drivers/STM32F4xx_HAL_Driver/Src/stm32f4xx_hal_dma2d.o
 .debug_abbrev  0x0000000000001681      0x1c4 Drivers/STM32F4xx_HAL_Driver/Src/stm32f4xx_hal_gpio.o
 .debug_abbrev  0x0000000000001845      0x250 Drivers/STM32F4xx_HAL_Driver/Src/stm32f4xx_hal_hcd.o
 .debug_abbrev  0x0000000000001a95      0x24f Drivers/STM32F4xx_HAL_Driver/Src/stm32f4xx_hal_i2c.o
 .debug_abbrev  0x0000000000001ce4      0x168 Drivers/STM32F4xx_HAL_Driver/Src/stm32f4xx_hal_i2c_ex.o
 .debug_abbrev  0x0000000000001e4c      0x204 Drivers/STM32F4xx_HAL_Driver/Src/stm32f4xx_hal_ltdc.o
 .debug_abbrev  0x0000000000002050      0x240 Drivers/STM32F4xx_HAL_Driver/Src/stm32f4xx_hal_rcc.o
 .debug_abbrev  0x0000000000002290      0x16e Drivers/STM32F4xx_HAL_Driver/Src/stm32f4xx_hal_rcc_ex.o
 .debug_abbrev  0x00000000000023fe      0x1f2 Drivers/STM32F4xx_HAL_Driver/Src/stm32f4xx_hal_sdram.o
 .debug_abbrev  0x00000000000025f0      0x23b Drivers/STM32F4xx_HAL_Driver/Src/stm32f4xx_hal_spi.o
 .debug_abbrev  0x000000000000282b      0x229 Drivers/STM32F4xx_HAL_Driver/Src/stm32f4xx_hal_tim.o
 .debug_abbrev  0x0000000000002a54      0x217 Drivers/STM32F4xx_HAL_Driver/Src/stm32f4xx_hal_tim_ex.o
 .debug_abbrev  0x0000000000002c6b      0x187 Drivers/STM32F4xx_HAL_Driver/Src/stm32f4xx_ll_fmc.o
 .debug_abbrev  0x0000000000002df2      0x265 Drivers/STM32F4xx_HAL_Driver/Src/stm32f4xx_ll_usb.o
 .debug_abbrev  0x0000000000003057      0x34c Middlewares/ST/STM32_USB_Host_Library/Core/Src/usbh_core.o
 .debug_abbrev  0x00000000000033a3      0x29b Middlewares/ST/STM32_USB_Host_Library/Core/Src/usbh_pipes.o
 .debug_abbrev  0x000000000000363e      0x154 Src/crc.o
 .debug_abbrev  0x0000000000003792      0x198 Src/dma2d.o
 .debug_abbrev  0x000000000000392a      0x1e0 Src/fmc.o
 .debug_abbrev  0x0000000000003b0a      0x12f Src/gpio.o
 .debug_abbrev  0x0000000000003c39      0x194 Src/i2c.o
 .debug_abbrev  0x0000000000003dcd      0x177 Src/ltdc.o
 .debug_abbrev  0x0000000000003f44      0x259 Src/main.o
 .debug_abbrev  0x000000000000419d      0x194 Src/spi.o
 .debug_abbrev  0x0000000000004331       0xec Src/stm32f4xx_hal_msp.o
 .debug_abbrev  0x000000000000441d      0x196 Src/stm32f4xx_hal_timebase_tim.o
 .debug_abbrev  0x00000000000045b3      0x19a Src/stm32f4xx_it.o
 .debug_abbrev  0x000000000000474d      0x10e Src/system_stm32f4xx.o
 .debug_abbrev  0x000000000000485b      0x192 Src/tim.o
 .debug_abbrev  0x00000000000049ed      0x342 Src/usbh_conf.o
 .debug_abbrev  0x0000000000004d2f       0x12 startup/startup_stm32f429xx.o

.debug_aranges  0x0000000000000000     0x1e28
 .debug_aranges
                0x0000000000000000       0x60 Drivers/BSP/Components/ili9341/ili9341.o
 .debug_aranges
                0x0000000000000060      0x128 Drivers/BSP/Components/stmpe811/stmpe811.o
 .debug_aranges
                0x0000000000000188      0x138 Drivers/BSP/STM32F429I-Discovery/stm32f429i_discovery.o
 .debug_aranges
                0x00000000000002c0      0x1a8 Drivers/BSP/STM32F429I-Discovery/stm32f429i_discovery_lcd.o
 .debug_aranges
                0x0000000000000468       0x68 Drivers/BSP/STM32F429I-Discovery/stm32f429i_discovery_sdram.o
 .debug_aranges
                0x00000000000004d0       0x40 Drivers/BSP/STM32F429I-Discovery/stm32f429i_discovery_ts.o
 .debug_aranges
                0x0000000000000510      0x100 Drivers/STM32F4xx_HAL_Driver/Src/stm32f4xx_hal.o
 .debug_aranges
                0x0000000000000610      0x118 Drivers/STM32F4xx_HAL_Driver/Src/stm32f4xx_hal_cortex.o
 .debug_aranges
                0x0000000000000728       0x50 Drivers/STM32F4xx_HAL_Driver/Src/stm32f4xx_hal_crc.o
 .debug_aranges
                0x0000000000000778       0x90 Drivers/STM32F4xx_HAL_Driver/Src/stm32f4xx_hal_dma.o
 .debug_aranges
                0x0000000000000808      0x108 Drivers/STM32F4xx_HAL_Driver/Src/stm32f4xx_hal_dma2d.o
 .debug_aranges
                0x0000000000000910       0x58 Drivers/STM32F4xx_HAL_Driver/Src/stm32f4xx_hal_gpio.o
 .debug_aranges
                0x0000000000000968       0xf0 Drivers/STM32F4xx_HAL_Driver/Src/stm32f4xx_hal_hcd.o
 .debug_aranges
                0x0000000000000a58      0x290 Drivers/STM32F4xx_HAL_Driver/Src/stm32f4xx_hal_i2c.o
 .debug_aranges
                0x0000000000000ce8       0x28 Drivers/STM32F4xx_HAL_Driver/Src/stm32f4xx_hal_i2c_ex.o
 .debug_aranges
                0x0000000000000d10      0x158 Drivers/STM32F4xx_HAL_Driver/Src/stm32f4xx_hal_ltdc.o
 .debug_aranges
                0x0000000000000e68       0x88 Drivers/STM32F4xx_HAL_Driver/Src/stm32f4xx_hal_rcc.o
 .debug_aranges
                0x0000000000000ef0       0x58 Drivers/STM32F4xx_HAL_Driver/Src/stm32f4xx_hal_rcc_ex.o
 .debug_aranges
                0x0000000000000f48       0xd0 Drivers/STM32F4xx_HAL_Driver/Src/stm32f4xx_hal_sdram.o
 .debug_aranges
                0x0000000000001018      0x1d0 Drivers/STM32F4xx_HAL_Driver/Src/stm32f4xx_hal_spi.o
 .debug_aranges
                0x00000000000011e8      0x3a8 Drivers/STM32F4xx_HAL_Driver/Src/stm32f4xx_hal_tim.o
 .debug_aranges
                0x0000000000001590      0x150 Drivers/STM32F4xx_HAL_Driver/Src/stm32f4xx_hal_tim_ex.o
 .debug_aranges
                0x00000000000016e0       0xf0 Drivers/STM32F4xx_HAL_Driver/Src/stm32f4xx_ll_fmc.o
 .debug_aranges
                0x00000000000017d0      0x198 Drivers/STM32F4xx_HAL_Driver/Src/stm32f4xx_ll_usb.o
 .debug_aranges
                0x0000000000001968       0xc0 Middlewares/ST/STM32_USB_Host_Library/Core/Src/usbh_core.o
 .debug_aranges
                0x0000000000001a28       0x40 Middlewares/ST/STM32_USB_Host_Library/Core/Src/usbh_pipes.o
 .debug_aranges
                0x0000000000001a68       0x30 Src/crc.o
 .debug_aranges
                0x0000000000001a98       0x30 Src/dma2d.o
 .debug_aranges
                0x0000000000001ac8       0x40 Src/fmc.o
 .debug_aranges
                0x0000000000001b08       0x20 Src/gpio.o
 .debug_aranges
                0x0000000000001b28       0x30 Src/i2c.o
 .debug_aranges
                0x0000000000001b58       0x30 Src/ltdc.o
 .debug_aranges
                0x0000000000001b88       0x48 Src/main.o
 .debug_aranges
                0x0000000000001bd0       0x30 Src/spi.o
 .debug_aranges
                0x0000000000001c00       0x20 Src/stm32f4xx_hal_msp.o
 .debug_aranges
                0x0000000000001c20       0x30 Src/stm32f4xx_hal_timebase_tim.o
 .debug_aranges
                0x0000000000001c50       0x80 Src/stm32f4xx_it.o
 .debug_aranges
                0x0000000000001cd0       0x28 Src/system_stm32f4xx.o
 .debug_aranges
                0x0000000000001cf8       0x30 Src/tim.o
 .debug_aranges
                0x0000000000001d28       0xd8 Src/usbh_conf.o
 .debug_aranges
                0x0000000000001e00       0x28 startup/startup_stm32f429xx.o

.debug_ranges   0x0000000000000000     0x1bc0
 .debug_ranges  0x0000000000000000       0x50 Drivers/BSP/Components/ili9341/ili9341.o
 .debug_ranges  0x0000000000000050      0x118 Drivers/BSP/Components/stmpe811/stmpe811.o
 .debug_ranges  0x0000000000000168      0x128 Drivers/BSP/STM32F429I-Discovery/stm32f429i_discovery.o
 .debug_ranges  0x0000000000000290      0x198 Drivers/BSP/STM32F429I-Discovery/stm32f429i_discovery_lcd.o
 .debug_ranges  0x0000000000000428       0x58 Drivers/BSP/STM32F429I-Discovery/stm32f429i_discovery_sdram.o
 .debug_ranges  0x0000000000000480       0x30 Drivers/BSP/STM32F429I-Discovery/stm32f429i_discovery_ts.o
 .debug_ranges  0x00000000000004b0       0xf0 Drivers/STM32F4xx_HAL_Driver/Src/stm32f4xx_hal.o
 .debug_ranges  0x00000000000005a0      0x108 Drivers/STM32F4xx_HAL_Driver/Src/stm32f4xx_hal_cortex.o
 .debug_ranges  0x00000000000006a8       0x40 Drivers/STM32F4xx_HAL_Driver/Src/stm32f4xx_hal_crc.o
 .debug_ranges  0x00000000000006e8       0x80 Drivers/STM32F4xx_HAL_Driver/Src/stm32f4xx_hal_dma.o
 .debug_ranges  0x0000000000000768       0xf8 Drivers/STM32F4xx_HAL_Driver/Src/stm32f4xx_hal_dma2d.o
 .debug_ranges  0x0000000000000860       0x48 Drivers/STM32F4xx_HAL_Driver/Src/stm32f4xx_hal_gpio.o
 .debug_ranges  0x00000000000008a8       0xe0 Drivers/STM32F4xx_HAL_Driver/Src/stm32f4xx_hal_hcd.o
 .debug_ranges  0x0000000000000988      0x2a0 Drivers/STM32F4xx_HAL_Driver/Src/stm32f4xx_hal_i2c.o
 .debug_ranges  0x0000000000000c28       0x18 Drivers/STM32F4xx_HAL_Driver/Src/stm32f4xx_hal_i2c_ex.o
 .debug_ranges  0x0000000000000c40      0x148 Drivers/STM32F4xx_HAL_Driver/Src/stm32f4xx_hal_ltdc.o
 .debug_ranges  0x0000000000000d88       0x78 Drivers/STM32F4xx_HAL_Driver/Src/stm32f4xx_hal_rcc.o
 .debug_ranges  0x0000000000000e00       0x48 Drivers/STM32F4xx_HAL_Driver/Src/stm32f4xx_hal_rcc_ex.o
 .debug_ranges  0x0000000000000e48       0xc0 Drivers/STM32F4xx_HAL_Driver/Src/stm32f4xx_hal_sdram.o
 .debug_ranges  0x0000000000000f08      0x1c0 Drivers/STM32F4xx_HAL_Driver/Src/stm32f4xx_hal_spi.o
 .debug_ranges  0x00000000000010c8      0x398 Drivers/STM32F4xx_HAL_Driver/Src/stm32f4xx_hal_tim.o
 .debug_ranges  0x0000000000001460      0x140 Drivers/STM32F4xx_HAL_Driver/Src/stm32f4xx_hal_tim_ex.o
 .debug_ranges  0x00000000000015a0       0xe0 Drivers/STM32F4xx_HAL_Driver/Src/stm32f4xx_ll_fmc.o
 .debug_ranges  0x0000000000001680      0x188 Drivers/STM32F4xx_HAL_Driver/Src/stm32f4xx_ll_usb.o
 .debug_ranges  0x0000000000001808       0xb0 Middlewares/ST/STM32_USB_Host_Library/Core/Src/usbh_core.o
 .debug_ranges  0x00000000000018b8       0x30 Middlewares/ST/STM32_USB_Host_Library/Core/Src/usbh_pipes.o
 .debug_ranges  0x00000000000018e8       0x20 Src/crc.o
 .debug_ranges  0x0000000000001908       0x20 Src/dma2d.o
 .debug_ranges  0x0000000000001928       0x30 Src/fmc.o
 .debug_ranges  0x0000000000001958       0x10 Src/gpio.o
 .debug_ranges  0x0000000000001968       0x20 Src/i2c.o
 .debug_ranges  0x0000000000001988       0x20 Src/ltdc.o
 .debug_ranges  0x00000000000019a8       0x38 Src/main.o
 .debug_ranges  0x00000000000019e0       0x20 Src/spi.o
 .debug_ranges  0x0000000000001a00       0x10 Src/stm32f4xx_hal_msp.o
 .debug_ranges  0x0000000000001a10       0x20 Src/stm32f4xx_hal_timebase_tim.o
 .debug_ranges  0x0000000000001a30       0x70 Src/stm32f4xx_it.o
 .debug_ranges  0x0000000000001aa0       0x18 Src/system_stm32f4xx.o
 .debug_ranges  0x0000000000001ab8       0x20 Src/tim.o
 .debug_ranges  0x0000000000001ad8       0xc8 Src/usbh_conf.o
 .debug_ranges  0x0000000000001ba0       0x20 startup/startup_stm32f429xx.o

.debug_line     0x0000000000000000     0xd982
 .debug_line    0x0000000000000000      0x26c Drivers/BSP/Components/ili9341/ili9341.o
 .debug_line    0x000000000000026c      0x466 Drivers/BSP/Components/stmpe811/stmpe811.o
 .debug_line    0x00000000000006d2      0x5ab Drivers/BSP/STM32F429I-Discovery/stm32f429i_discovery.o
 .debug_line    0x0000000000000c7d      0x989 Drivers/BSP/STM32F429I-Discovery/stm32f429i_discovery_lcd.o
 .debug_line    0x0000000000001606      0x362 Drivers/BSP/STM32F429I-Discovery/stm32f429i_discovery_sdram.o
 .debug_line    0x0000000000001968      0x2f9 Drivers/BSP/STM32F429I-Discovery/stm32f429i_discovery_ts.o
 .debug_line    0x0000000000001c61      0x42a Drivers/STM32F4xx_HAL_Driver/Src/stm32f4xx_hal.o
 .debug_line    0x000000000000208b      0x52a Drivers/STM32F4xx_HAL_Driver/Src/stm32f4xx_hal_cortex.o
 .debug_line    0x00000000000025b5      0x2ae Drivers/STM32F4xx_HAL_Driver/Src/stm32f4xx_hal_crc.o
 .debug_line    0x0000000000002863      0x4dc Drivers/STM32F4xx_HAL_Driver/Src/stm32f4xx_hal_dma.o
 .debug_line    0x0000000000002d3f      0x76c Drivers/STM32F4xx_HAL_Driver/Src/stm32f4xx_hal_dma2d.o
 .debug_line    0x00000000000034ab      0x415 Drivers/STM32F4xx_HAL_Driver/Src/stm32f4xx_hal_gpio.o
 .debug_line    0x00000000000038c0      0x6a5 Drivers/STM32F4xx_HAL_Driver/Src/stm32f4xx_hal_hcd.o
 .debug_line    0x0000000000003f65     0x1604 Drivers/STM32F4xx_HAL_Driver/Src/stm32f4xx_hal_i2c.o
 .debug_line    0x0000000000005569      0x245 Drivers/STM32F4xx_HAL_Driver/Src/stm32f4xx_hal_i2c_ex.o
 .debug_line    0x00000000000057ae      0xad1 Drivers/STM32F4xx_HAL_Driver/Src/stm32f4xx_hal_ltdc.o
 .debug_line    0x000000000000627f      0x483 Drivers/STM32F4xx_HAL_Driver/Src/stm32f4xx_hal_rcc.o
 .debug_line    0x0000000000006702      0x3ac Drivers/STM32F4xx_HAL_Driver/Src/stm32f4xx_hal_rcc_ex.o
 .debug_line    0x0000000000006aae      0x584 Drivers/STM32F4xx_HAL_Driver/Src/stm32f4xx_hal_sdram.o
 .debug_line    0x0000000000007032      0xbcf Drivers/STM32F4xx_HAL_Driver/Src/stm32f4xx_hal_spi.o
 .debug_line    0x0000000000007c01     0x1485 Drivers/STM32F4xx_HAL_Driver/Src/stm32f4xx_hal_tim.o
 .debug_line    0x0000000000009086      0x842 Drivers/STM32F4xx_HAL_Driver/Src/stm32f4xx_hal_tim_ex.o
 .debug_line    0x00000000000098c8      0x58e Drivers/STM32F4xx_HAL_Driver/Src/stm32f4xx_ll_fmc.o
 .debug_line    0x0000000000009e56      0x958 Drivers/STM32F4xx_HAL_Driver/Src/stm32f4xx_ll_usb.o
 .debug_line    0x000000000000a7ae      0x610 Middlewares/ST/STM32_USB_Host_Library/Core/Src/usbh_core.o
 .debug_line    0x000000000000adbe      0x343 Middlewares/ST/STM32_USB_Host_Library/Core/Src/usbh_pipes.o
 .debug_line    0x000000000000b101      0x210 Src/crc.o
 .debug_line    0x000000000000b311      0x223 Src/dma2d.o
 .debug_line    0x000000000000b534      0x2cc Src/fmc.o
 .debug_line    0x000000000000b800      0x1f5 Src/gpio.o
 .debug_line    0x000000000000b9f5      0x25d Src/i2c.o
 .debug_line    0x000000000000bc52      0x292 Src/ltdc.o
 .debug_line    0x000000000000bee4      0x752 Src/main.o
 .debug_line    0x000000000000c636      0x254 Src/spi.o
 .debug_line    0x000000000000c88a      0x198 Src/stm32f4xx_hal_msp.o
 .debug_line    0x000000000000ca22      0x256 Src/stm32f4xx_hal_timebase_tim.o
 .debug_line    0x000000000000cc78      0x339 Src/stm32f4xx_it.o
 .debug_line    0x000000000000cfb1      0x1c3 Src/system_stm32f4xx.o
 .debug_line    0x000000000000d174      0x23a Src/tim.o
 .debug_line    0x000000000000d3ae      0x555 Src/usbh_conf.o
 .debug_line    0x000000000000d903       0x7f startup/startup_stm32f429xx.o

.debug_str      0x0000000000000000     0x9167
 .debug_str     0x0000000000000000      0x2bb Drivers/BSP/Components/ili9341/ili9341.o
                                        0x376 (size before relaxing)
 .debug_str     0x00000000000002bb      0x5a3 Drivers/BSP/Components/stmpe811/stmpe811.o
                                        0x818 (size before relaxing)
 .debug_str     0x000000000000085e     0x10cd Drivers/BSP/STM32F429I-Discovery/stm32f429i_discovery.o
                                       0x13b6 (size before relaxing)
 .debug_str     0x000000000000192b      0xc62 Drivers/BSP/STM32F429I-Discovery/stm32f429i_discovery_lcd.o
                                       0x121c (size before relaxing)
 .debug_str     0x000000000000258d      0x3ec Drivers/BSP/STM32F429I-Discovery/stm32f429i_discovery_sdram.o
                                        0xf7f (size before relaxing)
 .debug_str     0x0000000000002979       0xf6 Drivers/BSP/STM32F429I-Discovery/stm32f429i_discovery_ts.o
                                        0x5e4 (size before relaxing)
 .debug_str     0x0000000000002a6f      0x35f Drivers/STM32F4xx_HAL_Driver/Src/stm32f4xx_hal.o