Archive member included to satisfy reference by file (symbol)

/opt/Atollic_TrueSTUDIO_for_STM32_x86_64_9.3.0/ARMTools/bin/../lib/gcc/arm-atollic-eabi/6.3.1/../../../../arm-atollic-eabi/lib/armv7e-m/fpu/libc_nano.a(lib_a-errno.o)
                              Src/syscalls.o (__errno)
/opt/Atollic_TrueSTUDIO_for_STM32_x86_64_9.3.0/ARMTools/bin/../lib/gcc/arm-atollic-eabi/6.3.1/../../../../arm-atollic-eabi/lib/armv7e-m/fpu/libc_nano.a(lib_a-impure.o)
                              /opt/Atollic_TrueSTUDIO_for_STM32_x86_64_9.3.0/ARMTools/bin/../lib/gcc/arm-atollic-eabi/6.3.1/../../../../arm-atollic-eabi/lib/armv7e-m/fpu/libc_nano.a(lib_a-errno.o) (_impure_ptr)
/opt/Atollic_TrueSTUDIO_for_STM32_x86_64_9.3.0/ARMTools/bin/../lib/gcc/arm-atollic-eabi/6.3.1/../../../../arm-atollic-eabi/lib/armv7e-m/fpu/libc_nano.a(lib_a-init.o)
                              startup/startup_stm32f429xx.o (__libc_init_array)
/opt/Atollic_TrueSTUDIO_for_STM32_x86_64_9.3.0/ARMTools/bin/../lib/gcc/arm-atollic-eabi/6.3.1/../../../../arm-atollic-eabi/lib/armv7e-m/fpu/libc_nano.a(lib_a-malloc.o)
                              Middlewares/ST/STM32_USB_Host_Library/Class/CDC/Src/usbh_cdc.o (malloc)
/opt/Atollic_TrueSTUDIO_for_STM32_x86_64_9.3.0/ARMTools/bin/../lib/gcc/arm-atollic-eabi/6.3.1/../../../../arm-atollic-eabi/lib/armv7e-m/fpu/libc_nano.a(lib_a-memset.o)
                              Src/ltdc.o (memset)
/opt/Atollic_TrueSTUDIO_for_STM32_x86_64_9.3.0/ARMTools/bin/../lib/gcc/arm-atollic-eabi/6.3.1/../../../../arm-atollic-eabi/lib/armv7e-m/fpu/libc_nano.a(lib_a-nano-freer.o)
                              /opt/Atollic_TrueSTUDIO_for_STM32_x86_64_9.3.0/ARMTools/bin/../lib/gcc/arm-atollic-eabi/6.3.1/../../../../arm-atollic-eabi/lib/armv7e-m/fpu/libc_nano.a(lib_a-malloc.o) (_free_r)
/opt/Atollic_TrueSTUDIO_for_STM32_x86_64_9.3.0/ARMTools/bin/../lib/gcc/arm-atollic-eabi/6.3.1/../../../../arm-atollic-eabi/lib/armv7e-m/fpu/libc_nano.a(lib_a-nano-mallocr.o)
                              /opt/Atollic_TrueSTUDIO_for_STM32_x86_64_9.3.0/ARMTools/bin/../lib/gcc/arm-atollic-eabi/6.3.1/../../../../arm-atollic-eabi/lib/armv7e-m/fpu/libc_nano.a(lib_a-malloc.o) (_malloc_r)
/opt/Atollic_TrueSTUDIO_for_STM32_x86_64_9.3.0/ARMTools/bin/../lib/gcc/arm-atollic-eabi/6.3.1/../../../../arm-atollic-eabi/lib/armv7e-m/fpu/libc_nano.a(lib_a-sbrkr.o)
                              /opt/Atollic_TrueSTUDIO_for_STM32_x86_64_9.3.0/ARMTools/bin/../lib/gcc/arm-atollic-eabi/6.3.1/../../../../arm-atollic-eabi/lib/armv7e-m/fpu/libc_nano.a(lib_a-nano-mallocr.o) (_sbrk_r)
/opt/Atollic_TrueSTUDIO_for_STM32_x86_64_9.3.0/ARMTools/bin/../lib/gcc/arm-atollic-eabi/6.3.1/../../../../arm-atollic-eabi/lib/armv7e-m/fpu/libc_nano.a(lib_a-mlock.o)
                              /opt/Atollic_TrueSTUDIO_for_STM32_x86_64_9.3.0/ARMTools/bin/../lib/gcc/arm-atollic-eabi/6.3.1/../../../../arm-atollic-eabi/lib/armv7e-m/fpu/libc_nano.a(lib_a-nano-freer.o) (__malloc_lock)
/opt/Atollic_TrueSTUDIO_for_STM32_x86_64_9.3.0/ARMTools/bin/../lib/gcc/arm-atollic-eabi/6.3.1/../../../../arm-atollic-eabi/lib/armv7e-m/fpu/libc_nano.a(lib_a-reent.o)
                              /opt/Atollic_TrueSTUDIO_for_STM32_x86_64_9.3.0/ARMTools/bin/../lib/gcc/arm-atollic-eabi/6.3.1/../../../../arm-atollic-eabi/lib/armv7e-m/fpu/libc_nano.a(lib_a-sbrkr.o) (errno)
/opt/Atollic_TrueSTUDIO_for_STM32_x86_64_9.3.0/ARMTools/bin/../lib/gcc/arm-atollic-eabi/6.3.1/armv7e-m/fpu/libgcc.a(_aeabi_uldivmod.o)
                              Drivers/STM32F4xx_HAL_Driver/Src/stm32f4xx_hal_rcc.o (__aeabi_uldivmod)
/opt/Atollic_TrueSTUDIO_for_STM32_x86_64_9.3.0/ARMTools/bin/../lib/gcc/arm-atollic-eabi/6.3.1/armv7e-m/fpu/libgcc.a(_udivmoddi4.o)
                              /opt/Atollic_TrueSTUDIO_for_STM32_x86_64_9.3.0/ARMTools/bin/../lib/gcc/arm-atollic-eabi/6.3.1/armv7e-m/fpu/libgcc.a(_aeabi_uldivmod.o) (__udivmoddi4)
/opt/Atollic_TrueSTUDIO_for_STM32_x86_64_9.3.0/ARMTools/bin/../lib/gcc/arm-atollic-eabi/6.3.1/armv7e-m/fpu/libgcc.a(_dvmd_tls.o)
                              /opt/Atollic_TrueSTUDIO_for_STM32_x86_64_9.3.0/ARMTools/bin/../lib/gcc/arm-atollic-eabi/6.3.1/armv7e-m/fpu/libgcc.a(_aeabi_uldivmod.o) (__aeabi_ldiv0)

Allocating common symbols
Common symbol       size              file

hi2c3               0x54              Src/i2c.o
_100_msec           0x1               Src/main.o
hspi5               0x58              Src/spi.o
errno               0x4               /opt/Atollic_TrueSTUDIO_for_STM32_x86_64_9.3.0/ARMTools/bin/../lib/gcc/arm-atollic-eabi/6.3.1/../../../../arm-atollic-eabi/lib/armv7e-m/fpu/libc_nano.a(lib_a-reent.o)
hcrc                0x8               Src/crc.o
LtdcHandler         0xa8              Drivers/BSP/STM32F429I-Discovery/stm32f429i_discovery_lcd.o
ts                  0x8               Src/main.o
_1_sec              0x1               Src/main.o
uwTick              0x4               Drivers/STM32F4xx_HAL_Driver/Src/stm32f4xx_hal.o
[...]
Memory Configuration

Name             Origin             Length             Attributes
RAM              0x0000000020000000 0x0000000000030000 xrw
CCMRAM           0x0000000010000000 0x0000000000010000 rw
FLASH            0x0000000008000000 0x0000000000200000 xr
*default*        0x0000000000000000 0xffffffffffffffff

Linker script and memory map

LOAD /opt/Atollic_TrueSTUDIO_for_STM32_x86_64_9.3.0/ARMTools/bin/../lib/gcc/arm-atollic-eabi/6.3.1/armv7e-m/fpu/crti.o
LOAD /opt/Atollic_TrueSTUDIO_for_STM32_x86_64_9.3.0/ARMTools/bin/../lib/gcc/arm-atollic-eabi/6.3.1/armv7e-m/fpu/crtbegin.o
LOAD Drivers/BSP/Components/cs43l22/cs43l22.o
LOAD Drivers/BSP/Components/exc7200/exc7200.o
LOAD Drivers/BSP/Components/ft6x06/ft6x06.o
LOAD Drivers/BSP/Components/ili9325/ili9325.o
LOAD Drivers/BSP/Components/ili9341/ili9341.o
LOAD Drivers/BSP/Components/l3gd20/l3gd20.o
LOAD Drivers/BSP/Components/lis302dl/lis302dl.o
LOAD Drivers/BSP/Components/lis3dsh/lis3dsh.o
LOAD Drivers/BSP/Components/ls016b8uy/ls016b8uy.o
LOAD Drivers/BSP/Components/lsm303dlhc/lsm303dlhc.o
LOAD Drivers/BSP/Components/mfxstm32l152/mfxstm32l152.o
LOAD Drivers/BSP/Components/otm8009a/otm8009a.o
LOAD Drivers/BSP/Components/ov2640/ov2640.o
LOAD Drivers/BSP/Components/s5k5cag/s5k5cag.o
LOAD Drivers/BSP/Components/st7735/st7735.o
LOAD Drivers/BSP/Components/st7789h2/st7789h2.o
LOAD Drivers/BSP/Components/stmpe1600/stmpe1600.o
LOAD Drivers/BSP/Components/stmpe811/stmpe811.o
LOAD Drivers/BSP/Components/ts3510/ts3510.o
LOAD Drivers/BSP/Components/wm8994/wm8994.o
LOAD Drivers/BSP/STM32F429I-Discovery/stm32f429i_discovery.o
LOAD Drivers/BSP/STM32F429I-Discovery/stm32f429i_discovery_eeprom.o
LOAD Drivers/BSP/STM32F429I-Discovery/stm32f429i_discovery_gyroscope.o
LOAD Drivers/BSP/STM32F429I-Discovery/stm32f429i_discovery_io.o
LOAD Drivers/BSP/STM32F429I-Discovery/stm32f429i_discovery_lcd.o
LOAD Drivers/BSP/STM32F429I-Discovery/stm32f429i_discovery_sdram.o
LOAD Drivers/BSP/STM32F429I-Discovery/stm32f429i_discovery_ts.o
LOAD Drivers/STM32F4xx_HAL_Driver/Src/stm32f4xx_hal.o
LOAD Drivers/STM32F4xx_HAL_Driver/Src/stm32f4xx_hal_cortex.o
LOAD Drivers/STM32F4xx_HAL_Driver/Src/stm32f4xx_hal_crc.o
LOAD Drivers/STM32F4xx_HAL_Driver/Src/stm32f4xx_hal_dma.o
LOAD Drivers/STM32F4xx_HAL_Driver/Src/stm32f4xx_hal_dma2d.o
LOAD Drivers/STM32F4xx_HAL_Driver/Src/stm32f4xx_hal_dma_ex.o
LOAD Drivers/STM32F4xx_HAL_Driver/Src/stm32f4xx_hal_dsi.o
LOAD Drivers/STM32F4xx_HAL_Driver/Src/stm32f4xx_hal_exti.o
LOAD Drivers/STM32F4xx_HAL_Driver/Src/stm32f4xx_hal_flash.o
LOAD Drivers/STM32F4xx_HAL_Driver/Src/stm32f4xx_hal_flash_ex.o
LOAD Drivers/STM32F4xx_HAL_Driver/Src/stm32f4xx_hal_flash_ramfunc.o
LOAD Drivers/STM32F4xx_HAL_Driver/Src/stm32f4xx_hal_gpio.o
LOAD Drivers/STM32F4xx_HAL_Driver/Src/stm32f4xx_hal_hcd.o
LOAD Drivers/STM32F4xx_HAL_Driver/Src/stm32f4xx_hal_i2c.o
LOAD Drivers/STM32F4xx_HAL_Driver/Src/stm32f4xx_hal_i2c_ex.o
LOAD Drivers/STM32F4xx_HAL_Driver/Src/stm32f4xx_hal_ltdc.o
LOAD Drivers/STM32F4xx_HAL_Driver/Src/stm32f4xx_hal_ltdc_ex.o
LOAD Drivers/STM32F4xx_HAL_Driver/Src/stm32f4xx_hal_pwr.o
LOAD Drivers/STM32F4xx_HAL_Driver/Src/stm32f4xx_hal_pwr_ex.o
LOAD Drivers/STM32F4xx_HAL_Driver/Src/stm32f4xx_hal_rcc.o
LOAD Drivers/STM32F4xx_HAL_Driver/Src/stm32f4xx_hal_rcc_ex.o
LOAD Drivers/STM32F4xx_HAL_Driver/Src/stm32f4xx_hal_sdram.o
LOAD Drivers/STM32F4xx_HAL_Driver/Src/stm32f4xx_hal_spi.o
LOAD Drivers/STM32F4xx_HAL_Driver/Src/stm32f4xx_hal_tim.o
LOAD Drivers/STM32F4xx_HAL_Driver/Src/stm32f4xx_hal_tim_ex.o
LOAD Drivers/STM32F4xx_HAL_Driver/Src/stm32f4xx_hal_uart.o
LOAD Drivers/STM32F4xx_HAL_Driver/Src/stm32f4xx_ll_fmc.o
LOAD Drivers/STM32F4xx_HAL_Driver/Src/stm32f4xx_ll_usb.o
LOAD Middlewares/ST/STM32_USB_Host_Library/Class/CDC/Src/usbh_cdc.o
LOAD Middlewares/ST/STM32_USB_Host_Library/Core/Src/usbh_core.o
LOAD Middlewares/ST/STM32_USB_Host_Library/Core/Src/usbh_ctlreq.o
LOAD Middlewares/ST/STM32_USB_Host_Library/Core/Src/usbh_ioreq.o
LOAD Middlewares/ST/STM32_USB_Host_Library/Core/Src/usbh_pipes.o
LOAD Src/crc.o
LOAD Src/dma2d.o
LOAD Src/fmc.o
LOAD Src/gpio.o
LOAD Src/i2c.o
LOAD Src/ltdc.o
LOAD Src/main.o
LOAD Src/spi.o
LOAD Src/stm32f4xx_hal_msp.o
LOAD Src/stm32f4xx_hal_timebase_tim.o
LOAD Src/stm32f4xx_it.o
LOAD Src/syscalls.o
LOAD Src/system_stm32f4xx.o
LOAD Src/tim.o
LOAD Src/usart.o
LOAD Src/usb_host.o
LOAD Src/usbh_conf.o
LOAD Src/usbh_platform.o
LOAD startup/startup_stm32f429xx.o
                0x0000000000000080                malloc_getpagesize_P = 0x80
START GROUP
LOAD /opt/Atollic_TrueSTUDIO_for_STM32_x86_64_9.3.0/ARMTools/bin/../lib/gcc/arm-atollic-eabi/6.3.1/../../../../arm-atollic-eabi/lib/armv7e-m/fpu/libc_nano.a
LOAD /opt/Atollic_TrueSTUDIO_for_STM32_x86_64_9.3.0/ARMTools/bin/../lib/gcc/arm-atollic-eabi/6.3.1/../../../../arm-atollic-eabi/lib/armv7e-m/fpu/libm.a
END GROUP
START GROUP
LOAD /opt/Atollic_TrueSTUDIO_for_STM32_x86_64_9.3.0/ARMTools/bin/../lib/gcc/arm-atollic-eabi/6.3.1/armv7e-m/fpu/libgcc.a
LOAD /opt/Atollic_TrueSTUDIO_for_STM32_x86_64_9.3.0/ARMTools/bin/../lib/gcc/arm-atollic-eabi/6.3.1/../../../../arm-atollic-eabi/lib/armv7e-m/fpu/libc_nano.a
END GROUP
START GROUP
LOAD /opt/Atollic_TrueSTUDIO_for_STM32_x86_64_9.3.0/ARMTools/bin/../lib/gcc/arm-atollic-eabi/6.3.1/armv7e-m/fpu/libgcc.a
LOAD /opt/Atollic_TrueSTUDIO_for_STM32_x86_64_9.3.0/ARMTools/bin/../lib/gcc/arm-atollic-eabi/6.3.1/../../../../arm-atollic-eabi/lib/armv7e-m/fpu/libc_nano.a
LOAD /opt/Atollic_TrueSTUDIO_for_STM32_x86_64_9.3.0/ARMTools/bin/../lib/gcc/arm-atollic-eabi/6.3.1/../../../../arm-atollic-eabi/lib/armv7e-m/fpu/libnosys.a
END GROUP
START GROUP
LOAD /opt/Atollic_TrueSTUDIO_for_STM32_x86_64_9.3.0/ARMTools/bin/../lib/gcc/arm-atollic-eabi/6.3.1/armv7e-m/fpu/libgcc.a
LOAD /opt/Atollic_TrueSTUDIO_for_STM32_x86_64_9.3.0/ARMTools/bin/../lib/gcc/arm-atollic-eabi/6.3.1/../../../../arm-atollic-eabi/lib/armv7e-m/fpu/libc_nano.a
LOAD /opt/Atollic_TrueSTUDIO_for_STM32_x86_64_9.3.0/ARMTools/bin/../lib/gcc/arm-atollic-eabi/6.3.1/../../../../arm-atollic-eabi/lib/armv7e-m/fpu/libnosys.a
END GROUP
LOAD /opt/Atollic_TrueSTUDIO_for_STM32_x86_64_9.3.0/ARMTools/bin/../lib/gcc/arm-atollic-eabi/6.3.1/armv7e-m/fpu/crtend.o
LOAD /opt/Atollic_TrueSTUDIO_for_STM32_x86_64_9.3.0/ARMTools/bin/../lib/gcc/arm-atollic-eabi/6.3.1/armv7e-m/fpu/crtn.o
                0x0000000020030000                _estack = 0x20030000
                0x0000000000000200                _Min_Heap_Size = 0x200
                0x0000000000000400                _Min_Stack_Size = 0x400

.isr_vector     0x0000000008000000      0x1ac
                0x0000000008000000                . = ALIGN (0x4)
 *(.isr_vector)
 .isr_vector    0x0000000008000000      0x1ac startup/startup_stm32f429xx.o
                0x0000000008000000                g_pfnVectors
                0x00000000080001ac                . = ALIGN (0x4)

.text           0x00000000080001ac     0x9eb4
                0x00000000080001ac                . = ALIGN (0x4)
 *(.text)
 .text          0x00000000080001ac       0x40 /opt/Atollic_TrueSTUDIO_for_STM32_x86_64_9.3.0/ARMTools/bin/../lib/gcc/arm-atollic-eabi/6.3.1/armv7e-m/fpu/crtbegin.o
 .text          0x00000000080001ec       0x30 /opt/Atollic_TrueSTUDIO_for_STM32_x86_64_9.3.0/ARMTools/bin/../lib/gcc/arm-atollic-eabi/6.3.1/armv7e-m/fpu/libgcc.a(_aeabi_uldivmod.o)
                0x00000000080001ec                __aeabi_uldivmod
 .text          0x000000000800021c      0x2dc /opt/Atollic_TrueSTUDIO_for_STM32_x86_64_9.3.0/ARMTools/bin/../lib/gcc/arm-atollic-eabi/6.3.1/armv7e-m/fpu/libgcc.a(_udivmoddi4.o)
                0x000000000800021c                __udivmoddi4
 .text          0x00000000080004f8        0x4 /opt/Atollic_TrueSTUDIO_for_STM32_x86_64_9.3.0/ARMTools/bin/../lib/gcc/arm-atollic-eabi/6.3.1/armv7e-m/fpu/libgcc.a(_dvmd_tls.o)
                0x00000000080004f8                __aeabi_ldiv0
                0x00000000080004f8                __aeabi_idiv0
 *(.text*)
 .text.ili9341_Init
                0x00000000080004fc      0x294 Drivers/BSP/Components/ili9341/ili9341.o
                0x00000000080004fc                ili9341_Init
 .text.ili9341_ReadID
                0x0000000008000790       0x18 Drivers/BSP/Components/ili9341/ili9341.o
                0x0000000008000790                ili9341_ReadID
 .text.ili9341_DisplayOn
                0x00000000080007a8        0xe Drivers/BSP/Components/ili9341/ili9341.o
                0x00000000080007a8                ili9341_DisplayOn
 .text.ili9341_DisplayOff
                0x00000000080007b6        0xe Drivers/BSP/Components/ili9341/ili9341.o
                0x00000000080007b6                ili9341_DisplayOff
 .text.ili9341_WriteReg
                0x00000000080007c4       0x1a Drivers/BSP/Components/ili9341/ili9341.o
                0x00000000080007c4                ili9341_WriteReg
 .text.ili9341_WriteData
                0x00000000080007de       0x1a Drivers/BSP/Components/ili9341/ili9341.o
                0x00000000080007de                ili9341_WriteData
 .text.ili9341_ReadData
                0x00000000080007f8       0x26 Drivers/BSP/Components/ili9341/ili9341.o
                0x00000000080007f8                ili9341_ReadData
 .text.ili9341_GetLcdPixelWidth
                0x000000000800081e       0x10 Drivers/BSP/Components/ili9341/ili9341.o
                0x000000000800081e                ili9341_GetLcdPixelWidth
 .text.ili9341_GetLcdPixelHeight
                0x000000000800082e       0x12 Drivers/BSP/Components/ili9341/ili9341.o
                0x000000000800082e                ili9341_GetLcdPixelHeight
 .text.stmpe811_Init
                0x0000000008000840       0x50 Drivers/BSP/Components/stmpe811/stmpe811.o
                0x0000000008000840                stmpe811_Init
 .text.stmpe811_Reset
                0x0000000008000890       0x3a Drivers/BSP/Components/stmpe811/stmpe811.o
                0x0000000008000890                stmpe811_Reset
 .text.stmpe811_ReadID
                0x00000000080008ca       0x3e Drivers/BSP/Components/stmpe811/stmpe811.o
                0x00000000080008ca                stmpe811_ReadID
 .text.stmpe811_EnableGlobalIT
                0x0000000008000908       0x3c Drivers/BSP/Components/stmpe811/stmpe811.o
                0x0000000008000908                stmpe811_EnableGlobalIT
 .text.stmpe811_DisableGlobalIT
                0x0000000008000944       0x3c Drivers/BSP/Components/stmpe811/stmpe811.o
                0x0000000008000944                stmpe811_DisableGlobalIT
 .text.stmpe811_EnableITSource
                0x0000000008000980       0x42 Drivers/BSP/Components/stmpe811/stmpe811.o
                0x0000000008000980                stmpe811_EnableITSource
 .text.stmpe811_DisableITSource
                0x00000000080009c2       0x4c Drivers/BSP/Components/stmpe811/stmpe811.o
                0x00000000080009c2                stmpe811_DisableITSource
 .text.stmpe811_ReadGITStatus
                0x0000000008000a0e       0x2e Drivers/BSP/Components/stmpe811/stmpe811.o
                0x0000000008000a0e                stmpe811_ReadGITStatus
 .text.stmpe811_ClearGlobalIT
                0x0000000008000a3c       0x26 Drivers/BSP/Components/stmpe811/stmpe811.o
                0x0000000008000a3c                stmpe811_ClearGlobalIT
 .text.stmpe811_IO_EnableAF
                0x0000000008000a62       0x48 Drivers/BSP/Components/stmpe811/stmpe811.o
                0x0000000008000a62                stmpe811_IO_EnableAF
 .text.stmpe811_TS_Start
                0x0000000008000aaa       0xf0 Drivers/BSP/Components/stmpe811/stmpe811.o
                0x0000000008000aaa                stmpe811_TS_Start
 .text.stmpe811_TS_DetectTouch
                0x0000000008000b9a       0x70 Drivers/BSP/Components/stmpe811/stmpe811.o
                0x0000000008000b9a                stmpe811_TS_DetectTouch
 .text.stmpe811_TS_GetXY
                0x0000000008000c0a       0x72 Drivers/BSP/Components/stmpe811/stmpe811.o
                0x0000000008000c0a                stmpe811_TS_GetXY
 .text.stmpe811_TS_EnableIT
                0x0000000008000c7c       0x28 Drivers/BSP/Components/stmpe811/stmpe811.o
                0x0000000008000c7c                stmpe811_TS_EnableIT
 .text.stmpe811_TS_DisableIT
                0x0000000008000ca4       0x24 Drivers/BSP/Components/stmpe811/stmpe811.o
                0x0000000008000ca4                stmpe811_TS_DisableIT
 .text.stmpe811_TS_ITStatus
                0x0000000008000cc8       0x1e Drivers/BSP/Components/stmpe811/stmpe811.o
                0x0000000008000cc8                stmpe811_TS_ITStatus
 .text.stmpe811_TS_ClearIT
                0x0000000008000ce6       0x1c Drivers/BSP/Components/stmpe811/stmpe811.o
                0x0000000008000ce6                stmpe811_TS_ClearIT
 *fill*         0x0000000008000d02        0x2 
 .text.stmpe811_GetInstance
                0x0000000008000d04       0x44 Drivers/BSP/Components/stmpe811/stmpe811.o
 .text.I2Cx_MspInit
                0x0000000008000d48       0xec Drivers/BSP/STM32F429I-Discovery/stm32f429i_discovery.o
 .text.I2Cx_Init
                0x0000000008000e34       0x64 Drivers/BSP/STM32F429I-Discovery/stm32f429i_discovery.o
 .text.I2Cx_ITConfig
                0x0000000008000e98       0x64 Drivers/BSP/STM32F429I-Discovery/stm32f429i_discovery.o
 .text.I2Cx_WriteData
                0x0000000008000efc       0x54 Drivers/BSP/STM32F429I-Discovery/stm32f429i_discovery.o
 .text.I2Cx_ReadData
                0x0000000008000f50       0x58 Drivers/BSP/STM32F429I-Discovery/stm32f429i_discovery.o
 .text.I2Cx_ReadBuffer
                0x0000000008000fa8       0x5c Drivers/BSP/STM32F429I-Discovery/stm32f429i_discovery.o
 .text.I2Cx_Error
                0x0000000008001004       0x18 Drivers/BSP/STM32F429I-Discovery/stm32f429i_discovery.o
 .text.SPIx_Init
                0x000000000800101c       0x74 Drivers/BSP/STM32F429I-Discovery/stm32f429i_discovery.o
 .text.SPIx_Read
                0x0000000008001090       0x40 Drivers/BSP/STM32F429I-Discovery/stm32f429i_discovery.o
 .text.SPIx_Write
                0x00000000080010d0       0x3c Drivers/BSP/STM32F429I-Discovery/stm32f429i_discovery.o
 .text.SPIx_Error
                0x000000000800110c       0x18 Drivers/BSP/STM32F429I-Discovery/stm32f429i_discovery.o
 .text.SPIx_MspInit
                0x0000000008001124       0x74 Drivers/BSP/STM32F429I-Discovery/stm32f429i_discovery.o
 .text.LCD_IO_Init
                0x0000000008001198       0xf0 Drivers/BSP/STM32F429I-Discovery/stm32f429i_discovery.o
                0x0000000008001198                LCD_IO_Init
 .text.LCD_IO_WriteData
                0x0000000008001288       0x44 Drivers/BSP/STM32F429I-Discovery/stm32f429i_discovery.o
                0x0000000008001288                LCD_IO_WriteData
 .text.LCD_IO_WriteReg
                0x00000000080012cc       0x44 Drivers/BSP/STM32F429I-Discovery/stm32f429i_discovery.o
                0x00000000080012cc                LCD_IO_WriteReg
 .text.LCD_IO_ReadData
                0x0000000008001310       0x64 Drivers/BSP/STM32F429I-Discovery/stm32f429i_discovery.o
                0x0000000008001310                LCD_IO_ReadData
 .text.LCD_Delay
                0x0000000008001374       0x16 Drivers/BSP/STM32F429I-Discovery/stm32f429i_discovery.o
                0x0000000008001374                LCD_Delay
 .text.IOE_Init
                0x000000000800138a        0xc Drivers/BSP/STM32F429I-Discovery/stm32f429i_discovery.o
                0x000000000800138a                IOE_Init
 .text.IOE_ITConfig
                0x0000000008001396        0xc Drivers/BSP/STM32F429I-Discovery/stm32f429i_discovery.o
                0x0000000008001396                IOE_ITConfig
 .text.IOE_Write
                0x00000000080013a2       0x26 Drivers/BSP/STM32F429I-Discovery/stm32f429i_discovery.o
                0x00000000080013a2                IOE_Write
 .text.IOE_Read
                0x00000000080013c8       0x26 Drivers/BSP/STM32F429I-Discovery/stm32f429i_discovery.o
                0x00000000080013c8                IOE_Read
 .text.IOE_ReadMultiple
                0x00000000080013ee       0x2e Drivers/BSP/STM32F429I-Discovery/stm32f429i_discovery.o
                0x00000000080013ee                IOE_ReadMultiple
 .text.IOE_Delay
                0x000000000800141c       0x16 Drivers/BSP/STM32F429I-Discovery/stm32f429i_discovery.o
                0x000000000800141c                IOE_Delay
 *fill*         0x0000000008001432        0x2 
 .text.BSP_LCD_Init
                0x0000000008001434       0xd4 Drivers/BSP/STM32F429I-Discovery/stm32f429i_discovery_lcd.o
                0x0000000008001434                BSP_LCD_Init
 .text.BSP_LCD_GetXSize
                0x0000000008001508       0x18 Drivers/BSP/STM32F429I-Discovery/stm32f429i_discovery_lcd.o
                0x0000000008001508                BSP_LCD_GetXSize
 .text.BSP_LCD_GetYSize
                0x0000000008001520       0x18 Drivers/BSP/STM32F429I-Discovery/stm32f429i_discovery_lcd.o
                0x0000000008001520                BSP_LCD_GetYSize
 .text.BSP_LCD_LayerDefaultInit
                0x0000000008001538       0xc8 Drivers/BSP/STM32F429I-Discovery/stm32f429i_discovery_lcd.o
                0x0000000008001538                BSP_LCD_LayerDefaultInit
 .text.BSP_LCD_SelectLayer
                0x0000000008001600       0x20 Drivers/BSP/STM32F429I-Discovery/stm32f429i_discovery_lcd.o
                0x0000000008001600                BSP_LCD_SelectLayer
 .text.BSP_LCD_SetTextColor
                0x0000000008001620       0x30 Drivers/BSP/STM32F429I-Discovery/stm32f429i_discovery_lcd.o
                0x0000000008001620                BSP_LCD_SetTextColor
 .text.BSP_LCD_SetBackColor
                0x0000000008001650       0x34 Drivers/BSP/STM32F429I-Discovery/stm32f429i_discovery_lcd.o
                0x0000000008001650                BSP_LCD_SetBackColor
 .text.BSP_LCD_SetFont
                0x0000000008001684       0x34 Drivers/BSP/STM32F429I-Discovery/stm32f429i_discovery_lcd.o
                0x0000000008001684                BSP_LCD_SetFont
 .text.BSP_LCD_Clear
                0x00000000080016b8       0x50 Drivers/BSP/STM32F429I-Discovery/stm32f429i_discovery_lcd.o
                0x00000000080016b8                BSP_LCD_Clear
 .text.BSP_LCD_DisplayChar
                0x0000000008001708       0x88 Drivers/BSP/STM32F429I-Discovery/stm32f429i_discovery_lcd.o
                0x0000000008001708                BSP_LCD_DisplayChar
 .text.BSP_LCD_DisplayStringAt
                0x0000000008001790      0x174 Drivers/BSP/STM32F429I-Discovery/stm32f429i_discovery_lcd.o
                0x0000000008001790                BSP_LCD_DisplayStringAt
 .text.BSP_LCD_DrawHLine
                0x0000000008001904       0x7c Drivers/BSP/STM32F429I-Discovery/stm32f429i_discovery_lcd.o
                0x0000000008001904                BSP_LCD_DrawHLine
 .text.BSP_LCD_DrawVLine
                0x0000000008001980       0x84 Drivers/BSP/STM32F429I-Discovery/stm32f429i_discovery_lcd.o
                0x0000000008001980                BSP_LCD_DrawVLine
 .text.BSP_LCD_DrawRect
                0x0000000008001a04       0x62 Drivers/BSP/STM32F429I-Discovery/stm32f429i_discovery_lcd.o
                0x0000000008001a04                BSP_LCD_DrawRect
 *fill*         0x0000000008001a66        0x2 
 .text.BSP_LCD_FillRect
                0x0000000008001a68       0xb4 Drivers/BSP/STM32F429I-Discovery/stm32f429i_discovery_lcd.o
                0x0000000008001a68                BSP_LCD_FillRect
 .text.BSP_LCD_DisplayOn
                0x0000000008001b1c       0x20 Drivers/BSP/STM32F429I-Discovery/stm32f429i_discovery_lcd.o
                0x0000000008001b1c                BSP_LCD_DisplayOn
 .text.BSP_LCD_MspInit
                0x0000000008001b3c      0x1ac Drivers/BSP/STM32F429I-Discovery/stm32f429i_discovery_lcd.o
                0x0000000008001b3c                BSP_LCD_MspInit
 .text.BSP_LCD_DrawPixel
                0x0000000008001ce8       0x4c Drivers/BSP/STM32F429I-Discovery/stm32f429i_discovery_lcd.o
                0x0000000008001ce8                BSP_LCD_DrawPixel
 .text.DrawChar
                0x0000000008001d34      0x174 Drivers/BSP/STM32F429I-Discovery/stm32f429i_discovery_lcd.o
 .text.FillBuffer
                0x0000000008001ea8       0x70 Drivers/BSP/STM32F429I-Discovery/stm32f429i_discovery_lcd.o
 .text.BSP_SDRAM_Init
                0x0000000008001f18       0xbc Drivers/BSP/STM32F429I-Discovery/stm32f429i_discovery_sdram.o
                0x0000000008001f18                BSP_SDRAM_Init
 .text.BSP_SDRAM_Initialization_sequence
                0x0000000008001fd4       0xc0 Drivers/BSP/STM32F429I-Discovery/stm32f429i_discovery_sdram.o
                0x0000000008001fd4                BSP_SDRAM_Initialization_sequence
 .text.BSP_SDRAM_MspInit
                0x0000000008002094      0x218 Drivers/BSP/STM32F429I-Discovery/stm32f429i_discovery_sdram.o
                0x0000000008002094                BSP_SDRAM_MspInit
 .text.BSP_TS_Init
                0x00000000080022ac       0x74 Drivers/BSP/STM32F429I-Discovery/stm32f429i_discovery_ts.o
                0x00000000080022ac                BSP_TS_Init
 .text.BSP_TS_GetState
                0x0000000008002320      0x16c Drivers/BSP/STM32F429I-Discovery/stm32f429i_discovery_ts.o
                0x0000000008002320                BSP_TS_GetState
 .text.HAL_Init
                0x000000000800248c       0x44 Drivers/STM32F4xx_HAL_Driver/Src/stm32f4xx_hal.o
                0x000000000800248c                HAL_Init
 .text.HAL_IncTick
                0x00000000080024d0       0x28 Drivers/STM32F4xx_HAL_Driver/Src/stm32f4xx_hal.o
                0x00000000080024d0                HAL_IncTick
 .text.HAL_GetTick
                0x00000000080024f8       0x18 Drivers/STM32F4xx_HAL_Driver/Src/stm32f4xx_hal.o
                0x00000000080024f8                HAL_GetTick
 .text.HAL_Delay
                0x0000000008002510       0x44 Drivers/STM32F4xx_HAL_Driver/Src/stm32f4xx_hal.o
                0x0000000008002510                HAL_Delay
 .text.__NVIC_SetPriorityGrouping
                0x0000000008002554       0x48 Drivers/STM32F4xx_HAL_Driver/Src/stm32f4xx_hal_cortex.o
 .text.__NVIC_GetPriorityGrouping
                0x000000000800259c       0x1c Drivers/STM32F4xx_HAL_Driver/Src/stm32f4xx_hal_cortex.o
 .text.__NVIC_EnableIRQ
                0x00000000080025b8       0x3c Drivers/STM32F4xx_HAL_Driver/Src/stm32f4xx_hal_cortex.o
 .text.__NVIC_SetPriority
                0x00000000080025f4       0x54 Drivers/STM32F4xx_HAL_Driver/Src/stm32f4xx_hal_cortex.o
 .text.NVIC_EncodePriority
                0x0000000008002648       0x62 Drivers/STM32F4xx_HAL_Driver/Src/stm32f4xx_hal_cortex.o
 .text.HAL_NVIC_SetPriorityGrouping
                0x00000000080026aa       0x16 Drivers/STM32F4xx_HAL_Driver/Src/stm32f4xx_hal_cortex.o
                0x00000000080026aa                HAL_NVIC_SetPriorityGrouping
 .text.HAL_NVIC_SetPriority
                0x00000000080026c0       0x38 Drivers/STM32F4xx_HAL_Driver/Src/stm32f4xx_hal_cortex.o
                0x00000000080026c0                HAL_NVIC_SetPriority
 .text.HAL_NVIC_EnableIRQ
                0x00000000080026f8       0x1c Drivers/STM32F4xx_HAL_Driver/Src/stm32f4xx_hal_cortex.o
                0x00000000080026f8                HAL_NVIC_EnableIRQ
 .text.HAL_CRC_Init
                0x0000000008002714       0x3e Drivers/STM32F4xx_HAL_Driver/Src/stm32f4xx_hal_crc.o
                0x0000000008002714                HAL_CRC_Init
 *fill*         0x0000000008002752        0x2 
 .text.HAL_DMA_Init
                0x0000000008002754      0x15c Drivers/STM32F4xx_HAL_Driver/Src/stm32f4xx_hal_dma.o
                0x0000000008002754                HAL_DMA_Init
 .text.HAL_DMA_DeInit
                0x00000000080028b0       0xbc Drivers/STM32F4xx_HAL_Driver/Src/stm32f4xx_hal_dma.o
                0x00000000080028b0                HAL_DMA_DeInit
 .text.DMA_CalcBaseAndBitshift
                0x000000000800296c       0x6c Drivers/STM32F4xx_HAL_Driver/Src/stm32f4xx_hal_dma.o
 .text.DMA_CheckFifoParam
                0x00000000080029d8       0xf4 Drivers/STM32F4xx_HAL_Driver/Src/stm32f4xx_hal_dma.o
 .text.HAL_DMA2D_Init
                0x0000000008002acc       0x92 Drivers/STM32F4xx_HAL_Driver/Src/stm32f4xx_hal_dma2d.o
                0x0000000008002acc                HAL_DMA2D_Init
 .text.HAL_DMA2D_Start
                0x0000000008002b5e       0x56 Drivers/STM32F4xx_HAL_Driver/Src/stm32f4xx_hal_dma2d.o
                0x0000000008002b5e                HAL_DMA2D_Start
 .text.HAL_DMA2D_PollForTransfer
                0x0000000008002bb4      0x1d2 Drivers/STM32F4xx_HAL_Driver/Src/stm32f4xx_hal_dma2d.o
                0x0000000008002bb4                HAL_DMA2D_PollForTransfer
 .text.HAL_DMA2D_IRQHandler
                0x0000000008002d86      0x1f8 Drivers/STM32F4xx_HAL_Driver/Src/stm32f4xx_hal_dma2d.o
                0x0000000008002d86                HAL_DMA2D_IRQHandler
 .text.HAL_DMA2D_LineEventCallback
                0x0000000008002f7e       0x14 Drivers/STM32F4xx_HAL_Driver/Src/stm32f4xx_hal_dma2d.o
                0x0000000008002f7e                HAL_DMA2D_LineEventCallback
 .text.HAL_DMA2D_CLUTLoadingCpltCallback
                0x0000000008002f92       0x14 Drivers/STM32F4xx_HAL_Driver/Src/stm32f4xx_hal_dma2d.o
                0x0000000008002f92                HAL_DMA2D_CLUTLoadingCpltCallback
 *fill*         0x0000000008002fa6        0x2 
 .text.HAL_DMA2D_ConfigLayer
                0x0000000008002fa8      0x120 Drivers/STM32F4xx_HAL_Driver/Src/stm32f4xx_hal_dma2d.o
                0x0000000008002fa8                HAL_DMA2D_ConfigLayer
 .text.DMA2D_SetConfig
                0x00000000080030c8      0x138 Drivers/STM32F4xx_HAL_Driver/Src/stm32f4xx_hal_dma2d.o
 .text.HAL_GPIO_Init
                0x0000000008003200      0x354 Drivers/STM32F4xx_HAL_Driver/Src/stm32f4xx_hal_gpio.o
                0x0000000008003200                HAL_GPIO_Init
 .text.HAL_GPIO_DeInit
                0x0000000008003554      0x218 Drivers/STM32F4xx_HAL_Driver/Src/stm32f4xx_hal_gpio.o
                0x0000000008003554                HAL_GPIO_DeInit
 .text.HAL_GPIO_WritePin
                0x000000000800376c       0x32 Drivers/STM32F4xx_HAL_Driver/Src/stm32f4xx_hal_gpio.o
                0x000000000800376c                HAL_GPIO_WritePin
 .text.HAL_HCD_IRQHandler
                0x000000000800379e      0x20e Drivers/STM32F4xx_HAL_Driver/Src/stm32f4xx_hal_hcd.o
                0x000000000800379e                HAL_HCD_IRQHandler
 .text.HAL_HCD_Start
                0x00000000080039ac       0x46 Drivers/STM32F4xx_HAL_Driver/Src/stm32f4xx_hal_hcd.o
                0x00000000080039ac                HAL_HCD_Start
 .text.HAL_HCD_Stop
                0x00000000080039f2       0x3a Drivers/STM32F4xx_HAL_Driver/Src/stm32f4xx_hal_hcd.o
                0x00000000080039f2                HAL_HCD_Stop
 .text.HCD_HC_IN_IRQHandler
                0x0000000008003a2c      0x742 Drivers/STM32F4xx_HAL_Driver/Src/stm32f4xx_hal_hcd.o
 .text.HCD_HC_OUT_IRQHandler
                0x000000000800416e      0x6fe Drivers/STM32F4xx_HAL_Driver/Src/stm32f4xx_hal_hcd.o
 .text.HCD_RXQLVL_IRQHandler
                0x000000000800486c      0x158 Drivers/STM32F4xx_HAL_Driver/Src/stm32f4xx_hal_hcd.o
 .text.HCD_Port_IRQHandler
                0x00000000080049c4      0x122 Drivers/STM32F4xx_HAL_Driver/Src/stm32f4xx_hal_hcd.o
 *fill*         0x0000000008004ae6        0x2 
 .text.HAL_I2C_Init
                0x0000000008004ae8      0x250 Drivers/STM32F4xx_HAL_Driver/Src/stm32f4xx_hal_i2c.o
                0x0000000008004ae8                HAL_I2C_Init
 .text.HAL_I2C_DeInit
                0x0000000008004d38       0x5e Drivers/STM32F4xx_HAL_Driver/Src/stm32f4xx_hal_i2c.o
                0x0000000008004d38                HAL_I2C_DeInit
 *fill*         0x0000000008004d96        0x2 
 .text.HAL_I2C_Mem_Write
                0x0000000008004d98      0x1f4 Drivers/STM32F4xx_HAL_Driver/Src/stm32f4xx_hal_i2c.o
                0x0000000008004d98                HAL_I2C_Mem_Write
 .text.HAL_I2C_Mem_Read
                0x0000000008004f8c      0x44c Drivers/STM32F4xx_HAL_Driver/Src/stm32f4xx_hal_i2c.o
                0x0000000008004f8c                HAL_I2C_Mem_Read
 .text.HAL_I2C_GetState
                0x00000000080053d8       0x1c Drivers/STM32F4xx_HAL_Driver/Src/stm32f4xx_hal_i2c.o
                0x00000000080053d8                HAL_I2C_GetState
 .text.I2C_RequestMemoryWrite
                0x00000000080053f4      0x110 Drivers/STM32F4xx_HAL_Driver/Src/stm32f4xx_hal_i2c.o
 .text.I2C_RequestMemoryRead
                0x0000000008005504      0x1a0 Drivers/STM32F4xx_HAL_Driver/Src/stm32f4xx_hal_i2c.o
 .text.I2C_WaitOnFlagUntilTimeout
                0x00000000080056a4       0xae Drivers/STM32F4xx_HAL_Driver/Src/stm32f4xx_hal_i2c.o
 .text.I2C_WaitOnMasterAddressFlagUntilTimeout
                0x0000000008005752       0xfe Drivers/STM32F4xx_HAL_Driver/Src/stm32f4xx_hal_i2c.o
 .text.I2C_WaitOnTXEFlagUntilTimeout
                0x0000000008005850       0x82 Drivers/STM32F4xx_HAL_Driver/Src/stm32f4xx_hal_i2c.o
 .text.I2C_WaitOnBTFFlagUntilTimeout
                0x00000000080058d2       0x82 Drivers/STM32F4xx_HAL_Driver/Src/stm32f4xx_hal_i2c.o
 .text.I2C_WaitOnRXNEFlagUntilTimeout
                0x0000000008005954       0xac Drivers/STM32F4xx_HAL_Driver/Src/stm32f4xx_hal_i2c.o
 .text.I2C_IsAcknowledgeFailed
                0x0000000008005a00       0x5e Drivers/STM32F4xx_HAL_Driver/Src/stm32f4xx_hal_i2c.o
 .text.HAL_I2CEx_ConfigAnalogFilter
                0x0000000008005a5e       0x78 Drivers/STM32F4xx_HAL_Driver/Src/stm32f4xx_hal_i2c_ex.o
                0x0000000008005a5e                HAL_I2CEx_ConfigAnalogFilter
 .text.HAL_I2CEx_ConfigDigitalFilter
                0x0000000008005ad6       0x7e Drivers/STM32F4xx_HAL_Driver/Src/stm32f4xx_hal_i2c_ex.o
                0x0000000008005ad6                HAL_I2CEx_ConfigDigitalFilter
 .text.HAL_LTDC_Init
                0x0000000008005b54      0x1a0 Drivers/STM32F4xx_HAL_Driver/Src/stm32f4xx_hal_ltdc.o
                0x0000000008005b54                HAL_LTDC_Init
 .text.HAL_LTDC_IRQHandler
                0x0000000008005cf4      0x148 Drivers/STM32F4xx_HAL_Driver/Src/stm32f4xx_hal_ltdc.o
                0x0000000008005cf4                HAL_LTDC_IRQHandler
 .text.HAL_LTDC_ErrorCallback
                0x0000000008005e3c       0x14 Drivers/STM32F4xx_HAL_Driver/Src/stm32f4xx_hal_ltdc.o
                0x0000000008005e3c                HAL_LTDC_ErrorCallback
 .text.HAL_LTDC_LineEventCallback
                0x0000000008005e50       0x14 Drivers/STM32F4xx_HAL_Driver/Src/stm32f4xx_hal_ltdc.o
                0x0000000008005e50                HAL_LTDC_LineEventCallback
 .text.HAL_LTDC_ReloadEventCallback
                0x0000000008005e64       0x14 Drivers/STM32F4xx_HAL_Driver/Src/stm32f4xx_hal_ltdc.o
                0x0000000008005e64                HAL_LTDC_ReloadEventCallback
 .text.HAL_LTDC_ConfigLayer
                0x0000000008005e78       0x7c Drivers/STM32F4xx_HAL_Driver/Src/stm32f4xx_hal_ltdc.o
                0x0000000008005e78                HAL_LTDC_ConfigLayer
 .text.HAL_LTDC_EnableDither
                0x0000000008005ef4       0x54 Drivers/STM32F4xx_HAL_Driver/Src/stm32f4xx_hal_ltdc.o
                0x0000000008005ef4                HAL_LTDC_EnableDither
 .text.LTDC_SetConfig
                0x0000000008005f48      0x342 Drivers/STM32F4xx_HAL_Driver/Src/stm32f4xx_hal_ltdc.o
 *fill*         0x000000000800628a        0x2 
 .text.HAL_RCC_OscConfig
                0x000000000800628c      0x484 Drivers/STM32F4xx_HAL_Driver/Src/stm32f4xx_hal_rcc.o
                0x000000000800628c                HAL_RCC_OscConfig
 .text.HAL_RCC_ClockConfig
                0x0000000008006710      0x1c4 Drivers/STM32F4xx_HAL_Driver/Src/stm32f4xx_hal_rcc.o
                0x0000000008006710                HAL_RCC_ClockConfig
 .text.HAL_RCC_GetSysClockFreq
                0x00000000080068d4      0x1b0 Drivers/STM32F4xx_HAL_Driver/Src/stm32f4xx_hal_rcc.o
                0x00000000080068d4                HAL_RCC_GetSysClockFreq
 .text.HAL_RCC_GetHCLKFreq
                0x0000000008006a84       0x18 Drivers/STM32F4xx_HAL_Driver/Src/stm32f4xx_hal_rcc.o
                0x0000000008006a84                HAL_RCC_GetHCLKFreq
 .text.HAL_RCC_GetPCLK1Freq
                0x0000000008006a9c       0x28 Drivers/STM32F4xx_HAL_Driver/Src/stm32f4xx_hal_rcc.o
                0x0000000008006a9c                HAL_RCC_GetPCLK1Freq
 .text.HAL_RCC_GetClockConfig
                0x0000000008006ac4       0x64 Drivers/STM32F4xx_HAL_Driver/Src/stm32f4xx_hal_rcc.o
                0x0000000008006ac4                HAL_RCC_GetClockConfig
 .text.HAL_RCCEx_PeriphCLKConfig
                0x0000000008006b28      0x348 Drivers/STM32F4xx_HAL_Driver/Src/stm32f4xx_hal_rcc_ex.o
                0x0000000008006b28                HAL_RCCEx_PeriphCLKConfig
 .text.HAL_SDRAM_Init
                0x0000000008006e70       0x68 Drivers/STM32F4xx_HAL_Driver/Src/stm32f4xx_hal_sdram.o
                0x0000000008006e70                HAL_SDRAM_Init
 .text.HAL_SDRAM_SendCommand
                0x0000000008006ed8       0x56 Drivers/STM32F4xx_HAL_Driver/Src/stm32f4xx_hal_sdram.o
                0x0000000008006ed8                HAL_SDRAM_SendCommand
 .text.HAL_SDRAM_ProgramRefreshRate
                0x0000000008006f2e       0x40 Drivers/STM32F4xx_HAL_Driver/Src/stm32f4xx_hal_sdram.o
                0x0000000008006f2e                HAL_SDRAM_ProgramRefreshRate
 .text.HAL_SPI_Init
                0x0000000008006f6e       0xc6 Drivers/STM32F4xx_HAL_Driver/Src/stm32f4xx_hal_spi.o
                0x0000000008006f6e                HAL_SPI_Init
 .text.HAL_SPI_DeInit
                0x0000000008007034       0x50 Drivers/STM32F4xx_HAL_Driver/Src/stm32f4xx_hal_spi.o
                0x0000000008007034                HAL_SPI_DeInit
 .text.HAL_SPI_Transmit
                0x0000000008007084      0x264 Drivers/STM32F4xx_HAL_Driver/Src/stm32f4xx_hal_spi.o
                0x0000000008007084                HAL_SPI_Transmit
 .text.HAL_SPI_Receive
                0x00000000080072e8      0x20c Drivers/STM32F4xx_HAL_Driver/Src/stm32f4xx_hal_spi.o
                0x00000000080072e8                HAL_SPI_Receive
 .text.HAL_SPI_TransmitReceive
                0x00000000080074f4      0x340 Drivers/STM32F4xx_HAL_Driver/Src/stm32f4xx_hal_spi.o
                0x00000000080074f4                HAL_SPI_TransmitReceive
 .text.HAL_SPI_GetState
                0x0000000008007834       0x1c Drivers/STM32F4xx_HAL_Driver/Src/stm32f4xx_hal_spi.o
                0x0000000008007834                HAL_SPI_GetState
 .text.SPI_WaitFlagStateUntilTimeout
                0x0000000008007850       0xd4 Drivers/STM32F4xx_HAL_Driver/Src/stm32f4xx_hal_spi.o
 .text.SPI_EndRxTransaction
                0x0000000008007924       0xca Drivers/STM32F4xx_HAL_Driver/Src/stm32f4xx_hal_spi.o
 *fill*         0x00000000080079ee        0x2 
 .text.SPI_EndRxTxTransaction
                0x00000000080079f0       0x84 Drivers/STM32F4xx_HAL_Driver/Src/stm32f4xx_hal_spi.o
 .text.HAL_TIM_Base_Init
                0x0000000008007a74       0x56 Drivers/STM32F4xx_HAL_Driver/Src/stm32f4xx_hal_tim.o
                0x0000000008007a74                HAL_TIM_Base_Init
 .text.HAL_TIM_Base_Start_IT
                0x0000000008007aca       0x48 Drivers/STM32F4xx_HAL_Driver/Src/stm32f4xx_hal_tim.o
                0x0000000008007aca                HAL_TIM_Base_Start_IT
 .text.HAL_TIM_IRQHandler
                0x0000000008007b12      0x210 Drivers/STM32F4xx_HAL_Driver/Src/stm32f4xx_hal_tim.o
                0x0000000008007b12                HAL_TIM_IRQHandler
 .text.HAL_TIM_ConfigClockSource
                0x0000000008007d22      0x16e Drivers/STM32F4xx_HAL_Driver/Src/stm32f4xx_hal_tim.o
                0x0000000008007d22                HAL_TIM_ConfigClockSource
 .text.HAL_TIM_OC_DelayElapsedCallback
                0x0000000008007e90       0x14 Drivers/STM32F4xx_HAL_Driver/Src/stm32f4xx_hal_tim.o
                0x0000000008007e90                HAL_TIM_OC_DelayElapsedCallback
 .text.HAL_TIM_IC_CaptureCallback
                0x0000000008007ea4       0x14 Drivers/STM32F4xx_HAL_Driver/Src/stm32f4xx_hal_tim.o
                0x0000000008007ea4                HAL_TIM_IC_CaptureCallback
 .text.HAL_TIM_PWM_PulseFinishedCallback
                0x0000000008007eb8       0x14 Drivers/STM32F4xx_HAL_Driver/Src/stm32f4xx_hal_tim.o
                0x0000000008007eb8                HAL_TIM_PWM_PulseFinishedCallback
 .text.HAL_TIM_TriggerCallback
                0x0000000008007ecc       0x14 Drivers/STM32F4xx_HAL_Driver/Src/stm32f4xx_hal_tim.o
                0x0000000008007ecc                HAL_TIM_TriggerCallback
 .text.TIM_Base_SetConfig
                0x0000000008007ee0      0x140 Drivers/STM32F4xx_HAL_Driver/Src/stm32f4xx_hal_tim.o
                0x0000000008007ee0                TIM_Base_SetConfig
 .text.TIM_TI1_ConfigInputStage
                0x0000000008008020       0x5e Drivers/STM32F4xx_HAL_Driver/Src/stm32f4xx_hal_tim.o
 .text.TIM_TI2_ConfigInputStage
                0x000000000800807e       0x60 Drivers/STM32F4xx_HAL_Driver/Src/stm32f4xx_hal_tim.o
 .text.TIM_ITRx_SetConfig
                0x00000000080080de       0x36 Drivers/STM32F4xx_HAL_Driver/Src/stm32f4xx_hal_tim.o
 .text.TIM_ETR_SetConfig
                0x0000000008008114       0x40 Drivers/STM32F4xx_HAL_Driver/Src/stm32f4xx_hal_tim.o
                0x0000000008008114                TIM_ETR_SetConfig
 .text.HAL_TIMEx_MasterConfigSynchronization
                0x0000000008008154       0x8a Drivers/STM32F4xx_HAL_Driver/Src/stm32f4xx_hal_tim_ex.o
                0x0000000008008154                HAL_TIMEx_MasterConfigSynchronization
 .text.HAL_TIMEx_CommutCallback
                0x00000000080081de       0x14 Drivers/STM32F4xx_HAL_Driver/Src/stm32f4xx_hal_tim_ex.o
                0x00000000080081de                HAL_TIMEx_CommutCallback
 .text.HAL_TIMEx_BreakCallback
                0x00000000080081f2       0x14 Drivers/STM32F4xx_HAL_Driver/Src/stm32f4xx_hal_tim_ex.o
                0x00000000080081f2                HAL_TIMEx_BreakCallback
 .text.FMC_SDRAM_Init
                0x0000000008008206       0xe6 Drivers/STM32F4xx_HAL_Driver/Src/stm32f4xx_ll_fmc.o
                0x0000000008008206                FMC_SDRAM_Init
 .text.FMC_SDRAM_Timing_Init
                0x00000000080082ec       0xfe Drivers/STM32F4xx_HAL_Driver/Src/stm32f4xx_ll_fmc.o
                0x00000000080082ec                FMC_SDRAM_Timing_Init
 .text.FMC_SDRAM_SendCommand
                0x00000000080083ea       0x78 Drivers/STM32F4xx_HAL_Driver/Src/stm32f4xx_ll_fmc.o
                0x00000000080083ea                FMC_SDRAM_SendCommand
 .text.FMC_SDRAM_ProgramRefreshRate
                0x0000000008008462       0x26 Drivers/STM32F4xx_HAL_Driver/Src/stm32f4xx_ll_fmc.o
                0x0000000008008462                FMC_SDRAM_ProgramRefreshRate
 .text.USB_EnableGlobalInt
                0x0000000008008488       0x22 Drivers/STM32F4xx_HAL_Driver/Src/stm32f4xx_ll_usb.o
                0x0000000008008488                USB_EnableGlobalInt
 .text.USB_DisableGlobalInt
                0x00000000080084aa       0x22 Drivers/STM32F4xx_HAL_Driver/Src/stm32f4xx_ll_usb.o
                0x00000000080084aa                USB_DisableGlobalInt
 .text.USB_FlushTxFifo
                0x00000000080084cc       0x4c Drivers/STM32F4xx_HAL_Driver/Src/stm32f4xx_ll_usb.o
                0x00000000080084cc                USB_FlushTxFifo
 .text.USB_FlushRxFifo
                0x0000000008008518       0x44 Drivers/STM32F4xx_HAL_Driver/Src/stm32f4xx_ll_usb.o
                0x0000000008008518                USB_FlushRxFifo
 .text.USB_ReadPacket
                0x000000000800855c       0x52 Drivers/STM32F4xx_HAL_Driver/Src/stm32f4xx_ll_usb.o
                0x000000000800855c                USB_ReadPacket
 .text.USB_ReadInterrupts
                0x00000000080085ae       0x26 Drivers/STM32F4xx_HAL_Driver/Src/stm32f4xx_ll_usb.o
                0x00000000080085ae                USB_ReadInterrupts
 .text.USB_GetMode
                0x00000000080085d4       0x1c Drivers/STM32F4xx_HAL_Driver/Src/stm32f4xx_ll_usb.o
                0x00000000080085d4                USB_GetMode
 .text.USB_InitFSLSPClkSel
                0x00000000080085f0       0x78 Drivers/STM32F4xx_HAL_Driver/Src/stm32f4xx_ll_usb.o
                0x00000000080085f0                USB_InitFSLSPClkSel
 .text.USB_DriveVbus
                0x0000000008008668       0x76 Drivers/STM32F4xx_HAL_Driver/Src/stm32f4xx_ll_usb.o
                0x0000000008008668                USB_DriveVbus
 .text.USB_HC_ReadInterrupt
                0x00000000080086de       0x22 Drivers/STM32F4xx_HAL_Driver/Src/stm32f4xx_ll_usb.o
                0x00000000080086de                USB_HC_ReadInterrupt
 .text.USB_HC_Halt
                0x0000000008008700      0x212 Drivers/STM32F4xx_HAL_Driver/Src/stm32f4xx_ll_usb.o
                0x0000000008008700                USB_HC_Halt
 .text.USB_StopHost
                0x0000000008008912      0x10c Drivers/STM32F4xx_HAL_Driver/Src/stm32f4xx_ll_usb.o
                0x0000000008008912                USB_StopHost
 .text.USBH_LL_IncTimer
                0x0000000008008a1e       0x24 Middlewares/ST/STM32_USB_Host_Library/Core/Src/usbh_core.o
                0x0000000008008a1e                USBH_LL_IncTimer
 .text.USBH_HandleSof
                0x0000000008008a42       0x30 Middlewares/ST/STM32_USB_Host_Library/Core/Src/usbh_core.o
 .text.USBH_LL_PortEnabled
                0x0000000008008a72       0x1c Middlewares/ST/STM32_USB_Host_Library/Core/Src/usbh_core.o
                0x0000000008008a72                USBH_LL_PortEnabled
 .text.USBH_LL_PortDisabled
                0x0000000008008a8e       0x1c Middlewares/ST/STM32_USB_Host_Library/Core/Src/usbh_core.o
                0x0000000008008a8e                USBH_LL_PortDisabled
 .text.USBH_LL_Connect
                0x0000000008008aaa       0x4c Middlewares/ST/STM32_USB_Host_Library/Core/Src/usbh_core.o
                0x0000000008008aaa                USBH_LL_Connect
 .text.USBH_LL_Disconnect
                0x0000000008008af6       0x5a Middlewares/ST/STM32_USB_Host_Library/Core/Src/usbh_core.o
                0x0000000008008af6                USBH_LL_Disconnect
 .text.USBH_FreePipe
                0x0000000008008b50       0x38 Middlewares/ST/STM32_USB_Host_Library/Core/Src/usbh_pipes.o
                0x0000000008008b50                USBH_FreePipe
 .text.MX_CRC_Init
                0x0000000008008b88       0x28 Src/crc.o
                0x0000000008008b88                MX_CRC_Init
 .text.HAL_CRC_MspInit
                0x0000000008008bb0       0x44 Src/crc.o
                0x0000000008008bb0                HAL_CRC_MspInit
 .text.MX_DMA2D_Init
                0x0000000008008bf4       0x64 Src/dma2d.o
                0x0000000008008bf4                MX_DMA2D_Init
 .text.HAL_DMA2D_MspInit
                0x0000000008008c58       0x50 Src/dma2d.o
                0x0000000008008c58                HAL_DMA2D_MspInit
 .text.MX_FMC_Init
                0x0000000008008ca8       0xa0 Src/fmc.o
                0x0000000008008ca8                MX_FMC_Init
 .text.HAL_FMC_MspInit
                0x0000000008008d48      0x124 Src/fmc.o
 .text.HAL_SDRAM_MspInit
                0x0000000008008e6c       0x14 Src/fmc.o
                0x0000000008008e6c                HAL_SDRAM_MspInit
 .text.MX_GPIO_Init
                0x0000000008008e80      0x220 Src/gpio.o
                0x0000000008008e80                MX_GPIO_Init
 .text.MX_I2C3_Init
                0x00000000080090a0       0x80 Src/i2c.o
                0x00000000080090a0                MX_I2C3_Init
 .text.HAL_I2C_MspInit
                0x0000000008009120       0xd4 Src/i2c.o
                0x0000000008009120                HAL_I2C_MspInit
 .text.HAL_I2C_MspDeInit
                0x00000000080091f4       0x4c Src/i2c.o
                0x00000000080091f4                HAL_I2C_MspDeInit
 .text.MX_LTDC_Init
                0x0000000008009240      0x100 Src/ltdc.o
                0x0000000008009240                MX_LTDC_Init
 .text.HAL_LTDC_MspInit
                0x0000000008009340      0x22c Src/ltdc.o
                0x0000000008009340                HAL_LTDC_MspInit
 .text.BLUE_BUTTON
                0x000000000800956c       0x80 Src/main.o
                0x000000000800956c                BLUE_BUTTON
 .text.MAGENTA_BUTTON
                0x00000000080095ec       0x80 Src/main.o
                0x00000000080095ec                MAGENTA_BUTTON
 .text.main     0x000000000800966c      0x1e8 Src/main.o
                0x000000000800966c                main
 .text.SystemClock_Config
                0x0000000008009854      0x108 Src/main.o
                0x0000000008009854                SystemClock_Config
 .text.HAL_TIM_PeriodElapsedCallback
                0x000000000800995c       0x74 Src/main.o
                0x000000000800995c                HAL_TIM_PeriodElapsedCallback
 .text.Error_Handler
                0x00000000080099d0        0xe Src/main.o
                0x00000000080099d0                Error_Handler
 *fill*         0x00000000080099de        0x2 
 .text.MX_SPI5_Init
                0x00000000080099e0       0x6c Src/spi.o
                0x00000000080099e0                MX_SPI5_Init
 .text.HAL_SPI_MspInit
                0x0000000008009a4c       0x90 Src/spi.o
                0x0000000008009a4c                HAL_SPI_MspInit
 .text.HAL_SPI_MspDeInit
                0x0000000008009adc       0x3c Src/spi.o
                0x0000000008009adc                HAL_SPI_MspDeInit
 .text.HAL_MspInit
                0x0000000008009b18       0x50 Src/stm32f4xx_hal_msp.o
                0x0000000008009b18                HAL_MspInit
 .text.HAL_InitTick
                0x0000000008009b68       0xb4 Src/stm32f4xx_hal_timebase_tim.o
                0x0000000008009b68                HAL_InitTick
 .text.NMI_Handler
                0x0000000008009c1c        0xe Src/stm32f4xx_it.o
                0x0000000008009c1c                NMI_Handler
 .text.HardFault_Handler
                0x0000000008009c2a        0x6 Src/stm32f4xx_it.o
                0x0000000008009c2a                HardFault_Handler
 .text.MemManage_Handler
                0x0000000008009c30        0x6 Src/stm32f4xx_it.o
                0x0000000008009c30                MemManage_Handler
 .text.BusFault_Handler
                0x0000000008009c36        0x6 Src/stm32f4xx_it.o
                0x0000000008009c36                BusFault_Handler
 .text.UsageFault_Handler
                0x0000000008009c3c        0x6 Src/stm32f4xx_it.o
                0x0000000008009c3c                UsageFault_Handler
 .text.SVC_Handler
                0x0000000008009c42        0xe Src/stm32f4xx_it.o
                0x0000000008009c42                SVC_Handler
 .text.DebugMon_Handler
                0x0000000008009c50        0xe Src/stm32f4xx_it.o
                0x0000000008009c50                DebugMon_Handler
 .text.PendSV_Handler
                0x0000000008009c5e        0xe Src/stm32f4xx_it.o
                0x0000000008009c5e                PendSV_Handler
 .text.TIM1_UP_TIM10_IRQHandler
                0x0000000008009c6c       0x14 Src/stm32f4xx_it.o
                0x0000000008009c6c                TIM1_UP_TIM10_IRQHandler
 .text.TIM6_DAC_IRQHandler
                0x0000000008009c80       0x14 Src/stm32f4xx_it.o
                0x0000000008009c80                TIM6_DAC_IRQHandler
 .text.OTG_HS_IRQHandler
                0x0000000008009c94       0x14 Src/stm32f4xx_it.o
                0x0000000008009c94                OTG_HS_IRQHandler
 .text.LTDC_IRQHandler
                0x0000000008009ca8       0x14 Src/stm32f4xx_it.o
                0x0000000008009ca8                LTDC_IRQHandler
 .text.DMA2D_IRQHandler
                0x0000000008009cbc       0x14 Src/stm32f4xx_it.o
                0x0000000008009cbc                DMA2D_IRQHandler
 .text.SystemInit
                0x0000000008009cd0       0x6c Src/system_stm32f4xx.o
                0x0000000008009cd0                SystemInit
 .text.MX_TIM1_Init
                0x0000000008009d3c       0xa4 Src/tim.o
                0x0000000008009d3c                MX_TIM1_Init
 .text.HAL_TIM_Base_MspInit
                0x0000000008009de0       0x50 Src/tim.o
                0x0000000008009de0                HAL_TIM_Base_MspInit
 .text.HAL_HCD_SOF_Callback
                0x0000000008009e30       0x1c Src/usbh_conf.o
                0x0000000008009e30                HAL_HCD_SOF_Callback
 .text.HAL_HCD_Connect_Callback
                0x0000000008009e4c       0x1c Src/usbh_conf.o
                0x0000000008009e4c                HAL_HCD_Connect_Callback
 .text.HAL_HCD_Disconnect_Callback
                0x0000000008009e68       0x1c Src/usbh_conf.o
                0x0000000008009e68                HAL_HCD_Disconnect_Callback
 .text.HAL_HCD_HC_NotifyURBChange_Callback
                0x0000000008009e84       0x1c Src/usbh_conf.o
                0x0000000008009e84                HAL_HCD_HC_NotifyURBChange_Callback
 .text.HAL_HCD_PortEnabled_Callback
                0x0000000008009ea0       0x1c Src/usbh_conf.o
                0x0000000008009ea0                HAL_HCD_PortEnabled_Callback
 .text.HAL_HCD_PortDisabled_Callback
                0x0000000008009ebc       0x1c Src/usbh_conf.o
                0x0000000008009ebc                HAL_HCD_PortDisabled_Callback
 .text.USBH_LL_Start
                0x0000000008009ed8       0x36 Src/usbh_conf.o
                0x0000000008009ed8                USBH_LL_Start
 .text.USBH_LL_Stop
                0x0000000008009f0e       0x36 Src/usbh_conf.o
                0x0000000008009f0e                USBH_LL_Stop
 .text.USBH_Get_USB_Status
                0x0000000008009f44       0x58 Src/usbh_conf.o
                0x0000000008009f44                USBH_Get_USB_Status
 .text.Reset_Handler
                0x0000000008009f9c       0x50 startup/startup_stm32f429xx.o
                0x0000000008009f9c                Reset_Handler
 .text.Default_Handler
                0x0000000008009fec        0x2 startup/startup_stm32f429xx.o
                0x0000000008009fec                RTC_Alarm_IRQHandler
                0x0000000008009fec                HASH_RNG_IRQHandler
                0x0000000008009fec                EXTI2_IRQHandler
                0x0000000008009fec                TIM8_CC_IRQHandler
                0x0000000008009fec                UART8_IRQHandler
                0x0000000008009fec                SPI4_IRQHandler
                0x0000000008009fec                TIM1_CC_IRQHandler
                0x0000000008009fec                DMA2_Stream5_IRQHandler
                0x0000000008009fec                DMA1_Stream5_IRQHandler
                0x0000000008009fec                SysTick_Handler
                0x0000000008009fec                PVD_IRQHandler
                0x0000000008009fec                SDIO_IRQHandler
                0x0000000008009fec                TAMP_STAMP_IRQHandler
                0x0000000008009fec                CAN2_RX1_IRQHandler
                0x0000000008009fec                EXTI3_IRQHandler
                0x0000000008009fec                TIM8_TRG_COM_TIM14_IRQHandler
                0x0000000008009fec                TIM8_UP_TIM13_IRQHandler
                0x0000000008009fec                I2C3_ER_IRQHandler
                0x0000000008009fec                EXTI0_IRQHandler
                0x0000000008009fec                I2C2_EV_IRQHandler
                0x0000000008009fec                DMA1_Stream2_IRQHandler
                0x0000000008009fec                CAN1_RX0_IRQHandler
                0x0000000008009fec                FPU_IRQHandler
                0x0000000008009fec                OTG_HS_WKUP_IRQHandler
                0x0000000008009fec                LTDC_ER_IRQHandler
                0x0000000008009fec                CAN2_SCE_IRQHandler
                0x0000000008009fec                DMA2_Stream2_IRQHandler
                0x0000000008009fec                SPI1_IRQHandler
                0x0000000008009fec                TIM1_BRK_TIM9_IRQHandler
                0x0000000008009fec                DCMI_IRQHandler
                0x0000000008009fec                CAN2_RX0_IRQHandler
                0x0000000008009fec                DMA2_Stream3_IRQHandler
                0x0000000008009fec                USART6_IRQHandler
                0x0000000008009fec                USART3_IRQHandler
                0x0000000008009fec                CAN1_RX1_IRQHandler
                0x0000000008009fec                UART5_IRQHandler
                0x0000000008009fec                DMA2_Stream0_IRQHandler
                0x0000000008009fec                TIM4_IRQHandler
                0x0000000008009fec                I2C1_EV_IRQHandler
                0x0000000008009fec                DMA1_Stream6_IRQHandler
                0x0000000008009fec                DMA1_Stream1_IRQHandler
                0x0000000008009fec                UART4_IRQHandler
                0x0000000008009fec                TIM3_IRQHandler
                0x0000000008009fec                RCC_IRQHandler
                0x0000000008009fec                TIM8_BRK_TIM12_IRQHandler
                0x0000000008009fec                Default_Handler
                0x0000000008009fec                EXTI15_10_IRQHandler
                0x0000000008009fec                ADC_IRQHandler
                0x0000000008009fec                DMA1_Stream7_IRQHandler
                0x0000000008009fec                SPI5_IRQHandler
                0x0000000008009fec                TIM7_IRQHandler
                0x0000000008009fec                CAN2_TX_IRQHandler
                0x0000000008009fec                TIM5_IRQHandler
                0x0000000008009fec                DMA2_Stream7_IRQHandler
                0x0000000008009fec                I2C3_EV_IRQHandler
                0x0000000008009fec                EXTI9_5_IRQHandler
                0x0000000008009fec                RTC_WKUP_IRQHandler
                0x0000000008009fec                ETH_WKUP_IRQHandler
                0x0000000008009fec                SPI2_IRQHandler
                0x0000000008009fec                OTG_HS_EP1_IN_IRQHandler
                0x0000000008009fec                DMA1_Stream0_IRQHandler
                0x0000000008009fec                CAN1_TX_IRQHandler
                0x0000000008009fec                EXTI4_IRQHandler
                0x0000000008009fec                ETH_IRQHandler
                0x0000000008009fec                OTG_HS_EP1_OUT_IRQHandler
                0x0000000008009fec                WWDG_IRQHandler
                0x0000000008009fec                SPI6_IRQHandler
                0x0000000008009fec                TIM2_IRQHandler
                0x0000000008009fec                OTG_FS_WKUP_IRQHandler
                0x0000000008009fec                TIM1_TRG_COM_TIM11_IRQHandler
                0x0000000008009fec                EXTI1_IRQHandler
                0x0000000008009fec                UART7_IRQHandler
                0x0000000008009fec                USART2_IRQHandler
                0x0000000008009fec                I2C2_ER_IRQHandler
                0x0000000008009fec                DMA2_Stream1_IRQHandler
                0x0000000008009fec                CAN1_SCE_IRQHandler
                0x0000000008009fec                FLASH_IRQHandler
                0x0000000008009fec                DMA2_Stream4_IRQHandler
                0x0000000008009fec                USART1_IRQHandler
                0x0000000008009fec                OTG_FS_IRQHandler
                0x0000000008009fec                SPI3_IRQHandler
                0x0000000008009fec                DMA1_Stream4_IRQHandler
                0x0000000008009fec                I2C1_ER_IRQHandler
                0x0000000008009fec                FMC_IRQHandler
                0x0000000008009fec                DMA2_Stream6_IRQHandler
                0x0000000008009fec                SAI1_IRQHandler
                0x0000000008009fec                DMA1_Stream3_IRQHandler
 *fill*         0x0000000008009fee        0x2 
 .text.__libc_init_array
                0x0000000008009ff0       0x48 /opt/Atollic_TrueSTUDIO_for_STM32_x86_64_9.3.0/ARMTools/bin/../lib/gcc/arm-atollic-eabi/6.3.1/../../../../arm-atollic-eabi/lib/armv7e-m/fpu/libc_nano.a(lib_a-init.o)
                0x0000000008009ff0                __libc_init_array
 .text.memset   0x000000000800a038       0x10 /opt/Atollic_TrueSTUDIO_for_STM32_x86_64_9.3.0/ARMTools/bin/../lib/gcc/arm-atollic-eabi/6.3.1/../../../../arm-atollic-eabi/lib/armv7e-m/fpu/libc_nano.a(lib_a-memset.o)
                0x000000000800a038                memset
 *(.glue_7)
 .glue_7        0x000000000800a048        0x0 linker stubs
 *(.glue_7t)
 .glue_7t       0x000000000800a048        0x0 linker stubs
 *(.eh_frame)
 .eh_frame      0x000000000800a048        0x0 /opt/Atollic_TrueSTUDIO_for_STM32_x86_64_9.3.0/ARMTools/bin/../lib/gcc/arm-atollic-eabi/6.3.1/armv7e-m/fpu/crtbegin.o
 *(.init)
 .init          0x000000000800a048        0x4 /opt/Atollic_TrueSTUDIO_for_STM32_x86_64_9.3.0/ARMTools/bin/../lib/gcc/arm-atollic-eabi/6.3.1/armv7e-m/fpu/crti.o
                0x000000000800a048                _init
 .init          0x000000000800a04c        0x8 /opt/Atollic_TrueSTUDIO_for_STM32_x86_64_9.3.0/ARMTools/bin/../lib/gcc/arm-atollic-eabi/6.3.1/armv7e-m/fpu/crtn.o
 *(.fini)
 .fini          0x000000000800a054        0x4 /opt/Atollic_TrueSTUDIO_for_STM32_x86_64_9.3.0/ARMTools/bin/../lib/gcc/arm-atollic-eabi/6.3.1/armv7e-m/fpu/crti.o
                0x000000000800a054                _fini
 .fini          0x000000000800a058        0x8 /opt/Atollic_TrueSTUDIO_for_STM32_x86_64_9.3.0/ARMTools/bin/../lib/gcc/arm-atollic-eabi/6.3.1/armv7e-m/fpu/crtn.o
                0x000000000800a060                . = ALIGN (0x4)
                0x000000000800a060                _etext = .

.vfp11_veneer   0x000000000800a060        0x0
 .vfp11_veneer  0x000000000800a060        0x0 linker stubs

.v4_bx          0x000000000800a060        0x0
 .v4_bx         0x000000000800a060        0x0 linker stubs

.iplt           0x000000000800a060        0x0
 .iplt          0x000000000800a060        0x0 /opt/Atollic_TrueSTUDIO_for_STM32_x86_64_9.3.0/ARMTools/bin/../lib/gcc/arm-atollic-eabi/6.3.1/armv7e-m/fpu/crtbegin.o

.rodata         0x000000000800a060     0x26f0
                0x000000000800a060                . = ALIGN (0x4)
 *(.rodata)
 .rodata        0x000000000800a060       0x37 Src/main.o
 *(.rodata*)
 *fill*         0x000000000800a097        0x1 
 .rodata.Font24_Table
                0x000000000800a098     0x1ab8 Drivers/BSP/STM32F429I-Discovery/stm32f429i_discovery_lcd.o
                0x000000000800a098                Font24_Table
 .rodata.Font16_Table
                0x000000000800bb50      0xbe0 Drivers/BSP/STM32F429I-Discovery/stm32f429i_discovery_lcd.o
                0x000000000800bb50                Font16_Table
 .rodata.flagBitshiftOffset.9377
                0x000000000800c730        0x8 Drivers/STM32F4xx_HAL_Driver/Src/stm32f4xx_hal_dma.o
 .rodata.AHBPrescTable
                0x000000000800c738       0x10 Src/system_stm32f4xx.o
                0x000000000800c738                AHBPrescTable
 .rodata.APBPrescTable
                0x000000000800c748        0x8 Src/system_stm32f4xx.o
                0x000000000800c748                APBPrescTable
                0x000000000800c750                . = ALIGN (0x4)

.ARM.extab
 *(.ARM.extab* .gnu.linkonce.armextab.*)

.ARM            0x000000000800c750        0x8
                0x000000000800c750                __exidx_start = .
 *(.ARM.exidx*)
 .ARM.exidx     0x000000000800c750        0x8 /opt/Atollic_TrueSTUDIO_for_STM32_x86_64_9.3.0/ARMTools/bin/../lib/gcc/arm-atollic-eabi/6.3.1/armv7e-m/fpu/libgcc.a(_udivmoddi4.o)
                0x000000000800c758                __exidx_end = .

.rel.dyn        0x000000000800c758        0x0
 .rel.iplt      0x000000000800c758        0x0 /opt/Atollic_TrueSTUDIO_for_STM32_x86_64_9.3.0/ARMTools/bin/../lib/gcc/arm-atollic-eabi/6.3.1/armv7e-m/fpu/crtbegin.o

.preinit_array  0x000000000800c758        0x0
                0x000000000800c758                PROVIDE (__preinit_array_start, .)
 *(.preinit_array*)
                0x000000000800c758                PROVIDE (__preinit_array_end, .)

.init_array     0x000000000800c758        0x4
                0x000000000800c758                PROVIDE (__init_array_start, .)
 *(SORT(.init_array.*))
 *(.init_array*)
 .init_array    0x000000000800c758        0x4 /opt/Atollic_TrueSTUDIO_for_STM32_x86_64_9.3.0/ARMTools/bin/../lib/gcc/arm-atollic-eabi/6.3.1/armv7e-m/fpu/crtbegin.o
                0x000000000800c75c                PROVIDE (__init_array_end, .)

.fini_array     0x000000000800c75c        0x4
                [!provide]                        PROVIDE (__fini_array_start, .)
 *(SORT(.fini_array.*))
 *(.fini_array*)
 .fini_array    0x000000000800c75c        0x4 /opt/Atollic_TrueSTUDIO_for_STM32_x86_64_9.3.0/ARMTools/bin/../lib/gcc/arm-atollic-eabi/6.3.1/armv7e-m/fpu/crtbegin.o
                [!provide]                        PROVIDE (__fini_array_end, .)
                0x000000000800c760                _sidata = LOADADDR (.data)

.data           0x0000000020000000       0x80 load address 0x000000000800c760
                0x0000000020000000                . = ALIGN (0x4)
                0x0000000020000000                _sdata = .
 *(.data)
 *(.data*)
 .data.ili9341_drv
                0x0000000020000000       0x38 Drivers/BSP/Components/ili9341/ili9341.o
                0x0000000020000000                ili9341_drv
 .data.stmpe811_ts_drv
                0x0000000020000038       0x28 Drivers/BSP/Components/stmpe811/stmpe811.o
                0x0000000020000038                stmpe811_ts_drv
 .data.I2cxTimeout
                0x0000000020000060        0x4 Drivers/BSP/STM32F429I-Discovery/stm32f429i_discovery.o
                0x0000000020000060                I2cxTimeout
 .data.SpixTimeout
                0x0000000020000064        0x4 Drivers/BSP/STM32F429I-Discovery/stm32f429i_discovery.o
                0x0000000020000064                SpixTimeout
 .data.Font24   0x0000000020000068        0x8 Drivers/BSP/STM32F429I-Discovery/stm32f429i_discovery_lcd.o
                0x0000000020000068                Font24
 .data.Font16   0x0000000020000070        0x8 Drivers/BSP/STM32F429I-Discovery/stm32f429i_discovery_lcd.o
                0x0000000020000070                Font16
 .data.sdramstatus.9319
                0x0000000020000078        0x1 Drivers/BSP/STM32F429I-Discovery/stm32f429i_discovery_sdram.o
 .data.uwTickFreq
                0x0000000020000079        0x1 Drivers/STM32F4xx_HAL_Driver/Src/stm32f4xx_hal.o
                0x0000000020000079                uwTickFreq
 *fill*         0x000000002000007a        0x2 
 .data.SystemCoreClock
                0x000000002000007c        0x4 Src/system_stm32f4xx.o
                0x000000002000007c                SystemCoreClock
                0x0000000020000080                . = ALIGN (0x4)
                0x0000000020000080                _edata = .
                0x000000000800c7e0                _siccmram = LOADADDR (.ccmram)

.igot.plt       0x0000000020000080        0x0 load address 0x000000000800c7e0
 .igot.plt      0x0000000020000080        0x0 /opt/Atollic_TrueSTUDIO_for_STM32_x86_64_9.3.0/ARMTools/bin/../lib/gcc/arm-atollic-eabi/6.3.1/armv7e-m/fpu/crtbegin.o

.ccmram         0x0000000010000000        0x0 load address 0x000000000800c7e0
                0x0000000010000000                . = ALIGN (0x4)
                0x0000000010000000                _sccmram = .
 *(.ccmram)
 *(.ccmram*)
                0x0000000010000000                . = ALIGN (0x4)
                0x0000000010000000                _eccmram = .
                0x0000000010000000                . = ALIGN (0x4)

.bss            0x0000000020000080      0x818
                0x0000000020000080                _sbss = .
                0x0000000020000080                __bss_start__ = _sbss
 *(.bss)
 .bss           0x0000000020000080       0x1c /opt/Atollic_TrueSTUDIO_for_STM32_x86_64_9.3.0/ARMTools/bin/../lib/gcc/arm-atollic-eabi/6.3.1/armv7e-m/fpu/crtbegin.o
 *(.bss*)
 .bss.stmpe811  0x000000002000009c        0x2 Drivers/BSP/Components/stmpe811/stmpe811.o
                0x000000002000009c                stmpe811
 *fill*         0x000000002000009e        0x2 
 .bss.SpiHandle
                0x00000000200000a0       0x58 Drivers/BSP/STM32F429I-Discovery/stm32f429i_discovery.o
 .bss.Is_LCD_IO_Initialized
                0x00000000200000f8        0x1 Drivers/BSP/STM32F429I-Discovery/stm32f429i_discovery.o
 *fill*         0x00000000200000f9        0x3 
 .bss.Dma2dHandler
                0x00000000200000fc       0x40 Drivers/BSP/STM32F429I-Discovery/stm32f429i_discovery_lcd.o
 .bss.PeriphClkInitStruct
                0x000000002000013c       0x30 Drivers/BSP/STM32F429I-Discovery/stm32f429i_discovery_lcd.o
 .bss.ActiveLayer
                0x000000002000016c        0x4 Drivers/BSP/STM32F429I-Discovery/stm32f429i_discovery_lcd.o
 .bss.DrawProp  0x0000000020000170       0x18 Drivers/BSP/STM32F429I-Discovery/stm32f429i_discovery_lcd.o
 .bss.SdramHandle
                0x0000000020000188       0x34 Drivers/BSP/STM32F429I-Discovery/stm32f429i_discovery_sdram.o
 .bss.Timing    0x00000000200001bc       0x1c Drivers/BSP/STM32F429I-Discovery/stm32f429i_discovery_sdram.o
 .bss.Command   0x00000000200001d8       0x10 Drivers/BSP/STM32F429I-Discovery/stm32f429i_discovery_sdram.o
 .bss.dmaHandle.9354
                0x00000000200001e8       0x60 Drivers/BSP/STM32F429I-Discovery/stm32f429i_discovery_sdram.o
 .bss.TsDrv     0x0000000020000248        0x4 Drivers/BSP/STM32F429I-Discovery/stm32f429i_discovery_ts.o
 .bss.TsXBoundary
                0x000000002000024c        0x2 Drivers/BSP/STM32F429I-Discovery/stm32f429i_discovery_ts.o
 .bss.TsYBoundary
                0x000000002000024e        0x2 Drivers/BSP/STM32F429I-Discovery/stm32f429i_discovery_ts.o
 .bss._x.9541   0x0000000020000250        0x4 Drivers/BSP/STM32F429I-Discovery/stm32f429i_discovery_ts.o
 .bss._y.9542   0x0000000020000254        0x4 Drivers/BSP/STM32F429I-Discovery/stm32f429i_discovery_ts.o
 .bss.FMC_Initialized
                0x0000000020000258        0x4 Src/fmc.o
 *(COMMON)
 COMMON         0x000000002000025c       0x54 Drivers/BSP/STM32F429I-Discovery/stm32f429i_discovery.o
                0x000000002000025c                I2cHandle
 COMMON         0x00000000200002b0       0xac Drivers/BSP/STM32F429I-Discovery/stm32f429i_discovery_lcd.o
                0x00000000200002b0                LtdcHandler
                0x0000000020000358                LcdDrv
 COMMON         0x000000002000035c        0x1 Drivers/BSP/STM32F429I-Discovery/stm32f429i_discovery_ts.o
                0x000000002000035c                detect
 *fill*         0x000000002000035d        0x3 
 COMMON         0x0000000020000360        0x4 Drivers/STM32F4xx_HAL_Driver/Src/stm32f4xx_hal.o
                0x0000000020000360                uwTick
 COMMON         0x0000000020000364        0x8 Src/crc.o
                0x0000000020000364                hcrc
 COMMON         0x000000002000036c       0x40 Src/dma2d.o
                0x000000002000036c                hdma2d
 COMMON         0x00000000200003ac       0x34 Src/fmc.o
                0x00000000200003ac                hsdram1
 COMMON         0x00000000200003e0       0x54 Src/i2c.o
                0x00000000200003e0                hi2c3
 COMMON         0x0000000020000434       0xa8 Src/ltdc.o
                0x0000000020000434                hltdc
 COMMON         0x00000000200004dc       0x1e Src/main.o
                0x00000000200004dc                _100_msec
                0x00000000200004e0                ts
                0x00000000200004e8                _1_sec
                0x00000000200004ec                i
                0x00000000200004f0                button1_press
                0x00000000200004f1                oldbtn
                0x00000000200004f2                button2_press
                0x00000000200004f4                count1
                0x00000000200004f8                button_press
                0x00000000200004f9                btn
 *fill*         0x00000000200004fa        0x2 
 COMMON         0x00000000200004fc       0x58 Src/spi.o
                0x00000000200004fc                hspi5
 COMMON         0x0000000020000554       0x40 Src/stm32f4xx_hal_timebase_tim.o
                0x0000000020000554                htim6
 COMMON         0x0000000020000594       0x40 Src/tim.o
                0x0000000020000594                htim1
 COMMON         0x00000000200005d4      0x2c4 Src/usbh_conf.o
                0x00000000200005d4                hhcd_USB_OTG_HS
                0x0000000020000898                . = ALIGN (0x4)
                0x0000000020000898                _ebss = .
                0x0000000020000898                __bss_end__ = _ebss

._user_heap_stack
                0x0000000020000898      0x600
                0x0000000020000898                . = ALIGN (0x4)
                0x0000000020000898                PROVIDE (end, .)
                [!provide]                        PROVIDE (_end, .)
                0x0000000020000a98                . = (. + _Min_Heap_Size)
 *fill*         0x0000000020000898      0x200 
                0x0000000020000e98                . = (. + _Min_Stack_Size)
 *fill*         0x0000000020000a98      0x400 
                0x0000000020000e98                . = ALIGN (0x4)

/DISCARD/
 libc.a(*)
 libm.a(*)
 libgcc.a(*)

.ARM.attributes
                0x0000000000000000       0x30
 *(.ARM.attributes)
 .ARM.attributes
                0x0000000000000000       0x22 /opt/Atollic_TrueSTUDIO_for_STM32_x86_64_9.3.0/ARMTools/bin/../lib/gcc/arm-atollic-eabi/6.3.1/armv7e-m/fpu/crti.o
 .ARM.attributes
                0x0000000000000022       0x34 /opt/Atollic_TrueSTUDIO_for_STM32_x86_64_9.3.0/ARMTools/bin/../lib/gcc/arm-atollic-eabi/6.3.1/armv7e-m/fpu/crtbegin.o
 .ARM.attributes
                0x0000000000000056       0x39 Drivers/BSP/Components/ili9341/ili9341.o
 .ARM.attributes
                0x000000000000008f       0x39 Drivers/BSP/Components/stmpe811/stmpe811.o
 .ARM.attributes
                0x00000000000000c8       0x39 Drivers/BSP/STM32F429I-Discovery/stm32f429i_discovery.o
 .ARM.attributes
                0x0000000000000101       0x39 Drivers/BSP/STM32F429I-Discovery/stm32f429i_discovery_lcd.o
 .ARM.attributes
                0x000000000000013a       0x39 Drivers/BSP/STM32F429I-Discovery/stm32f429i_discovery_sdram.o
 .ARM.attributes
                0x0000000000000173       0x39 Drivers/BSP/STM32F429I-Discovery/stm32f429i_discovery_ts.o
 .ARM.attributes
                0x00000000000001ac       0x39 Drivers/STM32F4xx_HAL_Driver/Src/stm32f4xx_hal.o
 .ARM.attributes
                0x00000000000001e5       0x39 Drivers/STM32F4xx_HAL_Driver/Src/stm32f4xx_hal_cortex.o
 .ARM.attributes
                0x000000000000021e       0x39 Drivers/STM32F4xx_HAL_Driver/Src/stm32f4xx_hal_crc.o
 .ARM.attributes
                0x0000000000000257       0x39 Drivers/STM32F4xx_HAL_Driver/Src/stm32f4xx_hal_dma.o
 .ARM.attributes
                0x0000000000000290       0x39 Drivers/STM32F4xx_HAL_Driver/Src/stm32f4xx_hal_dma2d.o
 .ARM.attributes
                0x00000000000002c9       0x39 Drivers/STM32F4xx_HAL_Driver/Src/stm32f4xx_hal_gpio.o
 .ARM.attributes
                0x0000000000000302       0x39 Drivers/STM32F4xx_HAL_Driver/Src/stm32f4xx_hal_hcd.o
 .ARM.attributes
                0x000000000000033b       0x39 Drivers/STM32F4xx_HAL_Driver/Src/stm32f4xx_hal_i2c.o
 .ARM.attributes
                0x0000000000000374       0x39 Drivers/STM32F4xx_HAL_Driver/Src/stm32f4xx_hal_i2c_ex.o
 .ARM.attributes
                0x00000000000003ad       0x39 Drivers/STM32F4xx_HAL_Driver/Src/stm32f4xx_hal_ltdc.o
 .ARM.attributes
                0x00000000000003e6       0x39 Drivers/STM32F4xx_HAL_Driver/Src/stm32f4xx_hal_rcc.o
 .ARM.attributes
                0x000000000000041f       0x39 Drivers/STM32F4xx_HAL_Driver/Src/stm32f4xx_hal_rcc_ex.o
 .ARM.attributes
                0x0000000000000458       0x39 Drivers/STM32F4xx_HAL_Driver/Src/stm32f4xx_hal_sdram.o
 .ARM.attributes
                0x0000000000000491       0x39 Drivers/STM32F4xx_HAL_Driver/Src/stm32f4xx_hal_spi.o
 .ARM.attributes
                0x00000000000004ca       0x39 Drivers/STM32F4xx_HAL_Driver/Src/stm32f4xx_hal_tim.o
 .ARM.attributes
                0x0000000000000503       0x39 Drivers/STM32F4xx_HAL_Driver/Src/stm32f4xx_hal_tim_ex.o
 .ARM.attributes
                0x000000000000053c       0x39 Drivers/STM32F4xx_HAL_Driver/Src/stm32f4xx_ll_fmc.o
 .ARM.attributes
                0x0000000000000575       0x39 Drivers/STM32F4xx_HAL_Driver/Src/stm32f4xx_ll_usb.o
 .ARM.attributes
                0x00000000000005ae       0x39 Middlewares/ST/STM32_USB_Host_Library/Core/Src/usbh_core.o
 .ARM.attributes
                0x00000000000005e7       0x39 Middlewares/ST/STM32_USB_Host_Library/Core/Src/usbh_pipes.o
 .ARM.attributes
                0x0000000000000620       0x39 Src/crc.o
 .ARM.attributes
                0x0000000000000659       0x39 Src/dma2d.o
 .ARM.attributes
                0x0000000000000692       0x39 Src/fmc.o
 .ARM.attributes
                0x00000000000006cb       0x39 Src/gpio.o
 .ARM.attributes
                0x0000000000000704       0x39 Src/i2c.o
 .ARM.attributes
                0x000000000000073d       0x39 Src/ltdc.o
 .ARM.attributes
                0x0000000000000776       0x39 Src/main.o
 .ARM.attributes
                0x00000000000007af       0x39 Src/spi.o
 .ARM.attributes
                0x00000000000007e8       0x39 Src/stm32f4xx_hal_msp.o
 .ARM.attributes
                0x0000000000000821       0x39 Src/stm32f4xx_hal_timebase_tim.o
 .ARM.attributes
                0x000000000000085a       0x39 Src/stm32f4xx_it.o
 .ARM.attributes
                0x0000000000000893       0x39 Src/system_stm32f4xx.o
 .ARM.attributes
                0x00000000000008cc       0x39 Src/tim.o
 .ARM.attributes
                0x0000000000000905       0x39 Src/usbh_conf.o
 .ARM.attributes
                0x000000000000093e       0x21 startup/startup_stm32f429xx.o
 .ARM.attributes
                0x000000000000095f       0x34 /opt/Atollic_TrueSTUDIO_for_STM32_x86_64_9.3.0/ARMTools/bin/../lib/gcc/arm-atollic-eabi/6.3.1/../../../../arm-atollic-eabi/lib/armv7e-m/fpu/libc_nano.a(lib_a-init.o)
 .ARM.attributes
                0x0000000000000993       0x34 /opt/Atollic_TrueSTUDIO_for_STM32_x86_64_9.3.0/ARMTools/bin/../lib/gcc/arm-atollic-eabi/6.3.1/../../../../arm-atollic-eabi/lib/armv7e-m/fpu/libc_nano.a(lib_a-memset.o)
 .ARM.attributes
                0x00000000000009c7       0x22 /opt/Atollic_TrueSTUDIO_for_STM32_x86_64_9.3.0/ARMTools/bin/../lib/gcc/arm-atollic-eabi/6.3.1/armv7e-m/fpu/libgcc.a(_aeabi_uldivmod.o)
 .ARM.attributes
                0x00000000000009e9       0x34 /opt/Atollic_TrueSTUDIO_for_STM32_x86_64_9.3.0/ARMTools/bin/../lib/gcc/arm-atollic-eabi/6.3.1/armv7e-m/fpu/libgcc.a(_udivmoddi4.o)
 .ARM.attributes
                0x0000000000000a1d       0x22 /opt/Atollic_TrueSTUDIO_for_STM32_x86_64_9.3.0/ARMTools/bin/../lib/gcc/arm-atollic-eabi/6.3.1/armv7e-m/fpu/libgcc.a(_dvmd_tls.o)
 .ARM.attributes
                0x0000000000000a3f       0x22 /opt/Atollic_TrueSTUDIO_for_STM32_x86_64_9.3.0/ARMTools/bin/../lib/gcc/arm-atollic-eabi/6.3.1/armv7e-m/fpu/crtn.o
OUTPUT(LCD_BUTTON_TS.elf elf32-littlearm)

.debug_info     0x0000000000000000    0x242f4
 .debug_info    0x0000000000000000      0x340 Drivers/BSP/Components/ili9341/ili9341.o
 .debug_info    0x0000000000000340      0xb90 Drivers/BSP/Components/stmpe811/stmpe811.o
 .debug_info    0x0000000000000ed0     0x17f1 Drivers/BSP/STM32F429I-Discovery/stm32f429i_discovery.o
 .debug_info    0x00000000000026c1     0x2146 Drivers/BSP/STM32F429I-Discovery/stm32f429i_discovery_lcd.o
 .debug_info    0x0000000000004807      0xe67 Drivers/BSP/STM32F429I-Discovery/stm32f429i_discovery_sdram.o
 .debug_info    0x000000000000566e      0x597 Drivers/BSP/STM32F429I-Discovery/stm32f429i_discovery_ts.o
 .debug_info    0x0000000000005c05      0x994 Drivers/STM32F4xx_HAL_Driver/Src/stm32f4xx_hal.o
 .debug_info    0x0000000000006599      0xe0d Drivers/STM32F4xx_HAL_Driver/Src/stm32f4xx_hal_cortex.o
 .debug_info    0x00000000000073a6      0x3ef Drivers/STM32F4xx_HAL_Driver/Src/stm32f4xx_hal_crc.o
 .debug_info    0x0000000000007795      0x913 Drivers/STM32F4xx_HAL_Driver/Src/stm32f4xx_hal_dma.o
 .debug_info    0x00000000000080a8      0xe89 Drivers/STM32F4xx_HAL_Driver/Src/stm32f4xx_hal_dma2d.o
 .debug_info    0x0000000000008f31      0x77d Drivers/STM32F4xx_HAL_Driver/Src/stm32f4xx_hal_gpio.o
 .debug_info    0x00000000000096ae      0xde4 Drivers/STM32F4xx_HAL_Driver/Src/stm32f4xx_hal_hcd.o
 .debug_info    0x000000000000a492     0x2329 Drivers/STM32F4xx_HAL_Driver/Src/stm32f4xx_hal_i2c.o
 .debug_info    0x000000000000c7bb      0x6c9 Drivers/STM32F4xx_HAL_Driver/Src/stm32f4xx_hal_i2c_ex.o
 .debug_info    0x000000000000ce84     0x10b2 Drivers/STM32F4xx_HAL_Driver/Src/stm32f4xx_hal_ltdc.o
 .debug_info    0x000000000000df36      0x8be Drivers/STM32F4xx_HAL_Driver/Src/stm32f4xx_hal_rcc.o
 .debug_info    0x000000000000e7f4      0x66a Drivers/STM32F4xx_HAL_Driver/Src/stm32f4xx_hal_rcc_ex.o
 .debug_info    0x000000000000ee5e      0xc47 Drivers/STM32F4xx_HAL_Driver/Src/stm32f4xx_hal_sdram.o
 .debug_info    0x000000000000faa5     0x15e6 Drivers/STM32F4xx_HAL_Driver/Src/stm32f4xx_hal_spi.o
 .debug_info    0x000000000001108b     0x2452 Drivers/STM32F4xx_HAL_Driver/Src/stm32f4xx_hal_tim.o
 .debug_info    0x00000000000134dd     0x1102 Drivers/STM32F4xx_HAL_Driver/Src/stm32f4xx_hal_tim_ex.o
 .debug_info    0x00000000000145df      0xeba Drivers/STM32F4xx_HAL_Driver/Src/stm32f4xx_ll_fmc.o
 .debug_info    0x0000000000015499     0x1888 Drivers/STM32F4xx_HAL_Driver/Src/stm32f4xx_ll_usb.o
 .debug_info    0x0000000000016d21     0x1606 Middlewares/ST/STM32_USB_Host_Library/Core/Src/usbh_core.o
 .debug_info    0x0000000000018327     0x1285 Middlewares/ST/STM32_USB_Host_Library/Core/Src/usbh_pipes.o
 .debug_info    0x00000000000195ac      0x4a8 Src/crc.o
 .debug_info    0x0000000000019a54      0x8e2 Src/dma2d.o
 .debug_info    0x000000000001a336      0x94a Src/fmc.o
 .debug_info    0x000000000001ac80      0x502 Src/gpio.o
 .debug_info    0x000000000001b182      0x9cc Src/i2c.o
 .debug_info    0x000000000001bb4e      0xb37 Src/ltdc.o
 .debug_info    0x000000000001c685     0x208a Src/main.o
 .debug_info    0x000000000001e70f      0x97e Src/spi.o
 .debug_info    0x000000000001f08d      0x32d Src/stm32f4xx_hal_msp.o
 .debug_info    0x000000000001f3ba      0xb28 Src/stm32f4xx_hal_timebase_tim.o
 .debug_info    0x000000000001fee2     0x1179 Src/stm32f4xx_it.o
 .debug_info    0x000000000002105b      0x51f Src/system_stm32f4xx.o
 .debug_info    0x000000000002157a      0xb42 Src/tim.o
 .debug_info    0x00000000000220bc     0x21ab Src/usbh_conf.o
 .debug_info    0x0000000000024267       0x8d startup/startup_stm32f429xx.o

.debug_abbrev   0x0000000000000000     0x4d27
 .debug_abbrev  0x0000000000000000      0x14e Drivers/BSP/Components/ili9341/ili9341.o
 .debug_abbrev  0x000000000000014e      0x1d7 Drivers/BSP/Components/stmpe811/stmpe811.o
 .debug_abbrev  0x0000000000000325      0x275 Drivers/BSP/STM32F429I-Discovery/stm32f429i_discovery.o
 .debug_abbrev  0x000000000000059a      0x2bd Drivers/BSP/STM32F429I-Discovery/stm32f429i_discovery_lcd.o
 .debug_abbrev  0x0000000000000857      0x21a Drivers/BSP/STM32F429I-Discovery/stm32f429i_discovery_sdram.o
 .debug_abbrev  0x0000000000000a71      0x184 Drivers/BSP/STM32F429I-Discovery/stm32f429i_discovery_ts.o
 .debug_abbrev  0x0000000000000bf5      0x1c6 Drivers/STM32F4xx_HAL_Driver/Src/stm32f4xx_hal.o
 .debug_abbrev  0x0000000000000dbb      0x2f5 Drivers/STM32F4xx_HAL_Driver/Src/stm32f4xx_hal_cortex.o
 .debug_abbrev  0x00000000000010b0      0x1b2 Drivers/STM32F4xx_HAL_Driver/Src/stm32f4xx_hal_crc.o
 .debug_abbrev  0x0000000000001262      0x224 Drivers/STM32F4xx_HAL_Driver/Src/stm32f4xx_hal_dma.o
 .debug_abbrev  0x0000000000001486      0x20c Drivers/STM32F4xx_HAL_Driver/Src/stm32f4xx_hal_dma2d.o
 .debug_abbrev  0x0000000000001692      0x1c4 Drivers/STM32F4xx_HAL_Driver/Src/stm32f4xx_hal_gpio.o
 .debug_abbrev  0x0000000000001856      0x250 Drivers/STM32F4xx_HAL_Driver/Src/stm32f4xx_hal_hcd.o
 .debug_abbrev  0x0000000000001aa6      0x24f Drivers/STM32F4xx_HAL_Driver/Src/stm32f4xx_hal_i2c.o
 .debug_abbrev  0x0000000000001cf5      0x168 Drivers/STM32F4xx_HAL_Driver/Src/stm32f4xx_hal_i2c_ex.o
 .debug_abbrev  0x0000000000001e5d      0x204 Drivers/STM32F4xx_HAL_Driver/Src/stm32f4xx_hal_ltdc.o
 .debug_abbrev  0x0000000000002061      0x240 Drivers/STM32F4xx_HAL_Driver/Src/stm32f4xx_hal_rcc.o
 .debug_abbrev  0x00000000000022a1      0x16e Drivers/STM32F4xx_HAL_Driver/Src/stm32f4xx_hal_rcc_ex.o
 .debug_abbrev  0x000000000000240f      0x1f2 Drivers/STM32F4xx_HAL_Driver/Src/stm32f4xx_hal_sdram.o
 .debug_abbrev  0x0000000000002601      0x23b Drivers/STM32F4xx_HAL_Driver/Src/stm32f4xx_hal_spi.o
 .debug_abbrev  0x000000000000283c      0x229 Drivers/STM32F4xx_HAL_Driver/Src/stm32f4xx_hal_tim.o
 .debug_abbrev  0x0000000000002a65      0x217 Drivers/STM32F4xx_HAL_Driver/Src/stm32f4xx_hal_tim_ex.o
 .debug_abbrev  0x0000000000002c7c      0x187 Drivers/STM32F4xx_HAL_Driver/Src/stm32f4xx_ll_fmc.o
 .debug_abbrev  0x0000000000002e03      0x265 Drivers/STM32F4xx_HAL_Driver/Src/stm32f4xx_ll_usb.o
 .debug_abbrev  0x0000000000003068      0x34c Middlewares/ST/STM32_USB_Host_Library/Core/Src/usbh_core.o
 .debug_abbrev  0x00000000000033b4      0x29b Middlewares/ST/STM32_USB_Host_Library/Core/Src/usbh_pipes.o
 .debug_abbrev  0x000000000000364f      0x154 Src/crc.o
 .debug_abbrev  0x00000000000037a3      0x198 Src/dma2d.o
 .debug_abbrev  0x000000000000393b      0x1e0 Src/fmc.o
 .debug_abbrev  0x0000000000003b1b      0x12f Src/gpio.o
 .debug_abbrev  0x0000000000003c4a      0x194 Src/i2c.o
 .debug_abbrev  0x0000000000003dde      0x177 Src/ltdc.o
 .debug_abbrev  0x0000000000003f55      0x22e Src/main.o
 .debug_abbrev  0x0000000000004183      0x194 Src/spi.o
 .debug_abbrev  0x0000000000004317       0xec Src/stm32f4xx_hal_msp.o
 .debug_abbrev  0x0000000000004403      0x196 Src/stm32f4xx_hal_timebase_tim.o
 .debug_abbrev  0x0000000000004599      0x19a Src/stm32f4xx_it.o
 .debug_abbrev  0x0000000000004733      0x10e Src/system_stm32f4xx.o
 .debug_abbrev  0x0000000000004841      0x192 Src/tim.o
 .debug_abbrev  0x00000000000049d3      0x342 Src/usbh_conf.o
 .debug_abbrev  0x0000000000004d15       0x12 startup/startup_stm32f429xx.o

.debug_aranges  0x0000000000000000     0x1e28
 .debug_aranges
                0x0000000000000000       0x60 Drivers/BSP/Components/ili9341/ili9341.o
 .debug_aranges
                0x0000000000000060      0x128 Drivers/BSP/Components/stmpe811/stmpe811.o
 .debug_aranges
                0x0000000000000188      0x138 Drivers/BSP/STM32F429I-Discovery/stm32f429i_discovery.o
 .debug_aranges
                0x00000000000002c0      0x1a8 Drivers/BSP/STM32F429I-Discovery/stm32f429i_discovery_lcd.o
 .debug_aranges
                0x0000000000000468       0x68 Drivers/BSP/STM32F429I-Discovery/stm32f429i_discovery_sdram.o
 .debug_aranges
                0x00000000000004d0       0x40 Drivers/BSP/STM32F429I-Discovery/stm32f429i_discovery_ts.o
 .debug_aranges
                0x0000000000000510      0x100 Drivers/STM32F4xx_HAL_Driver/Src/stm32f4xx_hal.o
 .debug_aranges
                0x0000000000000610      0x118 Drivers/STM32F4xx_HAL_Driver/Src/stm32f4xx_hal_cortex.o
 .debug_aranges
                0x0000000000000728       0x50 Drivers/STM32F4xx_HAL_Driver/Src/stm32f4xx_hal_crc.o
 .debug_aranges
                0x0000000000000778       0x90 Drivers/STM32F4xx_HAL_Driver/Src/stm32f4xx_hal_dma.o
 .debug_aranges
                0x0000000000000808      0x108 Drivers/STM32F4xx_HAL_Driver/Src/stm32f4xx_hal_dma2d.o
 .debug_aranges
                0x0000000000000910       0x58 Drivers/STM32F4xx_HAL_Driver/Src/stm32f4xx_hal_gpio.o
 .debug_aranges
                0x0000000000000968       0xf0 Drivers/STM32F4xx_HAL_Driver/Src/stm32f4xx_hal_hcd.o
 .debug_aranges
                0x0000000000000a58      0x290 Drivers/STM32F4xx_HAL_Driver/Src/stm32f4xx_hal_i2c.o
 .debug_aranges
                0x0000000000000ce8       0x28 Drivers/STM32F4xx_HAL_Driver/Src/stm32f4xx_hal_i2c_ex.o
 .debug_aranges
                0x0000000000000d10      0x158 Drivers/STM32F4xx_HAL_Driver/Src/stm32f4xx_hal_ltdc.o
 .debug_aranges
                0x0000000000000e68       0x88 Drivers/STM32F4xx_HAL_Driver/Src/stm32f4xx_hal_rcc.o
 .debug_aranges
                0x0000000000000ef0       0x58 Drivers/STM32F4xx_HAL_Driver/Src/stm32f4xx_hal_rcc_ex.o
 .debug_aranges
                0x0000000000000f48       0xd0 Drivers/STM32F4xx_HAL_Driver/Src/stm32f4xx_hal_sdram.o
 .debug_aranges
                0x0000000000001018      0x1d0 Drivers/STM32F4xx_HAL_Driver/Src/stm32f4xx_hal_spi.o
 .debug_aranges
                0x00000000000011e8      0x3a8 Drivers/STM32F4xx_HAL_Driver/Src/stm32f4xx_hal_tim.o
 .debug_aranges
                0x0000000000001590      0x150 Drivers/STM32F4xx_HAL_Driver/Src/stm32f4xx_hal_tim_ex.o
 .debug_aranges
                0x00000000000016e0       0xf0 Drivers/STM32F4xx_HAL_Driver/Src/stm32f4xx_ll_fmc.o
 .debug_aranges
                0x00000000000017d0      0x198 Drivers/STM32F4xx_HAL_Driver/Src/stm32f4xx_ll_usb.o
 .debug_aranges
                0x0000000000001968       0xc0 Middlewares/ST/STM32_USB_Host_Library/Core/Src/usbh_core.o
 .debug_aranges
                0x0000000000001a28       0x40 Middlewares/ST/STM32_USB_Host_Library/Core/Src/usbh_pipes.o
 .debug_aranges
                0x0000000000001a68       0x30 Src/crc.o
 .debug_aranges
                0x0000000000001a98       0x30 Src/dma2d.o
 .debug_aranges
                0x0000000000001ac8       0x40 Src/fmc.o
 .debug_aranges
                0x0000000000001b08       0x20 Src/gpio.o
 .debug_aranges
                0x0000000000001b28       0x30 Src/i2c.o
 .debug_aranges
                0x0000000000001b58       0x30 Src/ltdc.o
 .debug_aranges
                0x0000000000001b88       0x48 Src/main.o
 .debug_aranges
                0x0000000000001bd0       0x30 Src/spi.o
 .debug_aranges
                0x0000000000001c00       0x20 Src/stm32f4xx_hal_msp.o
 .debug_aranges
                0x0000000000001c20       0x30 Src/stm32f4xx_hal_timebase_tim.o
 .debug_aranges
                0x0000000000001c50       0x80 Src/stm32f4xx_it.o
 .debug_aranges
                0x0000000000001cd0       0x28 Src/system_stm32f4xx.o
 .debug_aranges
                0x0000000000001cf8       0x30 Src/tim.o
 .debug_aranges
                0x0000000000001d28       0xd8 Src/usbh_conf.o
 .debug_aranges
                0x0000000000001e00       0x28 startup/startup_stm32f429xx.o

.debug_ranges   0x0000000000000000     0x1bc0
 .debug_ranges  0x0000000000000000       0x50 Drivers/BSP/Components/ili9341/ili9341.o
 .debug_ranges  0x0000000000000050      0x118 Drivers/BSP/Components/stmpe811/stmpe811.o
 .debug_ranges  0x0000000000000168      0x128 Drivers/BSP/STM32F429I-Discovery/stm32f429i_discovery.o
 .debug_ranges  0x0000000000000290      0x198 Drivers/BSP/STM32F429I-Discovery/stm32f429i_discovery_lcd.o
 .debug_ranges  0x0000000000000428       0x58 Drivers/BSP/STM32F429I-Discovery/stm32f429i_discovery_sdram.o
 .debug_ranges  0x0000000000000480       0x30 Drivers/BSP/STM32F429I-Discovery/stm32f429i_discovery_ts.o
 .debug_ranges  0x00000000000004b0       0xf0 Drivers/STM32F4xx_HAL_Driver/Src/stm32f4xx_hal.o
 .debug_ranges  0x00000000000005a0      0x108 Drivers/STM32F4xx_HAL_Driver/Src/stm32f4xx_hal_cortex.o
 .debug_ranges  0x00000000000006a8       0x40 Drivers/STM32F4xx_HAL_Driver/Src/stm32f4xx_hal_crc.o
 .debug_ranges  0x00000000000006e8       0x80 Drivers/STM32F4xx_HAL_Driver/Src/stm32f4xx_hal_dma.o
 .debug_ranges  0x0000000000000768       0xf8 Drivers/STM32F4xx_HAL_Driver/Src/stm32f4xx_hal_dma2d.o
 .debug_ranges  0x0000000000000860       0x48 Drivers/STM32F4xx_HAL_Driver/Src/stm32f4xx_hal_gpio.o
 .debug_ranges  0x00000000000008a8       0xe0 Drivers/STM32F4xx_HAL_Driver/Src/stm32f4xx_hal_hcd.o
 .debug_ranges  0x0000000000000988      0x2a0 Drivers/STM32F4xx_HAL_Driver/Src/stm32f4xx_hal_i2c.o
 .debug_ranges  0x0000000000000c28       0x18 Drivers/STM32F4xx_HAL_Driver/Src/stm32f4xx_hal_i2c_ex.o
 .debug_ranges  0x0000000000000c40      0x148 Drivers/STM32F4xx_HAL_Driver/Src/stm32f4xx_hal_ltdc.o
 .debug_ranges  0x0000000000000d88       0x78 Drivers/STM32F4xx_HAL_Driver/Src/stm32f4xx_hal_rcc.o
 .debug_ranges  0x0000000000000e00       0x48 Drivers/STM32F4xx_HAL_Driver/Src/stm32f4xx_hal_rcc_ex.o
 .debug_ranges  0x0000000000000e48       0xc0 Drivers/STM32F4xx_HAL_Driver/Src/stm32f4xx_hal_sdram.o
 .debug_ranges  0x0000000000000f08      0x1c0 Drivers/STM32F4xx_HAL_Driver/Src/stm32f4xx_hal_spi.o
 .debug_ranges  0x00000000000010c8      0x398 Drivers/STM32F4xx_HAL_Driver/Src/stm32f4xx_hal_tim.o
 .debug_ranges  0x0000000000001460      0x140 Drivers/STM32F4xx_HAL_Driver/Src/stm32f4xx_hal_tim_ex.o
 .debug_ranges  0x00000000000015a0       0xe0 Drivers/STM32F4xx_HAL_Driver/Src/stm32f4xx_ll_fmc.o
 .debug_ranges  0x0000000000001680      0x188 Drivers/STM32F4xx_HAL_Driver/Src/stm32f4xx_ll_usb.o
 .debug_ranges  0x0000000000001808       0xb0 Middlewares/ST/STM32_USB_Host_Library/Core/Src/usbh_core.o
 .debug_ranges  0x00000000000018b8       0x30 Middlewares/ST/STM32_USB_Host_Library/Core/Src/usbh_pipes.o
 .debug_ranges  0x00000000000018e8       0x20 Src/crc.o
 .debug_ranges  0x0000000000001908       0x20 Src/dma2d.o
 .debug_ranges  0x0000000000001928       0x30 Src/fmc.o
 .debug_ranges  0x0000000000001958       0x10 Src/gpio.o
 .debug_ranges  0x0000000000001968       0x20 Src/i2c.o
 .debug_ranges  0x0000000000001988       0x20 Src/ltdc.o
 .debug_ranges  0x00000000000019a8       0x38 Src/main.o
 .debug_ranges  0x00000000000019e0       0x20 Src/spi.o
 .debug_ranges  0x0000000000001a00       0x10 Src/stm32f4xx_hal_msp.o
 .debug_ranges  0x0000000000001a10       0x20 Src/stm32f4xx_hal_timebase_tim.o
 .debug_ranges  0x0000000000001a30       0x70 Src/stm32f4xx_it.o
 .debug_ranges  0x0000000000001aa0       0x18 Src/system_stm32f4xx.o
 .debug_ranges  0x0000000000001ab8       0x20 Src/tim.o
 .debug_ranges  0x0000000000001ad8       0xc8 Src/usbh_conf.o
 .debug_ranges  0x0000000000001ba0       0x20 startup/startup_stm32f429xx.o

.debug_line     0x0000000000000000     0xd9a3
 .debug_line    0x0000000000000000      0x26c Drivers/BSP/Components/ili9341/ili9341.o
 .debug_line    0x000000000000026c      0x466 Drivers/BSP/Components/stmpe811/stmpe811.o
 .debug_line    0x00000000000006d2      0x5ab Drivers/BSP/STM32F429I-Discovery/stm32f429i_discovery.o
 .debug_line    0x0000000000000c7d      0x989 Drivers/BSP/STM32F429I-Discovery/stm32f429i_discovery_lcd.o
 .debug_line    0x0000000000001606      0x362 Drivers/BSP/STM32F429I-Discovery/stm32f429i_discovery_sdram.o
 .debug_line    0x0000000000001968      0x2fa Drivers/BSP/STM32F429I-Discovery/stm32f429i_discovery_ts.o
 .debug_line    0x0000000000001c62      0x42a Drivers/STM32F4xx_HAL_Driver/Src/stm32f4xx_hal.o
 .debug_line    0x000000000000208c      0x52a Drivers/STM32F4xx_HAL_Driver/Src/stm32f4xx_hal_cortex.o
 .debug_line    0x00000000000025b6      0x2ae Drivers/STM32F4xx_HAL_Driver/Src/stm32f4xx_hal_crc.o
 .debug_line    0x0000000000002864      0x4dc Drivers/STM32F4xx_HAL_Driver/Src/stm32f4xx_hal_dma.o
 .debug_line    0x0000000000002d40      0x76c Drivers/STM32F4xx_HAL_Driver/Src/stm32f4xx_hal_dma2d.o
 .debug_line    0x00000000000034ac      0x415 Drivers/STM32F4xx_HAL_Driver/Src/stm32f4xx_hal_gpio.o
 .debug_line    0x00000000000038c1      0x6a5 Drivers/STM32F4xx_HAL_Driver/Src/stm32f4xx_hal_hcd.o
 .debug_line    0x0000000000003f66     0x1604 Drivers/STM32F4xx_HAL_Driver/Src/stm32f4xx_hal_i2c.o
 .debug_line    0x000000000000556a      0x245 Drivers/STM32F4xx_HAL_Driver/Src/stm32f4xx_hal_i2c_ex.o
 .debug_line    0x00000000000057af      0xad1 Drivers/STM32F4xx_HAL_Driver/Src/stm32f4xx_hal_ltdc.o
 .debug_line    0x0000000000006280      0x483 Drivers/STM32F4xx_HAL_Driver/Src/stm32f4xx_hal_rcc.o
 .debug_line    0x0000000000006703      0x3ac Drivers/STM32F4xx_HAL_Driver/Src/stm32f4xx_hal_rcc_ex.o
 .debug_line    0x0000000000006aaf      0x584 Drivers/STM32F4xx_HAL_Driver/Src/stm32f4xx_hal_sdram.o
 .debug_line    0x0000000000007033      0xbcf Drivers/STM32F4xx_HAL_Driver/Src/stm32f4xx_hal_spi.o
 .debug_line    0x0000000000007c02     0x1485 Drivers/STM32F4xx_HAL_Driver/Src/stm32f4xx_hal_tim.o
 .debug_line    0x0000000000009087      0x842 Drivers/STM32F4xx_HAL_Driver/Src/stm32f4xx_hal_tim_ex.o
 .debug_line    0x00000000000098c9      0x58e Drivers/STM32F4xx_HAL_Driver/Src/stm32f4xx_ll_fmc.o
 .debug_line    0x0000000000009e57      0x958 Drivers/STM32F4xx_HAL_Driver/Src/stm32f4xx_ll_usb.o
 .debug_line    0x000000000000a7af      0x610 Middlewares/ST/STM32_USB_Host_Library/Core/Src/usbh_core.o
 .debug_line    0x000000000000adbf      0x343 Middlewares/ST/STM32_USB_Host_Library/Core/Src/usbh_pipes.o
 .debug_line    0x000000000000b102      0x210 Src/crc.o
 .debug_line    0x000000000000b312      0x223 Src/dma2d.o
 .debug_line    0x000000000000b535      0x2cc Src/fmc.o
 .debug_line    0x000000000000b801      0x1f5 Src/gpio.o
 .debug_line    0x000000000000b9f6      0x25d Src/i2c.o
 .debug_line    0x000000000000bc53      0x292 Src/ltdc.o
 .debug_line    0x000000000000bee5      0x772 Src/main.o
 .debug_line    0x000000000000c657      0x254 Src/spi.o
 .debug_line    0x000000000000c8ab      0x198 Src/stm32f4xx_hal_msp.o
 .debug_line    0x000000000000ca43      0x256 Src/stm32f4xx_hal_timebase_tim.o
 .debug_line    0x000000000000cc99      0x339 Src/stm32f4xx_it.o
 .debug_line    0x000000000000cfd2      0x1c3 Src/system_stm32f4xx.o
 .debug_line    0x000000000000d195      0x23a Src/tim.o
 .debug_line    0x000000000000d3cf      0x555 Src/usbh_conf.o
 .debug_line    0x000000000000d924       0x7f startup/startup_stm32f429xx.o

.debug_str      0x0000000000000000     0x9189
 .debug_str     0x0000000000000000      0x2bb Drivers/BSP/Components/ili9341/ili9341.o
                                        0x376 (size before relaxing)
 .debug_str     0x00000000000002bb      0x5a3 Drivers/BSP/Components/stmpe811/stmpe811.o
                                        0x818 (size before relaxing)
 .debug_str     0x000000000000085e     0x10cd Drivers/BSP/STM32F429I-Discovery/stm32f429i_discovery.o
                                       0x13b6 (size before relaxing)
 .debug_str     0x000000000000192b      0xc62 Drivers/BSP/STM32F429I-Discovery/stm32f429i_discovery_lcd.o